Archive member included to satisfy reference by file (symbol)

C:\Users\mames\Documents\progetti_stm32\provaMPU6050\eMD6.12\liblibmplmpu_m4_hardfp\liblibmplmpu.a(fast_no_motion.o)
                              ./Core/Src/main.o (inv_enable_fast_nomot)
C:\Users\mames\Documents\progetti_stm32\provaMPU6050\eMD6.12\liblibmplmpu_m4_hardfp\liblibmplmpu.a(fusion_9axis.o)
                              ./Core/Src/main.o (inv_enable_9x_sensor_fusion)
C:\Users\mames\Documents\progetti_stm32\provaMPU6050\eMD6.12\liblibmplmpu_m4_hardfp\liblibmplmpu.a(gyro_tc.o)
                              ./Core/Src/main.o (inv_enable_gyro_tc)
C:\Users\mames\Documents\progetti_stm32\provaMPU6050\eMD6.12\liblibmplmpu_m4_hardfp\liblibmplmpu.a(mag_disturb.o)
                              C:\Users\mames\Documents\progetti_stm32\provaMPU6050\eMD6.12\liblibmplmpu_m4_hardfp\liblibmplmpu.a(fusion_9axis.o) (inv_get_magnetic_disturbance_state)
C:\Users\mames\Documents\progetti_stm32\provaMPU6050\eMD6.12\liblibmplmpu_m4_hardfp\liblibmplmpu.a(quaternion_supervisor.o)
                              ./Core/Src/main.o (inv_enable_quaternion)
c:/st/stm32cubeide_1.7.0/stm32cubeide/plugins/com.st.stm32cube.ide.mcu.externaltools.gnu-tools-for-stm32.9-2020-q2-update.win32_2.0.0.202105311346/tools/bin/../lib/gcc/arm-none-eabi/9.3.1/../../../../arm-none-eabi/lib/thumb/v7e-m+fp/hard\libc_nano.a(lib_a-errno.o)
                              ./Core/Src/syscalls.o (__errno)
c:/st/stm32cubeide_1.7.0/stm32cubeide/plugins/com.st.stm32cube.ide.mcu.externaltools.gnu-tools-for-stm32.9-2020-q2-update.win32_2.0.0.202105311346/tools/bin/../lib/gcc/arm-none-eabi/9.3.1/../../../../arm-none-eabi/lib/thumb/v7e-m+fp/hard\libc_nano.a(lib_a-exit.o)
                              c:/st/stm32cubeide_1.7.0/stm32cubeide/plugins/com.st.stm32cube.ide.mcu.externaltools.gnu-tools-for-stm32.9-2020-q2-update.win32_2.0.0.202105311346/tools/bin/../lib/gcc/arm-none-eabi/9.3.1/../../../../arm-none-eabi/lib/thumb/v7e-m+fp/hard/crt0.o (exit)
c:/st/stm32cubeide_1.7.0/stm32cubeide/plugins/com.st.stm32cube.ide.mcu.externaltools.gnu-tools-for-stm32.9-2020-q2-update.win32_2.0.0.202105311346/tools/bin/../lib/gcc/arm-none-eabi/9.3.1/../../../../arm-none-eabi/lib/thumb/v7e-m+fp/hard\libc_nano.a(lib_a-impure.o)
                              c:/st/stm32cubeide_1.7.0/stm32cubeide/plugins/com.st.stm32cube.ide.mcu.externaltools.gnu-tools-for-stm32.9-2020-q2-update.win32_2.0.0.202105311346/tools/bin/../lib/gcc/arm-none-eabi/9.3.1/../../../../arm-none-eabi/lib/thumb/v7e-m+fp/hard\libc_nano.a(lib_a-exit.o) (_global_impure_ptr)
c:/st/stm32cubeide_1.7.0/stm32cubeide/plugins/com.st.stm32cube.ide.mcu.externaltools.gnu-tools-for-stm32.9-2020-q2-update.win32_2.0.0.202105311346/tools/bin/../lib/gcc/arm-none-eabi/9.3.1/../../../../arm-none-eabi/lib/thumb/v7e-m+fp/hard\libc_nano.a(lib_a-init.o)
                              c:/st/stm32cubeide_1.7.0/stm32cubeide/plugins/com.st.stm32cube.ide.mcu.externaltools.gnu-tools-for-stm32.9-2020-q2-update.win32_2.0.0.202105311346/tools/bin/../lib/gcc/arm-none-eabi/9.3.1/../../../../arm-none-eabi/lib/thumb/v7e-m+fp/hard/crt0.o (__libc_init_array)
c:/st/stm32cubeide_1.7.0/stm32cubeide/plugins/com.st.stm32cube.ide.mcu.externaltools.gnu-tools-for-stm32.9-2020-q2-update.win32_2.0.0.202105311346/tools/bin/../lib/gcc/arm-none-eabi/9.3.1/../../../../arm-none-eabi/lib/thumb/v7e-m+fp/hard\libc_nano.a(lib_a-memcmp.o)
                              ./eMD6.12/Core/driver/eMPL/Src/inv_mpu.o (memcmp)
c:/st/stm32cubeide_1.7.0/stm32cubeide/plugins/com.st.stm32cube.ide.mcu.externaltools.gnu-tools-for-stm32.9-2020-q2-update.win32_2.0.0.202105311346/tools/bin/../lib/gcc/arm-none-eabi/9.3.1/../../../../arm-none-eabi/lib/thumb/v7e-m+fp/hard\libc_nano.a(lib_a-memcpy-stub.o)
                              ./eMD6.12/Core/driver/stm32L/log_stm32.o (memcpy)
c:/st/stm32cubeide_1.7.0/stm32cubeide/plugins/com.st.stm32cube.ide.mcu.externaltools.gnu-tools-for-stm32.9-2020-q2-update.win32_2.0.0.202105311346/tools/bin/../lib/gcc/arm-none-eabi/9.3.1/../../../../arm-none-eabi/lib/thumb/v7e-m+fp/hard\libc_nano.a(lib_a-memmove.o)
                              ./eMD6.12/Core/mllite/Src/start_manager.o (memmove)
c:/st/stm32cubeide_1.7.0/stm32cubeide/plugins/com.st.stm32cube.ide.mcu.externaltools.gnu-tools-for-stm32.9-2020-q2-update.win32_2.0.0.202105311346/tools/bin/../lib/gcc/arm-none-eabi/9.3.1/../../../../arm-none-eabi/lib/thumb/v7e-m+fp/hard\libc_nano.a(lib_a-memset.o)
                              c:/st/stm32cubeide_1.7.0/stm32cubeide/plugins/com.st.stm32cube.ide.mcu.externaltools.gnu-tools-for-stm32.9-2020-q2-update.win32_2.0.0.202105311346/tools/bin/../lib/gcc/arm-none-eabi/9.3.1/../../../../arm-none-eabi/lib/thumb/v7e-m+fp/hard/crt0.o (memset)
[...]
Memory Configuration

Name             Origin             Length             Attributes
RAM              0x0000000020000000 0x0000000000018000 xrw
FLASH            0x0000000008000000 0x0000000000080000 xr
*default*        0x0000000000000000 0xffffffffffffffff

Linker script and memory map

LOAD c:/st/stm32cubeide_1.7.0/stm32cubeide/plugins/com.st.stm32cube.ide.mcu.externaltools.gnu-tools-for-stm32.9-2020-q2-update.win32_2.0.0.202105311346/tools/bin/../lib/gcc/arm-none-eabi/9.3.1/thumb/v7e-m+fp/hard/crti.o
LOAD c:/st/stm32cubeide_1.7.0/stm32cubeide/plugins/com.st.stm32cube.ide.mcu.externaltools.gnu-tools-for-stm32.9-2020-q2-update.win32_2.0.0.202105311346/tools/bin/../lib/gcc/arm-none-eabi/9.3.1/thumb/v7e-m+fp/hard/crtbegin.o
LOAD c:/st/stm32cubeide_1.7.0/stm32cubeide/plugins/com.st.stm32cube.ide.mcu.externaltools.gnu-tools-for-stm32.9-2020-q2-update.win32_2.0.0.202105311346/tools/bin/../lib/gcc/arm-none-eabi/9.3.1/../../../../arm-none-eabi/lib/thumb/v7e-m+fp/hard/crt0.o
LOAD ./Core/Src/main.o
LOAD ./Core/Src/stm32f4xx_hal_msp.o
LOAD ./Core/Src/stm32f4xx_it.o
LOAD ./Core/Src/syscalls.o
LOAD ./Core/Src/sysmem.o
LOAD ./Core/Src/system_stm32f4xx.o
LOAD ./Core/Startup/startup_stm32f401retx.o
LOAD ./Drivers/STM32F4xx_HAL_Driver/Src/stm32f4xx_hal.o
LOAD ./Drivers/STM32F4xx_HAL_Driver/Src/stm32f4xx_hal_cortex.o
LOAD ./Drivers/STM32F4xx_HAL_Driver/Src/stm32f4xx_hal_dma.o
LOAD ./Drivers/STM32F4xx_HAL_Driver/Src/stm32f4xx_hal_dma_ex.o
LOAD ./Drivers/STM32F4xx_HAL_Driver/Src/stm32f4xx_hal_exti.o
LOAD ./Drivers/STM32F4xx_HAL_Driver/Src/stm32f4xx_hal_flash.o
LOAD ./Drivers/STM32F4xx_HAL_Driver/Src/stm32f4xx_hal_flash_ex.o
LOAD ./Drivers/STM32F4xx_HAL_Driver/Src/stm32f4xx_hal_flash_ramfunc.o
LOAD ./Drivers/STM32F4xx_HAL_Driver/Src/stm32f4xx_hal_gpio.o
LOAD ./Drivers/STM32F4xx_HAL_Driver/Src/stm32f4xx_hal_i2c.o
LOAD ./Drivers/STM32F4xx_HAL_Driver/Src/stm32f4xx_hal_i2c_ex.o
LOAD ./Drivers/STM32F4xx_HAL_Driver/Src/stm32f4xx_hal_pwr.o
LOAD ./Drivers/STM32F4xx_HAL_Driver/Src/stm32f4xx_hal_pwr_ex.o
LOAD ./Drivers/STM32F4xx_HAL_Driver/Src/stm32f4xx_hal_rcc.o
LOAD ./Drivers/STM32F4xx_HAL_Driver/Src/stm32f4xx_hal_rcc_ex.o
LOAD ./Drivers/STM32F4xx_HAL_Driver/Src/stm32f4xx_hal_tim.o
LOAD ./Drivers/STM32F4xx_HAL_Driver/Src/stm32f4xx_hal_tim_ex.o
LOAD ./Drivers/STM32F4xx_HAL_Driver/Src/stm32f4xx_hal_uart.o
LOAD ./eMD6.12/Core/driver/eMPL/Src/inv_mpu.o
LOAD ./eMD6.12/Core/driver/eMPL/Src/inv_mpu_dmp_motion_driver.o
LOAD ./eMD6.12/Core/driver/stm32L/log_stm32.o
LOAD ./eMD6.12/Core/eMPL-hal/Src/eMPL_outputs.o
LOAD ./eMD6.12/Core/mllite/Src/data_builder.o
LOAD ./eMD6.12/Core/mllite/Src/hal_outputs.o
LOAD ./eMD6.12/Core/mllite/Src/message_layer.o
LOAD ./eMD6.12/Core/mllite/Src/ml_math_func.o
LOAD ./eMD6.12/Core/mllite/Src/mlmath.o
LOAD ./eMD6.12/Core/mllite/Src/mpl.o
LOAD ./eMD6.12/Core/mllite/Src/results_holder.o
LOAD ./eMD6.12/Core/mllite/Src/start_manager.o
LOAD ./eMD6.12/Core/mllite/Src/storage_manager.o
LOAD C:\Users\mames\Documents\progetti_stm32\provaMPU6050\eMD6.12\liblibmplmpu_m4_hardfp\liblibmplmpu.a
START GROUP
LOAD c:/st/stm32cubeide_1.7.0/stm32cubeide/plugins/com.st.stm32cube.ide.mcu.externaltools.gnu-tools-for-stm32.9-2020-q2-update.win32_2.0.0.202105311346/tools/bin/../lib/gcc/arm-none-eabi/9.3.1/../../../../arm-none-eabi/lib/thumb/v7e-m+fp/hard\libc_nano.a
LOAD c:/st/stm32cubeide_1.7.0/stm32cubeide/plugins/com.st.stm32cube.ide.mcu.externaltools.gnu-tools-for-stm32.9-2020-q2-update.win32_2.0.0.202105311346/tools/bin/../lib/gcc/arm-none-eabi/9.3.1/../../../../arm-none-eabi/lib/thumb/v7e-m+fp/hard\libm.a
END GROUP
START GROUP
LOAD c:/st/stm32cubeide_1.7.0/stm32cubeide/plugins/com.st.stm32cube.ide.mcu.externaltools.gnu-tools-for-stm32.9-2020-q2-update.win32_2.0.0.202105311346/tools/bin/../lib/gcc/arm-none-eabi/9.3.1/thumb/v7e-m+fp/hard\libgcc.a
LOAD c:/st/stm32cubeide_1.7.0/stm32cubeide/plugins/com.st.stm32cube.ide.mcu.externaltools.gnu-tools-for-stm32.9-2020-q2-update.win32_2.0.0.202105311346/tools/bin/../lib/gcc/arm-none-eabi/9.3.1/../../../../arm-none-eabi/lib/thumb/v7e-m+fp/hard\libc_nano.a
END GROUP
START GROUP
LOAD c:/st/stm32cubeide_1.7.0/stm32cubeide/plugins/com.st.stm32cube.ide.mcu.externaltools.gnu-tools-for-stm32.9-2020-q2-update.win32_2.0.0.202105311346/tools/bin/../lib/gcc/arm-none-eabi/9.3.1/thumb/v7e-m+fp/hard\libgcc.a
LOAD c:/st/stm32cubeide_1.7.0/stm32cubeide/plugins/com.st.stm32cube.ide.mcu.externaltools.gnu-tools-for-stm32.9-2020-q2-update.win32_2.0.0.202105311346/tools/bin/../lib/gcc/arm-none-eabi/9.3.1/../../../../arm-none-eabi/lib/thumb/v7e-m+fp/hard\libc_nano.a
LOAD c:/st/stm32cubeide_1.7.0/stm32cubeide/plugins/com.st.stm32cube.ide.mcu.externaltools.gnu-tools-for-stm32.9-2020-q2-update.win32_2.0.0.202105311346/tools/bin/../lib/gcc/arm-none-eabi/9.3.1/../../../../arm-none-eabi/lib/thumb/v7e-m+fp/hard\libnosys.a
END GROUP
START GROUP
LOAD c:/st/stm32cubeide_1.7.0/stm32cubeide/plugins/com.st.stm32cube.ide.mcu.externaltools.gnu-tools-for-stm32.9-2020-q2-update.win32_2.0.0.202105311346/tools/bin/../lib/gcc/arm-none-eabi/9.3.1/thumb/v7e-m+fp/hard\libgcc.a
LOAD c:/st/stm32cubeide_1.7.0/stm32cubeide/plugins/com.st.stm32cube.ide.mcu.externaltools.gnu-tools-for-stm32.9-2020-q2-update.win32_2.0.0.202105311346/tools/bin/../lib/gcc/arm-none-eabi/9.3.1/../../../../arm-none-eabi/lib/thumb/v7e-m+fp/hard\libc_nano.a
LOAD c:/st/stm32cubeide_1.7.0/stm32cubeide/plugins/com.st.stm32cube.ide.mcu.externaltools.gnu-tools-for-stm32.9-2020-q2-update.win32_2.0.0.202105311346/tools/bin/../lib/gcc/arm-none-eabi/9.3.1/../../../../arm-none-eabi/lib/thumb/v7e-m+fp/hard\libnosys.a
END GROUP
LOAD c:/st/stm32cubeide_1.7.0/stm32cubeide/plugins/com.st.stm32cube.ide.mcu.externaltools.gnu-tools-for-stm32.9-2020-q2-update.win32_2.0.0.202105311346/tools/bin/../lib/gcc/arm-none-eabi/9.3.1/thumb/v7e-m+fp/hard/crtend.o
LOAD c:/st/stm32cubeide_1.7.0/stm32cubeide/plugins/com.st.stm32cube.ide.mcu.externaltools.gnu-tools-for-stm32.9-2020-q2-update.win32_2.0.0.202105311346/tools/bin/../lib/gcc/arm-none-eabi/9.3.1/thumb/v7e-m+fp/hard/crtn.o
                0x0000000020018000                _estack = (ORIGIN (RAM) + LENGTH (RAM))
                0x0000000000000200                _Min_Heap_Size = 0x200
                0x0000000000000400                _Min_Stack_Size = 0x400

.isr_vector     0x0000000008000000      0x194
                0x0000000008000000                . = ALIGN (0x4)
 *(.isr_vector)
 .isr_vector    0x0000000008000000      0x194 ./Core/Startup/startup_stm32f401retx.o
                0x0000000008000000                g_pfnVectors
                0x0000000008000194                . = ALIGN (0x4)

.text           0x00000000080001a0    0x12678
                0x00000000080001a0                . = ALIGN (0x4)
 *(.text)
 .text          0x00000000080001a0       0x40 c:/st/stm32cubeide_1.7.0/stm32cubeide/plugins/com.st.stm32cube.ide.mcu.externaltools.gnu-tools-for-stm32.9-2020-q2-update.win32_2.0.0.202105311346/tools/bin/../lib/gcc/arm-none-eabi/9.3.1/thumb/v7e-m+fp/hard/crtbegin.o
 .text          0x00000000080001e0      0xd90 C:\Users\mames\Documents\progetti_stm32\provaMPU6050\eMD6.12\liblibmplmpu_m4_hardfp\liblibmplmpu.a(fast_no_motion.o)
                0x000000000800037c                inv_init_maxmin
                0x0000000008000414                inv_start_fast_nomot
                0x0000000008000454                inv_fast_nomot_parameter
                0x0000000008000460                inv_fast_nomot_parameter_3rd
                0x0000000008000540                inv_fast_nomot_set_gyro_bias
                0x0000000008000610                inv_set_fast_nomot_compass_threshold
                0x000000000800061c                int_set_fast_nomot_gyro_threshold
                0x0000000008000628                inv_set_fast_nomot_accel_threshold
                0x0000000008000634                inv_get_fast_nomot_compass_param
                0x0000000008000654                inv_get_fast_nomot_accel_param
                0x0000000008000674                inv_fast_nomot_store_data
                0x0000000008000714                inv_fast_nomot_store_data_compass
                0x0000000008000760                inv_fast_nomot_reset_data_compass
                0x000000000800078c                inv_fast_nomot_get_time_elaps
                0x0000000008000798                inv_fast_nomot_parameter_compass
                0x00000000080007b0                inv_get_right_shift_by_rounding
                0x0000000008000830                inv_reset_min_max_gyro_accel_statistics
                0x0000000008000864                inv_record_max_moment_in_no_motion_gyro
                0x0000000008000898                inv_record_max_moment_in_no_motion_accel
                0x00000000080008cc                inv_record_min_moment_in_motion_gyro
                0x0000000008000900                inv_record_min_moment_in_motion_accel
                0x0000000008000934                inv_detect_motion_by_gyro_accel
                0x0000000008000a78                inv_sensor_data_preprocess
                0x0000000008000b18                inv_generate_fast_nomot
                0x0000000008000e64                inv_set_default_number_of_samples
                0x0000000008000eb4                inv_init_fast_nomot
                0x0000000008000f1c                inv_stop_fast_nomot
                0x0000000008000f34                inv_enable_fast_nomot
                0x0000000008000f4c                inv_disable_fast_nomot
                0x0000000008000f60                inv_get_fnm_gyro_no_motion_param
                0x0000000008000f6c                inv_fnm_debug_print
 .text          0x0000000008000f70      0x760 C:\Users\mames\Documents\progetti_stm32\provaMPU6050\eMD6.12\liblibmplmpu_m4_hardfp\liblibmplmpu.a(fusion_9axis.o)
                0x0000000008000f70                inv_start_9x_sensor_fusion
                0x0000000008000f80                inv_filter_correction_angle
                0x0000000008001170                inv_perform_9x_fusion
                0x000000000800158c                inv_process_9x_sensor_fusion_cb
                0x0000000008001624                inv_init_9x_fusion
                0x0000000008001660                inv_9x_fusion_set_mag_fb
                0x0000000008001670                inv_9x_fusion_enable_jitter_reduction
                0x0000000008001680                inv_9x_fusion_use_timestamps
                0x0000000008001690                inv_stop_9x_sensor_fusion
                0x000000000800169c                inv_enable_9x_sensor_fusion
                0x00000000080016c0                inv_disable_9x_sensor_fusion
 .text          0x00000000080016d0      0x5a0 C:\Users\mames\Documents\progetti_stm32\provaMPU6050\eMD6.12\liblibmplmpu_m4_hardfp\liblibmplmpu.a(gyro_tc.o)
                0x00000000080016d0                inv_start_gyro_tc
                0x0000000008001b48                inv_init_gyro_ts
                0x0000000008001b80                inv_set_gtc_max_temp
                0x0000000008001b90                inv_set_gtc_min_temp
                0x0000000008001ba0                inv_set_gtc_min_diff
                0x0000000008001bb0                inv_get_gyro_ts
                0x0000000008001bd4                inv_set_gyro_ts
                0x0000000008001bd8                inv_set_gtc_order
                0x0000000008001bf0                inv_print_gtc_data
                0x0000000008001bf4                inv_stop_gyro_tc
                0x0000000008001c00                inv_enable_gyro_tc
                0x0000000008001c40                inv_disable_gyro_tc
 .text          0x0000000008001c70      0x680 C:\Users\mames\Documents\progetti_stm32\provaMPU6050\eMD6.12\liblibmplmpu_m4_hardfp\liblibmplmpu.a(mag_disturb.o)
                0x0000000008001c70                inv_start_magnetic_disturbance
                0x0000000008001c80                inv_set_magnetic_disturbance
                0x0000000008001c98                inv_init_magnetic_disturbance
                0x0000000008001ce4                inv_stop_magnetic_disturbance
                0x0000000008001cf0                inv_enable_magnetic_disturbance
                0x0000000008001d1c                inv_disable_magnetic_disturbance
                0x0000000008001d34                inv_disable_dip_tracking
                0x0000000008001d44                inv_enable_dip_tracking
                0x0000000008001d54                inv_track_dip_angle
                0x0000000008001dec                ComputeAngleVelocity
                0x0000000008001e4c                Mag3ofNormalizedLong
                0x0000000008001ea0                MagDisturbSetDisturbance
                0x0000000008001f20                MagDisturbCheckSettling
                0x0000000008001f78                inv_check_magnetic_disturbance
                0x00000000080022ac                inv_magnetic_disturbance_process
                0x00000000080022e4                inv_get_magnetic_disturbance_state
 .text          0x00000000080022f0      0xa78 C:\Users\mames\Documents\progetti_stm32\provaMPU6050\eMD6.12\liblibmplmpu_m4_hardfp\liblibmplmpu.a(quaternion_supervisor.o)
                0x00000000080023c0                inv_start_quaternion
                0x000000000800252c                inv_generate_gyro_quaternion
                0x0000000008002538                inv_set_quaternion
                0x0000000008002568                inv_generate_accel_gyro_quaternion
                0x0000000008002d00                inv_stop_quaternion
                0x0000000008002d0c                inv_init_quaternion
                0x0000000008002d30                inv_enable_quaternion
                0x0000000008002d48                inv_disable_quaternion
 .text          0x0000000008002d68       0x10 c:/st/stm32cubeide_1.7.0/stm32cubeide/plugins/com.st.stm32cube.ide.mcu.externaltools.gnu-tools-for-stm32.9-2020-q2-update.win32_2.0.0.202105311346/tools/bin/../lib/gcc/arm-none-eabi/9.3.1/../../../../arm-none-eabi/lib/thumb/v7e-m+fp/hard\libc_nano.a(lib_a-strlen.o)
                0x0000000008002d68                strlen
 *fill*         0x0000000008002d78        0x8 
 .text          0x0000000008002d80       0xa0 c:/st/stm32cubeide_1.7.0/stm32cubeide/plugins/com.st.stm32cube.ide.mcu.externaltools.gnu-tools-for-stm32.9-2020-q2-update.win32_2.0.0.202105311346/tools/bin/../lib/gcc/arm-none-eabi/9.3.1/../../../../arm-none-eabi/lib/thumb/v7e-m+fp/hard\libc_nano.a(lib_a-memchr.o)
                0x0000000008002d80                memchr
 .text          0x0000000008002e20      0x378 c:/st/stm32cubeide_1.7.0/stm32cubeide/plugins/com.st.stm32cube.ide.mcu.externaltools.gnu-tools-for-stm32.9-2020-q2-update.win32_2.0.0.202105311346/tools/bin/../lib/gcc/arm-none-eabi/9.3.1/thumb/v7e-m+fp/hard\libgcc.a(_arm_addsubdf3.o)
                0x0000000008002e20                __aeabi_drsub
                0x0000000008002e28                __aeabi_dsub
                0x0000000008002e28                __subdf3
                0x0000000008002e2c                __aeabi_dadd
                0x0000000008002e2c                __adddf3
                0x00000000080030a4                __floatunsidf
                0x00000000080030a4                __aeabi_ui2d
                0x00000000080030c4                __floatsidf
                0x00000000080030c4                __aeabi_i2d
                0x00000000080030e8                __aeabi_f2d
                0x00000000080030e8                __extendsfdf2
                0x000000000800312c                __floatundidf
                0x000000000800312c                __aeabi_ul2d
                0x000000000800313c                __floatdidf
                0x000000000800313c                __aeabi_l2d
 .text          0x0000000008003198      0x424 c:/st/stm32cubeide_1.7.0/stm32cubeide/plugins/com.st.stm32cube.ide.mcu.externaltools.gnu-tools-for-stm32.9-2020-q2-update.win32_2.0.0.202105311346/tools/bin/../lib/gcc/arm-none-eabi/9.3.1/thumb/v7e-m+fp/hard\libgcc.a(_arm_muldivdf3.o)
                0x0000000008003198                __aeabi_dmul
                0x0000000008003198                __muldf3
                0x00000000080033ec                __divdf3
                0x00000000080033ec                __aeabi_ddiv
 .text          0x00000000080035bc      0x110 c:/st/stm32cubeide_1.7.0/stm32cubeide/plugins/com.st.stm32cube.ide.mcu.externaltools.gnu-tools-for-stm32.9-2020-q2-update.win32_2.0.0.202105311346/tools/bin/../lib/gcc/arm-none-eabi/9.3.1/thumb/v7e-m+fp/hard\libgcc.a(_arm_cmpdf2.o)
                0x00000000080035bc                __gtdf2
                0x00000000080035bc                __gedf2
                0x00000000080035c4                __ltdf2
                0x00000000080035c4                __ledf2
                0x00000000080035cc                __nedf2
                0x00000000080035cc                __eqdf2
                0x00000000080035cc                __cmpdf2
                0x0000000008003648                __aeabi_cdrcmple
                0x0000000008003658                __aeabi_cdcmpeq
                0x0000000008003658                __aeabi_cdcmple
                0x0000000008003668                __aeabi_dcmpeq
                0x000000000800367c                __aeabi_dcmplt
                0x0000000008003690                __aeabi_dcmple
                0x00000000080036a4                __aeabi_dcmpge
                0x00000000080036b8                __aeabi_dcmpgt
 .text          0x00000000080036cc       0x2c c:/st/stm32cubeide_1.7.0/stm32cubeide/plugins/com.st.stm32cube.ide.mcu.externaltools.gnu-tools-for-stm32.9-2020-q2-update.win32_2.0.0.202105311346/tools/bin/../lib/gcc/arm-none-eabi/9.3.1/thumb/v7e-m+fp/hard\libgcc.a(_arm_unorddf2.o)
                0x00000000080036cc                __unorddf2
                0x00000000080036cc                __aeabi_dcmpun
 .text          0x00000000080036f8       0x50 c:/st/stm32cubeide_1.7.0/stm32cubeide/plugins/com.st.stm32cube.ide.mcu.externaltools.gnu-tools-for-stm32.9-2020-q2-update.win32_2.0.0.202105311346/tools/bin/../lib/gcc/arm-none-eabi/9.3.1/thumb/v7e-m+fp/hard\libgcc.a(_arm_fixdfsi.o)
                0x00000000080036f8                __aeabi_d2iz
                0x00000000080036f8                __fixdfsi
 .text          0x0000000008003748       0xa0 c:/st/stm32cubeide_1.7.0/stm32cubeide/plugins/com.st.stm32cube.ide.mcu.externaltools.gnu-tools-for-stm32.9-2020-q2-update.win32_2.0.0.202105311346/tools/bin/../lib/gcc/arm-none-eabi/9.3.1/thumb/v7e-m+fp/hard\libgcc.a(_arm_truncdfsf2.o)
                0x0000000008003748                __truncdfsf2
                0x0000000008003748                __aeabi_d2f
 .text          0x00000000080037e8      0x21c c:/st/stm32cubeide_1.7.0/stm32cubeide/plugins/com.st.stm32cube.ide.mcu.externaltools.gnu-tools-for-stm32.9-2020-q2-update.win32_2.0.0.202105311346/tools/bin/../lib/gcc/arm-none-eabi/9.3.1/thumb/v7e-m+fp/hard\libgcc.a(_arm_addsubsf3.o)
                0x00000000080037e8                __aeabi_frsub
                0x00000000080037f0                __subsf3
                0x00000000080037f0                __aeabi_fsub
                0x00000000080037f4                __aeabi_fadd
                0x00000000080037f4                __addsf3
                0x0000000008003954                __aeabi_ui2f
                0x0000000008003954                __floatunsisf
                0x000000000800395c                __aeabi_i2f
                0x000000000800395c                __floatsisf
                0x0000000008003978                __aeabi_ul2f
                0x0000000008003978                __floatundisf
                0x0000000008003988                __aeabi_l2f
                0x0000000008003988                __floatdisf
 .text          0x0000000008003a04       0xa0 c:/st/stm32cubeide_1.7.0/stm32cubeide/plugins/com.st.stm32cube.ide.mcu.externaltools.gnu-tools-for-stm32.9-2020-q2-update.win32_2.0.0.202105311346/tools/bin/../lib/gcc/arm-none-eabi/9.3.1/thumb/v7e-m+fp/hard\libgcc.a(_aeabi_ldivmod.o)
                0x0000000008003a04                __aeabi_ldivmod
 .text          0x0000000008003aa4       0x30 c:/st/stm32cubeide_1.7.0/stm32cubeide/plugins/com.st.stm32cube.ide.mcu.externaltools.gnu-tools-for-stm32.9-2020-q2-update.win32_2.0.0.202105311346/tools/bin/../lib/gcc/arm-none-eabi/9.3.1/thumb/v7e-m+fp/hard\libgcc.a(_aeabi_uldivmod.o)
                0x0000000008003aa4                __aeabi_uldivmod
 .text          0x0000000008003ad4       0x28 c:/st/stm32cubeide_1.7.0/stm32cubeide/plugins/com.st.stm32cube.ide.mcu.externaltools.gnu-tools-for-stm32.9-2020-q2-update.win32_2.0.0.202105311346/tools/bin/../lib/gcc/arm-none-eabi/9.3.1/thumb/v7e-m+fp/hard\libgcc.a(_fixsfdi.o)
                0x0000000008003ad4                __fixsfdi
                0x0000000008003ad4                __aeabi_f2lz
 .text          0x0000000008003afc       0x40 c:/st/stm32cubeide_1.7.0/stm32cubeide/plugins/com.st.stm32cube.ide.mcu.externaltools.gnu-tools-for-stm32.9-2020-q2-update.win32_2.0.0.202105311346/tools/bin/../lib/gcc/arm-none-eabi/9.3.1/thumb/v7e-m+fp/hard\libgcc.a(_fixunssfdi.o)
                0x0000000008003afc                __fixunssfdi
                0x0000000008003afc                __aeabi_f2ulz
 .text          0x0000000008003b3c      0x2c4 c:/st/stm32cubeide_1.7.0/stm32cubeide/plugins/com.st.stm32cube.ide.mcu.externaltools.gnu-tools-for-stm32.9-2020-q2-update.win32_2.0.0.202105311346/tools/bin/../lib/gcc/arm-none-eabi/9.3.1/thumb/v7e-m+fp/hard\libgcc.a(_udivmoddi4.o)
                0x0000000008003b3c                __udivmoddi4
 .text          0x0000000008003e00        0x4 c:/st/stm32cubeide_1.7.0/stm32cubeide/plugins/com.st.stm32cube.ide.mcu.externaltools.gnu-tools-for-stm32.9-2020-q2-update.win32_2.0.0.202105311346/tools/bin/../lib/gcc/arm-none-eabi/9.3.1/thumb/v7e-m+fp/hard\libgcc.a(_dvmd_tls.o)
                0x0000000008003e00                __aeabi_idiv0
                0x0000000008003e00                __aeabi_ldiv0
 .text          0x0000000008003e04       0x40 c:/st/stm32cubeide_1.7.0/stm32cubeide/plugins/com.st.stm32cube.ide.mcu.externaltools.gnu-tools-for-stm32.9-2020-q2-update.win32_2.0.0.202105311346/tools/bin/../lib/gcc/arm-none-eabi/9.3.1/thumb/v7e-m+fp/hard\libgcc.a(_arm_fixunsdfsi.o)
                0x0000000008003e04                __aeabi_d2uiz
                0x0000000008003e04                __fixunsdfsi
 *(.text*)
 .text.checkMPUI2C
                0x0000000008003e44       0xbc ./Core/Src/main.o
                0x0000000008003e44                checkMPUI2C
 .text.initMPU  0x0000000008003f00      0x1bc ./Core/Src/main.o
                0x0000000008003f00                initMPU
 .text.run_self_test
                0x00000000080040bc      0x20c ./Core/Src/main.o
 .text.main     0x00000000080042c8      0x4ac ./Core/Src/main.o
                0x00000000080042c8                main
 .text.SystemClock_Config
                0x0000000008004774       0xd8 ./Core/Src/main.o
                0x0000000008004774                SystemClock_Config
 .text.MX_I2C1_Init
                0x000000000800484c       0x5c ./Core/Src/main.o
 .text.MX_USART2_UART_Init
                0x00000000080048a8       0x54 ./Core/Src/main.o
 .text.MX_GPIO_Init
                0x00000000080048fc       0x50 ./Core/Src/main.o
 .text.Error_Handler
                0x000000000800494c        0xa ./Core/Src/main.o
                0x000000000800494c                Error_Handler
 *fill*         0x0000000008004956        0x2 
 .text.HAL_MspInit
                0x0000000008004958       0x50 ./Core/Src/stm32f4xx_hal_msp.o
                0x0000000008004958                HAL_MspInit
 .text.HAL_I2C_MspInit
                0x00000000080049a8       0x90 ./Core/Src/stm32f4xx_hal_msp.o
                0x00000000080049a8                HAL_I2C_MspInit
 .text.HAL_UART_MspInit
                0x0000000008004a38       0xa0 ./Core/Src/stm32f4xx_hal_msp.o
                0x0000000008004a38                HAL_UART_MspInit
 .text.NMI_Handler
                0x0000000008004ad8        0x6 ./Core/Src/stm32f4xx_it.o
                0x0000000008004ad8                NMI_Handler
 .text.HardFault_Handler
                0x0000000008004ade        0x6 ./Core/Src/stm32f4xx_it.o
                0x0000000008004ade                HardFault_Handler
 .text.MemManage_Handler
                0x0000000008004ae4        0x6 ./Core/Src/stm32f4xx_it.o
                0x0000000008004ae4                MemManage_Handler
 .text.BusFault_Handler
                0x0000000008004aea        0x6 ./Core/Src/stm32f4xx_it.o
                0x0000000008004aea                BusFault_Handler
 .text.UsageFault_Handler
                0x0000000008004af0        0x6 ./Core/Src/stm32f4xx_it.o
                0x0000000008004af0                UsageFault_Handler
 .text.SVC_Handler
                0x0000000008004af6        0xe ./Core/Src/stm32f4xx_it.o
                0x0000000008004af6                SVC_Handler
 .text.DebugMon_Handler
                0x0000000008004b04        0xe ./Core/Src/stm32f4xx_it.o
                0x0000000008004b04                DebugMon_Handler
 .text.PendSV_Handler
                0x0000000008004b12        0xe ./Core/Src/stm32f4xx_it.o
                0x0000000008004b12                PendSV_Handler
 .text.SysTick_Handler
                0x0000000008004b20        0xc ./Core/Src/stm32f4xx_it.o
                0x0000000008004b20                SysTick_Handler
 .text.USART2_IRQHandler
                0x0000000008004b2c       0x14 ./Core/Src/stm32f4xx_it.o
                0x0000000008004b2c                USART2_IRQHandler
 .text._getpid  0x0000000008004b40       0x10 ./Core/Src/syscalls.o
                0x0000000008004b40                _getpid
 .text._kill    0x0000000008004b50       0x20 ./Core/Src/syscalls.o
                0x0000000008004b50                _kill
 .text._exit    0x0000000008004b70       0x14 ./Core/Src/syscalls.o
                0x0000000008004b70                _exit
 .text._read    0x0000000008004b84       0x3a ./Core/Src/syscalls.o
                0x0000000008004b84                _read
 .text._write   0x0000000008004bbe       0x38 ./Core/Src/syscalls.o
                0x0000000008004bbe                _write
 .text._close   0x0000000008004bf6       0x18 ./Core/Src/syscalls.o
                0x0000000008004bf6                _close
 .text._fstat   0x0000000008004c0e       0x20 ./Core/Src/syscalls.o
                0x0000000008004c0e                _fstat
 .text._isatty  0x0000000008004c2e       0x16 ./Core/Src/syscalls.o
                0x0000000008004c2e                _isatty
 .text._lseek   0x0000000008004c44       0x1a ./Core/Src/syscalls.o
                0x0000000008004c44                _lseek
 *fill*         0x0000000008004c5e        0x2 
 .text._sbrk    0x0000000008004c60       0x6c ./Core/Src/sysmem.o
                0x0000000008004c60                _sbrk
 .text.SystemInit
                0x0000000008004ccc       0x24 ./Core/Src/system_stm32f4xx.o
                0x0000000008004ccc                SystemInit
 .text.Reset_Handler
                0x0000000008004cf0       0x50 ./Core/Startup/startup_stm32f401retx.o
                0x0000000008004cf0                Reset_Handler
 .text.Default_Handler
                0x0000000008004d40        0x2 ./Core/Startup/startup_stm32f401retx.o
                0x0000000008004d40                RTC_Alarm_IRQHandler
                0x0000000008004d40                EXTI2_IRQHandler
                0x0000000008004d40                SPI4_IRQHandler
                0x0000000008004d40                TIM1_CC_IRQHandler
                0x0000000008004d40                DMA2_Stream5_IRQHandler
                0x0000000008004d40                DMA1_Stream5_IRQHandler
                0x0000000008004d40                PVD_IRQHandler
                0x0000000008004d40                SDIO_IRQHandler
                0x0000000008004d40                TAMP_STAMP_IRQHandler
                0x0000000008004d40                EXTI3_IRQHandler
                0x0000000008004d40                TIM1_UP_TIM10_IRQHandler
                0x0000000008004d40                I2C3_ER_IRQHandler
                0x0000000008004d40                EXTI0_IRQHandler
                0x0000000008004d40                I2C2_EV_IRQHandler
                0x0000000008004d40                DMA1_Stream2_IRQHandler
                0x0000000008004d40                FPU_IRQHandler
                0x0000000008004d40                DMA2_Stream2_IRQHandler
                0x0000000008004d40                SPI1_IRQHandler
                0x0000000008004d40                TIM1_BRK_TIM9_IRQHandler
                0x0000000008004d40                DMA2_Stream3_IRQHandler
                0x0000000008004d40                USART6_IRQHandler
                0x0000000008004d40                DMA2_Stream0_IRQHandler
                0x0000000008004d40                TIM4_IRQHandler
                0x0000000008004d40                I2C1_EV_IRQHandler
                0x0000000008004d40                DMA1_Stream6_IRQHandler
                0x0000000008004d40                DMA1_Stream1_IRQHandler
                0x0000000008004d40                TIM3_IRQHandler
                0x0000000008004d40                RCC_IRQHandler
                0x0000000008004d40                Default_Handler
                0x0000000008004d40                EXTI15_10_IRQHandler
                0x0000000008004d40                ADC_IRQHandler
                0x0000000008004d40                DMA1_Stream7_IRQHandler
                0x0000000008004d40                TIM5_IRQHandler
                0x0000000008004d40                DMA2_Stream7_IRQHandler
                0x0000000008004d40                I2C3_EV_IRQHandler
                0x0000000008004d40                EXTI9_5_IRQHandler
                0x0000000008004d40                RTC_WKUP_IRQHandler
                0x0000000008004d40                SPI2_IRQHandler
                0x0000000008004d40                DMA1_Stream0_IRQHandler
                0x0000000008004d40                EXTI4_IRQHandler
                0x0000000008004d40                WWDG_IRQHandler
                0x0000000008004d40                TIM2_IRQHandler
                0x0000000008004d40                OTG_FS_WKUP_IRQHandler
                0x0000000008004d40                TIM1_TRG_COM_TIM11_IRQHandler
                0x0000000008004d40                EXTI1_IRQHandler
                0x0000000008004d40                I2C2_ER_IRQHandler
                0x0000000008004d40                DMA2_Stream1_IRQHandler
                0x0000000008004d40                FLASH_IRQHandler
                0x0000000008004d40                DMA2_Stream4_IRQHandler
                0x0000000008004d40                USART1_IRQHandler
                0x0000000008004d40                OTG_FS_IRQHandler
                0x0000000008004d40                SPI3_IRQHandler
                0x0000000008004d40                DMA1_Stream4_IRQHandler
                0x0000000008004d40                I2C1_ER_IRQHandler
                0x0000000008004d40                DMA2_Stream6_IRQHandler
                0x0000000008004d40                DMA1_Stream3_IRQHandler
 *fill*         0x0000000008004d42        0x2 
 .text.HAL_Init
                0x0000000008004d44       0x44 ./Drivers/STM32F4xx_HAL_Driver/Src/stm32f4xx_hal.o
                0x0000000008004d44                HAL_Init
 .text.HAL_InitTick
                0x0000000008004d88       0x60 ./Drivers/STM32F4xx_HAL_Driver/Src/stm32f4xx_hal.o
                0x0000000008004d88                HAL_InitTick
 .text.HAL_IncTick
                0x0000000008004de8       0x28 ./Drivers/STM32F4xx_HAL_Driver/Src/stm32f4xx_hal.o
                0x0000000008004de8                HAL_IncTick
 .text.HAL_GetTick
                0x0000000008004e10       0x18 ./Drivers/STM32F4xx_HAL_Driver/Src/stm32f4xx_hal.o
                0x0000000008004e10                HAL_GetTick
 .text.HAL_Delay
                0x0000000008004e28       0x48 ./Drivers/STM32F4xx_HAL_Driver/Src/stm32f4xx_hal.o
                0x0000000008004e28                HAL_Delay
 .text.__NVIC_SetPriorityGrouping
                0x0000000008004e70       0x48 ./Drivers/STM32F4xx_HAL_Driver/Src/stm32f4xx_hal_cortex.o
 .text.__NVIC_GetPriorityGrouping
                0x0000000008004eb8       0x1c ./Drivers/STM32F4xx_HAL_Driver/Src/stm32f4xx_hal_cortex.o
 .text.__NVIC_EnableIRQ
                0x0000000008004ed4       0x3c ./Drivers/STM32F4xx_HAL_Driver/Src/stm32f4xx_hal_cortex.o
 .text.__NVIC_SetPriority
                0x0000000008004f10       0x54 ./Drivers/STM32F4xx_HAL_Driver/Src/stm32f4xx_hal_cortex.o
 .text.NVIC_EncodePriority
                0x0000000008004f64       0x66 ./Drivers/STM32F4xx_HAL_Driver/Src/stm32f4xx_hal_cortex.o
 *fill*         0x0000000008004fca        0x2 
 .text.SysTick_Config
                0x0000000008004fcc       0x44 ./Drivers/STM32F4xx_HAL_Driver/Src/stm32f4xx_hal_cortex.o
 .text.HAL_NVIC_SetPriorityGrouping
                0x0000000008005010       0x16 ./Drivers/STM32F4xx_HAL_Driver/Src/stm32f4xx_hal_cortex.o
                0x0000000008005010                HAL_NVIC_SetPriorityGrouping
 .text.HAL_NVIC_SetPriority
                0x0000000008005026       0x38 ./Drivers/STM32F4xx_HAL_Driver/Src/stm32f4xx_hal_cortex.o
                0x0000000008005026                HAL_NVIC_SetPriority
 .text.HAL_NVIC_EnableIRQ
                0x000000000800505e       0x1c ./Drivers/STM32F4xx_HAL_Driver/Src/stm32f4xx_hal_cortex.o
                0x000000000800505e                HAL_NVIC_EnableIRQ
 .text.HAL_SYSTICK_Config
                0x000000000800507a       0x18 ./Drivers/STM32F4xx_HAL_Driver/Src/stm32f4xx_hal_cortex.o
                0x000000000800507a                HAL_SYSTICK_Config
 .text.HAL_DMA_Abort
                0x0000000008005092       0xe0 ./Drivers/STM32F4xx_HAL_Driver/Src/stm32f4xx_hal_dma.o
                0x0000000008005092                HAL_DMA_Abort
 .text.HAL_DMA_Abort_IT
                0x0000000008005172       0x44 ./Drivers/STM32F4xx_HAL_Driver/Src/stm32f4xx_hal_dma.o
                0x0000000008005172                HAL_DMA_Abort_IT
 *fill*         0x00000000080051b6        0x2 
 .text.HAL_GPIO_Init
                0x00000000080051b8      0x308 ./Drivers/STM32F4xx_HAL_Driver/Src/stm32f4xx_hal_gpio.o
                0x00000000080051b8                HAL_GPIO_Init
 .text.HAL_I2C_Init
                0x00000000080054c0      0x288 ./Drivers/STM32F4xx_HAL_Driver/Src/stm32f4xx_hal_i2c.o
                0x00000000080054c0                HAL_I2C_Init
 .text.HAL_I2C_Mem_Write
                0x0000000008005748      0x1f4 ./Drivers/STM32F4xx_HAL_Driver/Src/stm32f4xx_hal_i2c.o
                0x0000000008005748                HAL_I2C_Mem_Write
 .text.HAL_I2C_Mem_Read
                0x000000000800593c      0x44c ./Drivers/STM32F4xx_HAL_Driver/Src/stm32f4xx_hal_i2c.o
                0x000000000800593c                HAL_I2C_Mem_Read
 .text.I2C_RequestMemoryWrite
                0x0000000008005d88      0x12c ./Drivers/STM32F4xx_HAL_Driver/Src/stm32f4xx_hal_i2c.o
 .text.I2C_RequestMemoryRead
                0x0000000008005eb4      0x1d0 ./Drivers/STM32F4xx_HAL_Driver/Src/stm32f4xx_hal_i2c.o
 .text.I2C_WaitOnFlagUntilTimeout
                0x0000000008006084       0xae ./Drivers/STM32F4xx_HAL_Driver/Src/stm32f4xx_hal_i2c.o
 .text.I2C_WaitOnMasterAddressFlagUntilTimeout
                0x0000000008006132       0xfe ./Drivers/STM32F4xx_HAL_Driver/Src/stm32f4xx_hal_i2c.o
 .text.I2C_WaitOnTXEFlagUntilTimeout
                0x0000000008006230       0x82 ./Drivers/STM32F4xx_HAL_Driver/Src/stm32f4xx_hal_i2c.o
 .text.I2C_WaitOnBTFFlagUntilTimeout
                0x00000000080062b2       0x82 ./Drivers/STM32F4xx_HAL_Driver/Src/stm32f4xx_hal_i2c.o
 .text.I2C_WaitOnRXNEFlagUntilTimeout
                0x0000000008006334       0xac ./Drivers/STM32F4xx_HAL_Driver/Src/stm32f4xx_hal_i2c.o
 .text.I2C_IsAcknowledgeFailed
                0x00000000080063e0       0x5e ./Drivers/STM32F4xx_HAL_Driver/Src/stm32f4xx_hal_i2c.o
 *fill*         0x000000000800643e        0x2 
 .text.HAL_RCC_OscConfig
                0x0000000008006440      0x4f0 ./Drivers/STM32F4xx_HAL_Driver/Src/stm32f4xx_hal_rcc.o
                0x0000000008006440                HAL_RCC_OscConfig
 .text.HAL_RCC_ClockConfig
                0x0000000008006930      0x1cc ./Drivers/STM32F4xx_HAL_Driver/Src/stm32f4xx_hal_rcc.o
                0x0000000008006930                HAL_RCC_ClockConfig
 .text.HAL_RCC_GetSysClockFreq
                0x0000000008006afc      0x1c4 ./Drivers/STM32F4xx_HAL_Driver/Src/stm32f4xx_hal_rcc.o
                0x0000000008006afc                HAL_RCC_GetSysClockFreq
 .text.HAL_RCC_GetHCLKFreq
                0x0000000008006cc0       0x18 ./Drivers/STM32F4xx_HAL_Driver/Src/stm32f4xx_hal_rcc.o
                0x0000000008006cc0                HAL_RCC_GetHCLKFreq
 .text.HAL_RCC_GetPCLK1Freq
                0x0000000008006cd8       0x28 ./Drivers/STM32F4xx_HAL_Driver/Src/stm32f4xx_hal_rcc.o
                0x0000000008006cd8                HAL_RCC_GetPCLK1Freq
 .text.HAL_RCC_GetPCLK2Freq
                0x0000000008006d00       0x28 ./Drivers/STM32F4xx_HAL_Driver/Src/stm32f4xx_hal_rcc.o
                0x0000000008006d00                HAL_RCC_GetPCLK2Freq
 .text.HAL_UART_Init
                0x0000000008006d28       0x9a ./Drivers/STM32F4xx_HAL_Driver/Src/stm32f4xx_hal_uart.o
                0x0000000008006d28                HAL_UART_Init
 .text.HAL_UART_Transmit
                0x0000000008006dc2      0x124 ./Drivers/STM32F4xx_HAL_Driver/Src/stm32f4xx_hal_uart.o
                0x0000000008006dc2                HAL_UART_Transmit
 *fill*         0x0000000008006ee6        0x2 
 .text.HAL_UART_IRQHandler
                0x0000000008006ee8      0x51c ./Drivers/STM32F4xx_HAL_Driver/Src/stm32f4xx_hal_uart.o
                0x0000000008006ee8                HAL_UART_IRQHandler
 .text.HAL_UART_TxCpltCallback
                0x0000000008007404       0x14 ./Drivers/STM32F4xx_HAL_Driver/Src/stm32f4xx_hal_uart.o
                0x0000000008007404                HAL_UART_TxCpltCallback
 .text.HAL_UART_RxCpltCallback
                0x0000000008007418       0x14 ./Drivers/STM32F4xx_HAL_Driver/Src/stm32f4xx_hal_uart.o
                0x0000000008007418                HAL_UART_RxCpltCallback
 .text.HAL_UART_ErrorCallback
                0x000000000800742c       0x14 ./Drivers/STM32F4xx_HAL_Driver/Src/stm32f4xx_hal_uart.o
                0x000000000800742c                HAL_UART_ErrorCallback
 .text.HAL_UARTEx_RxEventCallback
                0x0000000008007440       0x18 ./Drivers/STM32F4xx_HAL_Driver/Src/stm32f4xx_hal_uart.o
                0x0000000008007440                HAL_UARTEx_RxEventCallback
 .text.UART_WaitOnFlagUntilTimeout
                0x0000000008007458       0xdc ./Drivers/STM32F4xx_HAL_Driver/Src/stm32f4xx_hal_uart.o
 .text.UART_EndRxTransfer
                0x0000000008007534       0xc6 ./Drivers/STM32F4xx_HAL_Driver/Src/stm32f4xx_hal_uart.o
 .text.UART_DMAAbortOnError
                0x00000000080075fa       0x28 ./Drivers/STM32F4xx_HAL_Driver/Src/stm32f4xx_hal_uart.o
 .text.UART_Transmit_IT
                0x0000000008007622       0xa0 ./Drivers/STM32F4xx_HAL_Driver/Src/stm32f4xx_hal_uart.o
 .text.UART_EndTransmit_IT
                0x00000000080076c2       0x30 ./Drivers/STM32F4xx_HAL_Driver/Src/stm32f4xx_hal_uart.o
 .text.UART_Receive_IT
                0x00000000080076f2      0x176 ./Drivers/STM32F4xx_HAL_Driver/Src/stm32f4xx_hal_uart.o
 .text.UART_SetConfig
                0x0000000008007868      0x390 ./Drivers/STM32F4xx_HAL_Driver/Src/stm32f4xx_hal_uart.o
 .text.set_int_enable
                0x0000000008007bf8       0xe4 ./eMD6.12/Core/driver/eMPL/Src/inv_mpu.o
 .text.mpu_init
                0x0000000008007cdc      0x180 ./eMD6.12/Core/driver/eMPL/Src/inv_mpu.o
                0x0000000008007cdc                mpu_init
 .text.mpu_lp_accel_mode
                0x0000000008007e5c      0x128 ./eMD6.12/Core/driver/eMPL/Src/inv_mpu.o
                0x0000000008007e5c                mpu_lp_accel_mode
 .text.mpu_reset_fifo
                0x0000000008007f84      0x30c ./eMD6.12/Core/driver/eMPL/Src/inv_mpu.o
                0x0000000008007f84                mpu_reset_fifo
 .text.mpu_get_gyro_fsr
                0x0000000008008290       0x68 ./eMD6.12/Core/driver/eMPL/Src/inv_mpu.o
                0x0000000008008290                mpu_get_gyro_fsr
 .text.mpu_set_gyro_fsr
                0x00000000080082f8       0xc4 ./eMD6.12/Core/driver/eMPL/Src/inv_mpu.o
                0x00000000080082f8                mpu_set_gyro_fsr
 .text.mpu_get_accel_fsr
                0x00000000080083bc       0x74 ./eMD6.12/Core/driver/eMPL/Src/inv_mpu.o
                0x00000000080083bc                mpu_get_accel_fsr
 .text.mpu_set_accel_fsr
                0x0000000008008430       0xe8 ./eMD6.12/Core/driver/eMPL/Src/inv_mpu.o
                0x0000000008008430                mpu_set_accel_fsr
 .text.mpu_get_lpf
                0x0000000008008518       0x7c ./eMD6.12/Core/driver/eMPL/Src/inv_mpu.o
                0x0000000008008518                mpu_get_lpf
 .text.mpu_set_lpf
                0x0000000008008594       0xb8 ./eMD6.12/Core/driver/eMPL/Src/inv_mpu.o
                0x0000000008008594                mpu_set_lpf
 .text.mpu_get_sample_rate
                0x000000000800864c       0x34 ./eMD6.12/Core/driver/eMPL/Src/inv_mpu.o
                0x000000000800864c                mpu_get_sample_rate
 .text.mpu_set_sample_rate
                0x0000000008008680       0xe4 ./eMD6.12/Core/driver/eMPL/Src/inv_mpu.o
                0x0000000008008680                mpu_set_sample_rate
 .text.mpu_get_gyro_sens
                0x0000000008008764       0x70 ./eMD6.12/Core/driver/eMPL/Src/inv_mpu.o
                0x0000000008008764                mpu_get_gyro_sens
 .text.mpu_get_accel_sens
                0x00000000080087d4       0x7c ./eMD6.12/Core/driver/eMPL/Src/inv_mpu.o
                0x00000000080087d4                mpu_get_accel_sens
 .text.mpu_get_fifo_config
                0x0000000008008850       0x24 ./eMD6.12/Core/driver/eMPL/Src/inv_mpu.o
                0x0000000008008850                mpu_get_fifo_config
 .text.mpu_configure_fifo
                0x0000000008008874       0xa4 ./eMD6.12/Core/driver/eMPL/Src/inv_mpu.o
                0x0000000008008874                mpu_configure_fifo
 .text.mpu_set_sensors
                0x0000000008008918      0x13c ./eMD6.12/Core/driver/eMPL/Src/inv_mpu.o
                0x0000000008008918                mpu_set_sensors
 .text.mpu_read_fifo_stream
                0x0000000008008a54      0x140 ./eMD6.12/Core/driver/eMPL/Src/inv_mpu.o
                0x0000000008008a54                mpu_read_fifo_stream
 .text.mpu_set_bypass
                0x0000000008008b94      0x214 ./eMD6.12/Core/driver/eMPL/Src/inv_mpu.o
                0x0000000008008b94                mpu_set_bypass
 .text.mpu_set_int_latched
                0x0000000008008da8       0xa4 ./eMD6.12/Core/driver/eMPL/Src/inv_mpu.o
                0x0000000008008da8                mpu_set_int_latched
 .text.get_accel_prod_shift
                0x0000000008008e4c      0x138 ./eMD6.12/Core/driver/eMPL/Src/inv_mpu.o
 .text.accel_self_test
                0x0000000008008f84      0x10c ./eMD6.12/Core/driver/eMPL/Src/inv_mpu.o
 .text.gyro_self_test
                0x0000000008009090      0x198 ./eMD6.12/Core/driver/eMPL/Src/inv_mpu.o
 .text.get_st_biases
                0x0000000008009228      0x77c ./eMD6.12/Core/driver/eMPL/Src/inv_mpu.o
 .text.mpu_run_self_test
                0x00000000080099a4      0x1ac ./eMD6.12/Core/driver/eMPL/Src/inv_mpu.o
                0x00000000080099a4                mpu_run_self_test
 .text.mpu_write_mem
                0x0000000008009b50       0xd4 ./eMD6.12/Core/driver/eMPL/Src/inv_mpu.o
                0x0000000008009b50                mpu_write_mem
 .text.mpu_read_mem
                0x0000000008009c24       0xd4 ./eMD6.12/Core/driver/eMPL/Src/inv_mpu.o
                0x0000000008009c24                mpu_read_mem
 .text.mpu_load_firmware
                0x0000000008009cf8      0x114 ./eMD6.12/Core/driver/eMPL/Src/inv_mpu.o
                0x0000000008009cf8                mpu_load_firmware
 .text.mpu_set_dmp_state
                0x0000000008009e0c       0xd4 ./eMD6.12/Core/driver/eMPL/Src/inv_mpu.o
                0x0000000008009e0c                mpu_set_dmp_state
 .text.dmp_load_motion_driver_firmware
                0x0000000008009ee0       0x20 ./eMD6.12/Core/driver/eMPL/Src/inv_mpu_dmp_motion_driver.o
                0x0000000008009ee0                dmp_load_motion_driver_firmware
 .text.dmp_set_orientation
                0x0000000008009f00      0x1e4 ./eMD6.12/Core/driver/eMPL/Src/inv_mpu_dmp_motion_driver.o
                0x0000000008009f00                dmp_set_orientation
 .text.dmp_set_fifo_rate
                0x000000000800a0e4       0x90 ./eMD6.12/Core/driver/eMPL/Src/inv_mpu_dmp_motion_driver.o
                0x000000000800a0e4                dmp_set_fifo_rate
 .text.dmp_set_tap_thresh
                0x000000000800a174      0x26c ./eMD6.12/Core/driver/eMPL/Src/inv_mpu_dmp_motion_driver.o
                0x000000000800a174                dmp_set_tap_thresh
 .text.dmp_set_tap_axes
                0x000000000800a3e0       0x64 ./eMD6.12/Core/driver/eMPL/Src/inv_mpu_dmp_motion_driver.o
                0x000000000800a3e0                dmp_set_tap_axes
 .text.dmp_set_tap_count
                0x000000000800a444       0x42 ./eMD6.12/Core/driver/eMPL/Src/inv_mpu_dmp_motion_driver.o
                0x000000000800a444                dmp_set_tap_count
 *fill*         0x000000000800a486        0x2 
 .text.dmp_set_tap_time
                0x000000000800a488       0x44 ./eMD6.12/Core/driver/eMPL/Src/inv_mpu_dmp_motion_driver.o
                0x000000000800a488                dmp_set_tap_time
 .text.dmp_set_tap_time_multi
                0x000000000800a4cc       0x44 ./eMD6.12/Core/driver/eMPL/Src/inv_mpu_dmp_motion_driver.o
                0x000000000800a4cc                dmp_set_tap_time_multi
 .text.dmp_set_shake_reject_thresh
                0x000000000800a510       0x60 ./eMD6.12/Core/driver/eMPL/Src/inv_mpu_dmp_motion_driver.o
                0x000000000800a510                dmp_set_shake_reject_thresh
 .text.dmp_set_shake_reject_time
                0x000000000800a570       0x44 ./eMD6.12/Core/driver/eMPL/Src/inv_mpu_dmp_motion_driver.o
                0x000000000800a570                dmp_set_shake_reject_time
 .text.dmp_set_shake_reject_timeout
                0x000000000800a5b4       0x44 ./eMD6.12/Core/driver/eMPL/Src/inv_mpu_dmp_motion_driver.o
                0x000000000800a5b4                dmp_set_shake_reject_timeout
 .text.dmp_enable_feature
                0x000000000800a5f8      0x250 ./eMD6.12/Core/driver/eMPL/Src/inv_mpu_dmp_motion_driver.o
                0x000000000800a5f8                dmp_enable_feature
 .text.dmp_enable_gyro_cal
                0x000000000800a848       0x60 ./eMD6.12/Core/driver/eMPL/Src/inv_mpu_dmp_motion_driver.o
                0x000000000800a848                dmp_enable_gyro_cal
 .text.dmp_enable_lp_quat
                0x000000000800a8a8       0x4e ./eMD6.12/Core/driver/eMPL/Src/inv_mpu_dmp_motion_driver.o
                0x000000000800a8a8                dmp_enable_lp_quat
 .text.dmp_enable_6x_lp_quat
                0x000000000800a8f6       0x4e ./eMD6.12/Core/driver/eMPL/Src/inv_mpu_dmp_motion_driver.o
                0x000000000800a8f6                dmp_enable_6x_lp_quat
 .text.decode_gesture
                0x000000000800a944       0x88 ./eMD6.12/Core/driver/eMPL/Src/inv_mpu_dmp_motion_driver.o
 .text.dmp_read_fifo
                0x000000000800a9cc      0x2f4 ./eMD6.12/Core/driver/eMPL/Src/inv_mpu_dmp_motion_driver.o
                0x000000000800a9cc                dmp_read_fifo
 .text._MLPrintLog
                0x000000000800acc0      0x138 ./eMD6.12/Core/driver/stm32L/log_stm32.o
                0x000000000800acc0                _MLPrintLog
 .text.eMPL_send_quat
                0x000000000800adf8      0x114 ./eMD6.12/Core/driver/stm32L/log_stm32.o
                0x000000000800adf8                eMPL_send_quat
 .text.inv_generate_eMPL_outputs
                0x000000000800af0c      0x14c ./eMD6.12/Core/eMPL-hal/Src/eMPL_outputs.o
 .text.inv_start_eMPL_outputs
                0x000000000800b058       0x1c ./eMD6.12/Core/eMPL-hal/Src/eMPL_outputs.o
 .text.inv_init_eMPL_outputs
                0x000000000800b074       0x18 ./eMD6.12/Core/eMPL-hal/Src/eMPL_outputs.o
 .text.inv_enable_eMPL_outputs
                0x000000000800b08c       0x2c ./eMD6.12/Core/eMPL-hal/Src/eMPL_outputs.o
                0x000000000800b08c                inv_enable_eMPL_outputs
 .text.inv_db_load_func
                0x000000000800b0b8       0x58 ./eMD6.12/Core/mllite/Src/data_builder.o
 .text.inv_db_save_func
                0x000000000800b110       0x20 ./eMD6.12/Core/mllite/Src/data_builder.o
 .text.inv_init_data_builder
                0x000000000800b130       0x44 ./eMD6.12/Core/mllite/Src/data_builder.o
                0x000000000800b130                inv_init_data_builder
 .text.set_sensor_orientation_and_scale
                0x000000000800b174       0x24 ./eMD6.12/Core/mllite/Src/data_builder.o
                0x000000000800b174                set_sensor_orientation_and_scale
 .text.inv_set_gyro_orientation_and_scale
                0x000000000800b198       0x20 ./eMD6.12/Core/mllite/Src/data_builder.o
                0x000000000800b198                inv_set_gyro_orientation_and_scale
 .text.inv_set_gyro_sample_rate
                0x000000000800b1b8       0x4c ./eMD6.12/Core/mllite/Src/data_builder.o
                0x000000000800b1b8                inv_set_gyro_sample_rate
 .text.inv_set_accel_sample_rate
                0x000000000800b204       0x50 ./eMD6.12/Core/mllite/Src/data_builder.o
                0x000000000800b204                inv_set_accel_sample_rate
 .text.inv_get_compass_on
                0x000000000800b254       0x28 ./eMD6.12/Core/mllite/Src/data_builder.o
                0x000000000800b254                inv_get_compass_on
 .text.inv_get_gyro_on
                0x000000000800b27c       0x24 ./eMD6.12/Core/mllite/Src/data_builder.o
                0x000000000800b27c                inv_get_gyro_on
 .text.inv_get_accel_on
                0x000000000800b2a0       0x24 ./eMD6.12/Core/mllite/Src/data_builder.o
                0x000000000800b2a0                inv_get_accel_on
 .text.inv_get_last_timestamp
                0x000000000800b2c4       0x90 ./eMD6.12/Core/mllite/Src/data_builder.o
                0x000000000800b2c4                inv_get_last_timestamp
 .text.inv_set_accel_orientation_and_scale
                0x000000000800b354       0x20 ./eMD6.12/Core/mllite/Src/data_builder.o
                0x000000000800b354                inv_set_accel_orientation_and_scale
 .text.inv_apply_calibration
                0x000000000800b374       0x94 ./eMD6.12/Core/mllite/Src/data_builder.o
                0x000000000800b374                inv_apply_calibration
 .text.inv_set_compass_disturbance
                0x000000000800b408       0x20 ./eMD6.12/Core/mllite/Src/data_builder.o
                0x000000000800b408                inv_set_compass_disturbance
 .text.inv_set_accel_bias
                0x000000000800b428       0x64 ./eMD6.12/Core/mllite/Src/data_builder.o
                0x000000000800b428                inv_set_accel_bias
 .text.inv_set_gyro_bias
                0x000000000800b48c       0x88 ./eMD6.12/Core/mllite/Src/data_builder.o
                0x000000000800b48c                inv_set_gyro_bias
 .text.inv_get_gyro_bias_tc_set
                0x000000000800b514       0x34 ./eMD6.12/Core/mllite/Src/data_builder.o
                0x000000000800b514                inv_get_gyro_bias_tc_set
 .text.inv_get_gyro_bias
                0x000000000800b548       0x3c ./eMD6.12/Core/mllite/Src/data_builder.o
                0x000000000800b548                inv_get_gyro_bias
 .text.inv_build_quat
                0x000000000800b584       0x54 ./eMD6.12/Core/mllite/Src/data_builder.o
                0x000000000800b584                inv_build_quat
 .text.inv_register_data_cb
                0x000000000800b5d8      0x14c ./eMD6.12/Core/mllite/Src/data_builder.o
                0x000000000800b5d8                inv_register_data_cb
 .text.inv_unregister_data_cb
                0x000000000800b724       0x98 ./eMD6.12/Core/mllite/Src/data_builder.o
                0x000000000800b724                inv_unregister_data_cb
 .text.inv_execute_on_data
                0x000000000800b7bc       0xe8 ./eMD6.12/Core/mllite/Src/data_builder.o
                0x000000000800b7bc                inv_execute_on_data
 .text.inv_set_contiguous
                0x000000000800b8a4      0x130 ./eMD6.12/Core/mllite/Src/data_builder.o
 .text.inv_get_accel_set
                0x000000000800b9d4       0x4c ./eMD6.12/Core/mllite/Src/data_builder.o
                0x000000000800b9d4                inv_get_accel_set
 .text.inv_get_gyro
                0x000000000800ba20       0x20 ./eMD6.12/Core/mllite/Src/data_builder.o
                0x000000000800ba20                inv_get_gyro
 .text.inv_get_gyro_accuracy
                0x000000000800ba40       0x18 ./eMD6.12/Core/mllite/Src/data_builder.o
                0x000000000800ba40                inv_get_gyro_accuracy
 .text.inv_get_mag_accuracy
                0x000000000800ba58       0x2c ./eMD6.12/Core/mllite/Src/data_builder.o
                0x000000000800ba58                inv_get_mag_accuracy
 .text.inv_get_accel_accuracy
                0x000000000800ba84       0x18 ./eMD6.12/Core/mllite/Src/data_builder.o
                0x000000000800ba84                inv_get_accel_accuracy
 .text.inv_reset_compass_soft_iron_matrix
                0x000000000800ba9c       0x80 ./eMD6.12/Core/mllite/Src/data_builder.o
                0x000000000800ba9c                inv_reset_compass_soft_iron_matrix
 .text.inv_disable_compass_soft_iron_matrix
                0x000000000800bb1c       0x1c ./eMD6.12/Core/mllite/Src/data_builder.o
                0x000000000800bb1c                inv_disable_compass_soft_iron_matrix
 .text.inv_set_message
                0x000000000800bb38       0x3c ./eMD6.12/Core/mllite/Src/message_layer.o
                0x000000000800bb38                inv_set_message
 .text.inv_q30_to_float
                0x000000000800bb74       0x30 ./eMD6.12/Core/mllite/Src/ml_math_func.o
 .text.inv_compass_angle
                0x000000000800bba4      0x120 ./eMD6.12/Core/mllite/Src/ml_math_func.o
                0x000000000800bba4                inv_compass_angle
 .text.inv_get_gyro_sum_of_sqr
                0x000000000800bcc4       0x48 ./eMD6.12/Core/mllite/Src/ml_math_func.o
                0x000000000800bcc4                inv_get_gyro_sum_of_sqr
 .text.inv_q29_mult
                0x000000000800bd0c       0x58 ./eMD6.12/Core/mllite/Src/ml_math_func.o
                0x000000000800bd0c                inv_q29_mult
 .text.inv_q30_mult
                0x000000000800bd64       0x58 ./eMD6.12/Core/mllite/Src/ml_math_func.o
                0x000000000800bd64                inv_q30_mult
 .text.inv_q_mult
                0x000000000800bdbc      0x192 ./eMD6.12/Core/mllite/Src/ml_math_func.o
                0x000000000800bdbc                inv_q_mult
 .text.inv_q_add
                0x000000000800bf4e       0x62 ./eMD6.12/Core/mllite/Src/ml_math_func.o
                0x000000000800bf4e                inv_q_add
 .text.inv_q_invert
                0x000000000800bfb0       0x48 ./eMD6.12/Core/mllite/Src/ml_math_func.o
                0x000000000800bfb0                inv_q_invert
 .text.inv_q_rotate
                0x000000000800bff8       0x66 ./eMD6.12/Core/mllite/Src/ml_math_func.o
                0x000000000800bff8                inv_q_rotate
 .text.inv_q_multf
                0x000000000800c05e      0x196 ./eMD6.12/Core/mllite/Src/ml_math_func.o
                0x000000000800c05e                inv_q_multf
 .text.inv_q_addf
                0x000000000800c1f4       0x82 ./eMD6.12/Core/mllite/Src/ml_math_func.o
                0x000000000800c1f4                inv_q_addf
 .text.inv_q_normalizef
                0x000000000800c276      0x220 ./eMD6.12/Core/mllite/Src/ml_math_func.o
                0x000000000800c276                inv_q_normalizef
 .text.inv_q_norm4
                0x000000000800c496      0x106 ./eMD6.12/Core/mllite/Src/ml_math_func.o
                0x000000000800c496                inv_q_norm4
 .text.inv_q_invertf
                0x000000000800c59c       0x5a ./eMD6.12/Core/mllite/Src/ml_math_func.o
                0x000000000800c59c                inv_q_invertf
 .text.inv_quaternion_to_rotation
                0x000000000800c5f6      0x1d8 ./eMD6.12/Core/mllite/Src/ml_math_func.o
                0x000000000800c5f6                inv_quaternion_to_rotation
 .text.inv_row_2_scale
                0x000000000800c7ce       0x82 ./eMD6.12/Core/mllite/Src/ml_math_func.o
 .text.inv_orientation_matrix_to_scalar
                0x000000000800c850       0x50 ./eMD6.12/Core/mllite/Src/ml_math_func.o
                0x000000000800c850                inv_orientation_matrix_to_scalar
 .text.inv_convert_to_body_with_scale
                0x000000000800c8a0       0xbc ./eMD6.12/Core/mllite/Src/ml_math_func.o
                0x000000000800c8a0                inv_convert_to_body_with_scale
 .text.__print_result_location
                0x000000000800c95c       0x34 ./eMD6.12/Core/mllite/Src/mpl.o
 .text.inv_init_mpl
                0x000000000800c990       0x78 ./eMD6.12/Core/mllite/Src/mpl.o
                0x000000000800c990                inv_init_mpl
 .text.inv_start_mpl
                0x000000000800ca08       0x34 ./eMD6.12/Core/mllite/Src/mpl.o
                0x000000000800ca08                inv_start_mpl
 .text.inv_store_gaming_quaternion
                0x000000000800ca3c       0x38 ./eMD6.12/Core/mllite/Src/results_holder.o
                0x000000000800ca3c                inv_store_gaming_quaternion
 .text.inv_set_compass_correction
                0x000000000800ca74       0x38 ./eMD6.12/Core/mllite/Src/results_holder.o
                0x000000000800ca74                inv_set_compass_correction
 .text.inv_get_compass_correction
                0x000000000800caac       0x2c ./eMD6.12/Core/mllite/Src/results_holder.o
                0x000000000800caac                inv_get_compass_correction
 .text.inv_get_acc_state
                0x000000000800cad8       0x18 ./eMD6.12/Core/mllite/Src/results_holder.o
                0x000000000800cad8                inv_get_acc_state
 .text.inv_get_motion_state
                0x000000000800caf0       0x28 ./eMD6.12/Core/mllite/Src/results_holder.o
                0x000000000800caf0                inv_get_motion_state
 .text.inv_set_motion_state
                0x000000000800cb18       0x64 ./eMD6.12/Core/mllite/Src/results_holder.o
                0x000000000800cb18                inv_set_motion_state
 .text.inv_get_local_field
                0x000000000800cb7c       0x20 ./eMD6.12/Core/mllite/Src/results_holder.o
                0x000000000800cb7c                inv_get_local_field
 .text.inv_get_gravity
                0x000000000800cb9c       0x9c ./eMD6.12/Core/mllite/Src/results_holder.o
                0x000000000800cb9c                inv_get_gravity
 .text.inv_get_6axis_quaternion
                0x000000000800cc38       0x20 ./eMD6.12/Core/mllite/Src/results_holder.o
                0x000000000800cc38                inv_get_6axis_quaternion
 .text.inv_get_quaternion
                0x000000000800cc58       0x4c ./eMD6.12/Core/mllite/Src/results_holder.o
                0x000000000800cc58                inv_get_quaternion
 .text.inv_get_quaternion_set
                0x000000000800cca4       0x6c ./eMD6.12/Core/mllite/Src/results_holder.o
                0x000000000800cca4                inv_get_quaternion_set
 .text.inv_generate_results
                0x000000000800cd10       0x24 ./eMD6.12/Core/mllite/Src/results_holder.o
                0x000000000800cd10                inv_generate_results
 .text.inv_start_results_holder
                0x000000000800cd34       0x1c ./eMD6.12/Core/mllite/Src/results_holder.o
                0x000000000800cd34                inv_start_results_holder
 .text.inv_init_results_holder
                0x000000000800cd50       0x54 ./eMD6.12/Core/mllite/Src/results_holder.o
                0x000000000800cd50                inv_init_results_holder
 .text.inv_enable_results_holder
                0x000000000800cda4       0x2c ./eMD6.12/Core/mllite/Src/results_holder.o
                0x000000000800cda4                inv_enable_results_holder
 .text.inv_got_compass_bias
                0x000000000800cdd0       0x18 ./eMD6.12/Core/mllite/Src/results_holder.o
                0x000000000800cdd0                inv_got_compass_bias
 .text.inv_set_compass_bias_found
                0x000000000800cde8       0x20 ./eMD6.12/Core/mllite/Src/results_holder.o
                0x000000000800cde8                inv_set_compass_bias_found
 .text.inv_get_linear_accel
                0x000000000800ce08       0x62 ./eMD6.12/Core/mllite/Src/results_holder.o
                0x000000000800ce08                inv_get_linear_accel
 *fill*         0x000000000800ce6a        0x2 
 .text.inv_init_start_manager
                0x000000000800ce6c       0x18 ./eMD6.12/Core/mllite/Src/start_manager.o
                0x000000000800ce6c                inv_init_start_manager
 .text.inv_unregister_mpl_start_notification
                0x000000000800ce84       0x80 ./eMD6.12/Core/mllite/Src/start_manager.o
                0x000000000800ce84                inv_unregister_mpl_start_notification
 .text.inv_register_mpl_start_notification
                0x000000000800cf04       0x40 ./eMD6.12/Core/mllite/Src/start_manager.o
                0x000000000800cf04                inv_register_mpl_start_notification
 .text.inv_execute_mpl_start_notification
                0x000000000800cf44       0x4c ./eMD6.12/Core/mllite/Src/start_manager.o
                0x000000000800cf44                inv_execute_mpl_start_notification
 .text.inv_init_storage_manager
                0x000000000800cf90       0x20 ./eMD6.12/Core/mllite/Src/storage_manager.o
                0x000000000800cf90                inv_init_storage_manager
 .text.inv_register_load_store
                0x000000000800cfb0       0xc0 ./eMD6.12/Core/mllite/Src/storage_manager.o
                0x000000000800cfb0                inv_register_load_store
 .text.__errno  0x000000000800d070        0xc c:/st/stm32cubeide_1.7.0/stm32cubeide/plugins/com.st.stm32cube.ide.mcu.externaltools.gnu-tools-for-stm32.9-2020-q2-update.win32_2.0.0.202105311346/tools/bin/../lib/gcc/arm-none-eabi/9.3.1/../../../../arm-none-eabi/lib/thumb/v7e-m+fp/hard\libc_nano.a(lib_a-errno.o)
                0x000000000800d070                __errno
 .text.__libc_init_array
                0x000000000800d07c       0x48 c:/st/stm32cubeide_1.7.0/stm32cubeide/plugins/com.st.stm32cube.ide.mcu.externaltools.gnu-tools-for-stm32.9-2020-q2-update.win32_2.0.0.202105311346/tools/bin/../lib/gcc/arm-none-eabi/9.3.1/../../../../arm-none-eabi/lib/thumb/v7e-m+fp/hard\libc_nano.a(lib_a-init.o)
                0x000000000800d07c                __libc_init_array
 .text.memcmp   0x000000000800d0c4       0x1c c:/st/stm32cubeide_1.7.0/stm32cubeide/plugins/com.st.stm32cube.ide.mcu.externaltools.gnu-tools-for-stm32.9-2020-q2-update.win32_2.0.0.202105311346/tools/bin/../lib/gcc/arm-none-eabi/9.3.1/../../../../arm-none-eabi/lib/thumb/v7e-m+fp/hard\libc_nano.a(lib_a-memcmp.o)
                0x000000000800d0c4                memcmp
 .text.memcpy   0x000000000800d0e0       0x1c c:/st/stm32cubeide_1.7.0/stm32cubeide/plugins/com.st.stm32cube.ide.mcu.externaltools.gnu-tools-for-stm32.9-2020-q2-update.win32_2.0.0.202105311346/tools/bin/../lib/gcc/arm-none-eabi/9.3.1/../../../../arm-none-eabi/lib/thumb/v7e-m+fp/hard\libc_nano.a(lib_a-memcpy-stub.o)
                0x000000000800d0e0                memcpy
 .text.memmove  0x000000000800d0fc       0x34 c:/st/stm32cubeide_1.7.0/stm32cubeide/plugins/com.st.stm32cube.ide.mcu.externaltools.gnu-tools-for-stm32.9-2020-q2-update.win32_2.0.0.202105311346/tools/bin/../lib/gcc/arm-none-eabi/9.3.1/../../../../arm-none-eabi/lib/thumb/v7e-m+fp/hard\libc_nano.a(lib_a-memmove.o)
                0x000000000800d0fc                memmove
 .text.memset   0x000000000800d130       0x10 c:/st/stm32cubeide_1.7.0/stm32cubeide/plugins/com.st.stm32cube.ide.mcu.externaltools.gnu-tools-for-stm32.9-2020-q2-update.win32_2.0.0.202105311346/tools/bin/../lib/gcc/arm-none-eabi/9.3.1/../../../../arm-none-eabi/lib/thumb/v7e-m+fp/hard\libc_nano.a(lib_a-memset.o)
                0x000000000800d130                memset
 .text.__cvt    0x000000000800d140       0xc4 c:/st/stm32cubeide_1.7.0/stm32cubeide/plugins/com.st.stm32cube.ide.mcu.externaltools.gnu-tools-for-stm32.9-2020-q2-update.win32_2.0.0.202105311346/tools/bin/../lib/gcc/arm-none-eabi/9.3.1/../../../../arm-none-eabi/lib/thumb/v7e-m+fp/hard\libc_nano.a(lib_a-nano-vfprintf_float.o)
                0x000000000800d140                __cvt
 .text.__exponent
                0x000000000800d204       0x7c c:/st/stm32cubeide_1.7.0/stm32cubeide/plugins/com.st.stm32cube.ide.mcu.externaltools.gnu-tools-for-stm32.9-2020-q2-update.win32_2.0.0.202105311346/tools/bin/../lib/gcc/arm-none-eabi/9.3.1/../../../../arm-none-eabi/lib/thumb/v7e-m+fp/hard\libc_nano.a(lib_a-nano-vfprintf_float.o)
                0x000000000800d204                __exponent
 .text._printf_float
                0x000000000800d280      0x46c c:/st/stm32cubeide_1.7.0/stm32cubeide/plugins/com.st.stm32cube.ide.mcu.externaltools.gnu-tools-for-stm32.9-2020-q2-update.win32_2.0.0.202105311346/tools/bin/../lib/gcc/arm-none-eabi/9.3.1/../../../../arm-none-eabi/lib/thumb/v7e-m+fp/hard\libc_nano.a(lib_a-nano-vfprintf_float.o)
                0x000000000800d280                _printf_float
 .text._printf_common
                0x000000000800d6ec       0xda c:/st/stm32cubeide_1.7.0/stm32cubeide/plugins/com.st.stm32cube.ide.mcu.externaltools.gnu-tools-for-stm32.9-2020-q2-update.win32_2.0.0.202105311346/tools/bin/../lib/gcc/arm-none-eabi/9.3.1/../../../../arm-none-eabi/lib/thumb/v7e-m+fp/hard\libc_nano.a(lib_a-nano-vfprintf_i.o)
                0x000000000800d6ec                _printf_common
 *fill*         0x000000000800d7c6        0x2 
 .text._printf_i
                0x000000000800d7c8      0x24c c:/st/stm32cubeide_1.7.0/stm32cubeide/plugins/com.st.stm32cube.ide.mcu.externaltools.gnu-tools-for-stm32.9-2020-q2-update.win32_2.0.0.202105311346/tools/bin/../lib/gcc/arm-none-eabi/9.3.1/../../../../arm-none-eabi/lib/thumb/v7e-m+fp/hard\libc_nano.a(lib_a-nano-vfprintf_i.o)
                0x000000000800d7c8                _printf_i
 .text._vsprintf_r
                0x000000000800da14       0x2c c:/st/stm32cubeide_1.7.0/stm32cubeide/plugins/com.st.stm32cube.ide.mcu.externaltools.gnu-tools-for-stm32.9-2020-q2-update.win32_2.0.0.202105311346/tools/bin/../lib/gcc/arm-none-eabi/9.3.1/../../../../arm-none-eabi/lib/thumb/v7e-m+fp/hard\libc_nano.a(lib_a-vsprintf.o)
                0x000000000800da14                _vsprintf_r
                0x000000000800da14                _vsiprintf_r
 .text.vsprintf
                0x000000000800da40       0x14 c:/st/stm32cubeide_1.7.0/stm32cubeide/plugins/com.st.stm32cube.ide.mcu.externaltools.gnu-tools-for-stm32.9-2020-q2-update.win32_2.0.0.202105311346/tools/bin/../lib/gcc/arm-none-eabi/9.3.1/../../../../arm-none-eabi/lib/thumb/v7e-m+fp/hard\libc_nano.a(lib_a-vsprintf.o)
                0x000000000800da40                vsiprintf
                0x000000000800da40                vsprintf
 .text.quorem   0x000000000800da54      0x116 c:/st/stm32cubeide_1.7.0/stm32cubeide/plugins/com.st.stm32cube.ide.mcu.externaltools.gnu-tools-for-stm32.9-2020-q2-update.win32_2.0.0.202105311346/tools/bin/../lib/gcc/arm-none-eabi/9.3.1/../../../../arm-none-eabi/lib/thumb/v7e-m+fp/hard\libc_nano.a(lib_a-dtoa.o)
 *fill*         0x000000000800db6a        0x6 
 .text._dtoa_r  0x000000000800db70      0xbd8 c:/st/stm32cubeide_1.7.0/stm32cubeide/plugins/com.st.stm32cube.ide.mcu.externaltools.gnu-tools-for-stm32.9-2020-q2-update.win32_2.0.0.202105311346/tools/bin/../lib/gcc/arm-none-eabi/9.3.1/../../../../arm-none-eabi/lib/thumb/v7e-m+fp/hard\libc_nano.a(lib_a-dtoa.o)
                0x000000000800db70                _dtoa_r
 .text._localeconv_r
                0x000000000800e748        0x8 c:/st/stm32cubeide_1.7.0/stm32cubeide/plugins/com.st.stm32cube.ide.mcu.externaltools.gnu-tools-for-stm32.9-2020-q2-update.win32_2.0.0.202105311346/tools/bin/../lib/gcc/arm-none-eabi/9.3.1/../../../../arm-none-eabi/lib/thumb/v7e-m+fp/hard\libc_nano.a(lib_a-localeconv.o)
                0x000000000800e748                _localeconv_r
 .text.malloc   0x000000000800e750       0x10 c:/st/stm32cubeide_1.7.0/stm32cubeide/plugins/com.st.stm32cube.ide.mcu.externaltools.gnu-tools-for-stm32.9-2020-q2-update.win32_2.0.0.202105311346/tools/bin/../lib/gcc/arm-none-eabi/9.3.1/../../../../arm-none-eabi/lib/thumb/v7e-m+fp/hard\libc_nano.a(lib_a-malloc.o)
                0x000000000800e750                malloc
 .text._Balloc  0x000000000800e760       0x80 c:/st/stm32cubeide_1.7.0/stm32cubeide/plugins/com.st.stm32cube.ide.mcu.externaltools.gnu-tools-for-stm32.9-2020-q2-update.win32_2.0.0.202105311346/tools/bin/../lib/gcc/arm-none-eabi/9.3.1/../../../../arm-none-eabi/lib/thumb/v7e-m+fp/hard\libc_nano.a(lib_a-mprec.o)
                0x000000000800e760                _Balloc
 .text._Bfree   0x000000000800e7e0       0x44 c:/st/stm32cubeide_1.7.0/stm32cubeide/plugins/com.st.stm32cube.ide.mcu.externaltools.gnu-tools-for-stm32.9-2020-q2-update.win32_2.0.0.202105311346/tools/bin/../lib/gcc/arm-none-eabi/9.3.1/../../../../arm-none-eabi/lib/thumb/v7e-m+fp/hard\libc_nano.a(lib_a-mprec.o)
                0x000000000800e7e0                _Bfree
 .text.__multadd
                0x000000000800e824       0x94 c:/st/stm32cubeide_1.7.0/stm32cubeide/plugins/com.st.stm32cube.ide.mcu.externaltools.gnu-tools-for-stm32.9-2020-q2-update.win32_2.0.0.202105311346/tools/bin/../lib/gcc/arm-none-eabi/9.3.1/../../../../arm-none-eabi/lib/thumb/v7e-m+fp/hard\libc_nano.a(lib_a-mprec.o)
                0x000000000800e824                __multadd
 .text.__hi0bits
                0x000000000800e8b8       0x40 c:/st/stm32cubeide_1.7.0/stm32cubeide/plugins/com.st.stm32cube.ide.mcu.externaltools.gnu-tools-for-stm32.9-2020-q2-update.win32_2.0.0.202105311346/tools/bin/../lib/gcc/arm-none-eabi/9.3.1/../../../../arm-none-eabi/lib/thumb/v7e-m+fp/hard\libc_nano.a(lib_a-mprec.o)
                0x000000000800e8b8                __hi0bits
 .text.__lo0bits
                0x000000000800e8f8       0x60 c:/st/stm32cubeide_1.7.0/stm32cubeide/plugins/com.st.stm32cube.ide.mcu.externaltools.gnu-tools-for-stm32.9-2020-q2-update.win32_2.0.0.202105311346/tools/bin/../lib/gcc/arm-none-eabi/9.3.1/../../../../arm-none-eabi/lib/thumb/v7e-m+fp/hard\libc_nano.a(lib_a-mprec.o)
                0x000000000800e8f8                __lo0bits
 .text.__i2b    0x000000000800e958       0x2c c:/st/stm32cubeide_1.7.0/stm32cubeide/plugins/com.st.stm32cube.ide.mcu.externaltools.gnu-tools-for-stm32.9-2020-q2-update.win32_2.0.0.202105311346/tools/bin/../lib/gcc/arm-none-eabi/9.3.1/../../../../arm-none-eabi/lib/thumb/v7e-m+fp/hard\libc_nano.a(lib_a-mprec.o)
                0x000000000800e958                __i2b
 .text.__multiply
                0x000000000800e984      0x14c c:/st/stm32cubeide_1.7.0/stm32cubeide/plugins/com.st.stm32cube.ide.mcu.externaltools.gnu-tools-for-stm32.9-2020-q2-update.win32_2.0.0.202105311346/tools/bin/../lib/gcc/arm-none-eabi/9.3.1/../../../../arm-none-eabi/lib/thumb/v7e-m+fp/hard\libc_nano.a(lib_a-mprec.o)
                0x000000000800e984                __multiply
 .text.__pow5mult
                0x000000000800ead0       0xb4 c:/st/stm32cubeide_1.7.0/stm32cubeide/plugins/com.st.stm32cube.ide.mcu.externaltools.gnu-tools-for-stm32.9-2020-q2-update.win32_2.0.0.202105311346/tools/bin/../lib/gcc/arm-none-eabi/9.3.1/../../../../arm-none-eabi/lib/thumb/v7e-m+fp/hard\libc_nano.a(lib_a-mprec.o)
                0x000000000800ead0                __pow5mult
 .text.__lshift
                0x000000000800eb84       0xd8 c:/st/stm32cubeide_1.7.0/stm32cubeide/plugins/com.st.stm32cube.ide.mcu.externaltools.gnu-tools-for-stm32.9-2020-q2-update.win32_2.0.0.202105311346/tools/bin/../lib/gcc/arm-none-eabi/9.3.1/../../../../arm-none-eabi/lib/thumb/v7e-m+fp/hard\libc_nano.a(lib_a-mprec.o)
                0x000000000800eb84                __lshift
 .text.__mcmp   0x000000000800ec5c       0x38 c:/st/stm32cubeide_1.7.0/stm32cubeide/plugins/com.st.stm32cube.ide.mcu.externaltools.gnu-tools-for-stm32.9-2020-q2-update.win32_2.0.0.202105311346/tools/bin/../lib/gcc/arm-none-eabi/9.3.1/../../../../arm-none-eabi/lib/thumb/v7e-m+fp/hard\libc_nano.a(lib_a-mprec.o)
                0x000000000800ec5c                __mcmp
 .text.__mdiff  0x000000000800ec94      0x110 c:/st/stm32cubeide_1.7.0/stm32cubeide/plugins/com.st.stm32cube.ide.mcu.externaltools.gnu-tools-for-stm32.9-2020-q2-update.win32_2.0.0.202105311346/tools/bin/../lib/gcc/arm-none-eabi/9.3.1/../../../../arm-none-eabi/lib/thumb/v7e-m+fp/hard\libc_nano.a(lib_a-mprec.o)
                0x000000000800ec94                __mdiff
 .text.__d2b    0x000000000800eda4       0xb8 c:/st/stm32cubeide_1.7.0/stm32cubeide/plugins/com.st.stm32cube.ide.mcu.externaltools.gnu-tools-for-stm32.9-2020-q2-update.win32_2.0.0.202105311346/tools/bin/../lib/gcc/arm-none-eabi/9.3.1/../../../../arm-none-eabi/lib/thumb/v7e-m+fp/hard\libc_nano.a(lib_a-mprec.o)
                0x000000000800eda4                __d2b
 .text._calloc_r
                0x000000000800ee5c       0x1e c:/st/stm32cubeide_1.7.0/stm32cubeide/plugins/com.st.stm32cube.ide.mcu.externaltools.gnu-tools-for-stm32.9-2020-q2-update.win32_2.0.0.202105311346/tools/bin/../lib/gcc/arm-none-eabi/9.3.1/../../../../arm-none-eabi/lib/thumb/v7e-m+fp/hard\libc_nano.a(lib_a-nano-callocr.o)
                0x000000000800ee5c                _calloc_r
 *fill*         0x000000000800ee7a        0x2 
 .text._free_r  0x000000000800ee7c       0xa0 c:/st/stm32cubeide_1.7.0/stm32cubeide/plugins/com.st.stm32cube.ide.mcu.externaltools.gnu-tools-for-stm32.9-2020-q2-update.win32_2.0.0.202105311346/tools/bin/../lib/gcc/arm-none-eabi/9.3.1/../../../../arm-none-eabi/lib/thumb/v7e-m+fp/hard\libc_nano.a(lib_a-nano-freer.o)
                0x000000000800ee7c                _free_r
 .text._malloc_r
                0x000000000800ef1c       0xb4 c:/st/stm32cubeide_1.7.0/stm32cubeide/plugins/com.st.stm32cube.ide.mcu.externaltools.gnu-tools-for-stm32.9-2020-q2-update.win32_2.0.0.202105311346/tools/bin/../lib/gcc/arm-none-eabi/9.3.1/../../../../arm-none-eabi/lib/thumb/v7e-m+fp/hard\libc_nano.a(lib_a-nano-mallocr.o)
                0x000000000800ef1c                _malloc_r
 .text.__ssputs_r
                0x000000000800efd0       0xb6 c:/st/stm32cubeide_1.7.0/stm32cubeide/plugins/com.st.stm32cube.ide.mcu.externaltools.gnu-tools-for-stm32.9-2020-q2-update.win32_2.0.0.202105311346/tools/bin/../lib/gcc/arm-none-eabi/9.3.1/../../../../arm-none-eabi/lib/thumb/v7e-m+fp/hard\libc_nano.a(lib_a-nano-svfprintf.o)
                0x000000000800efd0                __ssputs_r
 *fill*         0x000000000800f086        0x2 
 .text._svfprintf_r
                0x000000000800f088      0x200 c:/st/stm32cubeide_1.7.0/stm32cubeide/plugins/com.st.stm32cube.ide.mcu.externaltools.gnu-tools-for-stm32.9-2020-q2-update.win32_2.0.0.202105311346/tools/bin/../lib/gcc/arm-none-eabi/9.3.1/../../../../arm-none-eabi/lib/thumb/v7e-m+fp/hard\libc_nano.a(lib_a-nano-svfprintf.o)
                0x000000000800f088                _svfiprintf_r
                0x000000000800f088                _svfprintf_r
 .text._sbrk_r  0x000000000800f288       0x20 c:/st/stm32cubeide_1.7.0/stm32cubeide/plugins/com.st.stm32cube.ide.mcu.externaltools.gnu-tools-for-stm32.9-2020-q2-update.win32_2.0.0.202105311346/tools/bin/../lib/gcc/arm-none-eabi/9.3.1/../../../../arm-none-eabi/lib/thumb/v7e-m+fp/hard\libc_nano.a(lib_a-sbrkr.o)
                0x000000000800f288                _sbrk_r
 .text.__assert_func
                0x000000000800f2a8       0x3c c:/st/stm32cubeide_1.7.0/stm32cubeide/plugins/com.st.stm32cube.ide.mcu.externaltools.gnu-tools-for-stm32.9-2020-q2-update.win32_2.0.0.202105311346/tools/bin/../lib/gcc/arm-none-eabi/9.3.1/../../../../arm-none-eabi/lib/thumb/v7e-m+fp/hard\libc_nano.a(lib_a-assert.o)
                0x000000000800f2a8                __assert_func
 .text.fprintf  0x000000000800f2e4       0x24 c:/st/stm32cubeide_1.7.0/stm32cubeide/plugins/com.st.stm32cube.ide.mcu.externaltools.gnu-tools-for-stm32.9-2020-q2-update.win32_2.0.0.202105311346/tools/bin/../lib/gcc/arm-none-eabi/9.3.1/../../../../arm-none-eabi/lib/thumb/v7e-m+fp/hard\libc_nano.a(lib_a-fprintf.o)
                0x000000000800f2e4                fiprintf
                0x000000000800f2e4                fprintf
 .text.__ascii_mbtowc
                0x000000000800f308       0x24 c:/st/stm32cubeide_1.7.0/stm32cubeide/plugins/com.st.stm32cube.ide.mcu.externaltools.gnu-tools-for-stm32.9-2020-q2-update.win32_2.0.0.202105311346/tools/bin/../lib/gcc/arm-none-eabi/9.3.1/../../../../arm-none-eabi/lib/thumb/v7e-m+fp/hard\libc_nano.a(lib_a-mbtowc_r.o)
                0x000000000800f308                __ascii_mbtowc
 .text.__malloc_lock
                0x000000000800f32c        0xc c:/st/stm32cubeide_1.7.0/stm32cubeide/plugins/com.st.stm32cube.ide.mcu.externaltools.gnu-tools-for-stm32.9-2020-q2-update.win32_2.0.0.202105311346/tools/bin/../lib/gcc/arm-none-eabi/9.3.1/../../../../arm-none-eabi/lib/thumb/v7e-m+fp/hard\libc_nano.a(lib_a-mlock.o)
                0x000000000800f32c                __malloc_lock
 .text.__malloc_unlock
                0x000000000800f338        0xc c:/st/stm32cubeide_1.7.0/stm32cubeide/plugins/com.st.stm32cube.ide.mcu.externaltools.gnu-tools-for-stm32.9-2020-q2-update.win32_2.0.0.202105311346/tools/bin/../lib/gcc/arm-none-eabi/9.3.1/../../../../arm-none-eabi/lib/thumb/v7e-m+fp/hard\libc_nano.a(lib_a-mlock.o)
                0x000000000800f338                __malloc_unlock
 .text._realloc_r
                0x000000000800f344       0x4c c:/st/stm32cubeide_1.7.0/stm32cubeide/plugins/com.st.stm32cube.ide.mcu.externaltools.gnu-tools-for-stm32.9-2020-q2-update.win32_2.0.0.202105311346/tools/bin/../lib/gcc/arm-none-eabi/9.3.1/../../../../arm-none-eabi/lib/thumb/v7e-m+fp/hard\libc_nano.a(lib_a-nano-reallocr.o)
                0x000000000800f344                _realloc_r
 .text.__sfputc_r
                0x000000000800f390       0x2e c:/st/stm32cubeide_1.7.0/stm32cubeide/plugins/com.st.stm32cube.ide.mcu.externaltools.gnu-tools-for-stm32.9-2020-q2-update.win32_2.0.0.202105311346/tools/bin/../lib/gcc/arm-none-eabi/9.3.1/../../../../arm-none-eabi/lib/thumb/v7e-m+fp/hard\libc_nano.a(lib_a-nano-vfprintf.o)
 .text.__sfputs_r
                0x000000000800f3be       0x24 c:/st/stm32cubeide_1.7.0/stm32cubeide/plugins/com.st.stm32cube.ide.mcu.externaltools.gnu-tools-for-stm32.9-2020-q2-update.win32_2.0.0.202105311346/tools/bin/../lib/gcc/arm-none-eabi/9.3.1/../../../../arm-none-eabi/lib/thumb/v7e-m+fp/hard\libc_nano.a(lib_a-nano-vfprintf.o)
                0x000000000800f3be                __sfputs_r
 *fill*         0x000000000800f3e2        0x2 
 .text._vfprintf_r
                0x000000000800f3e4      0x260 c:/st/stm32cubeide_1.7.0/stm32cubeide/plugins/com.st.stm32cube.ide.mcu.externaltools.gnu-tools-for-stm32.9-2020-q2-update.win32_2.0.0.202105311346/tools/bin/../lib/gcc/arm-none-eabi/9.3.1/../../../../arm-none-eabi/lib/thumb/v7e-m+fp/hard\libc_nano.a(lib_a-nano-vfprintf.o)
                0x000000000800f3e4                _vfprintf_r
                0x000000000800f3e4                _vfiprintf_r
 .text.__swbuf_r
                0x000000000800f644       0xa4 c:/st/stm32cubeide_1.7.0/stm32cubeide/plugins/com.st.stm32cube.ide.mcu.externaltools.gnu-tools-for-stm32.9-2020-q2-update.win32_2.0.0.202105311346/tools/bin/../lib/gcc/arm-none-eabi/9.3.1/../../../../arm-none-eabi/lib/thumb/v7e-m+fp/hard\libc_nano.a(lib_a-wbuf.o)
                0x000000000800f644                __swbuf_r
 .text.__ascii_wctomb
                0x000000000800f6e8       0x1a c:/st/stm32cubeide_1.7.0/stm32cubeide/plugins/com.st.stm32cube.ide.mcu.externaltools.gnu-tools-for-stm32.9-2020-q2-update.win32_2.0.0.202105311346/tools/bin/../lib/gcc/arm-none-eabi/9.3.1/../../../../arm-none-eabi/lib/thumb/v7e-m+fp/hard\libc_nano.a(lib_a-wctomb_r.o)
                0x000000000800f6e8                __ascii_wctomb
 *fill*         0x000000000800f702        0x2 
 .text.__swsetup_r
                0x000000000800f704       0xdc c:/st/stm32cubeide_1.7.0/stm32cubeide/plugins/com.st.stm32cube.ide.mcu.externaltools.gnu-tools-for-stm32.9-2020-q2-update.win32_2.0.0.202105311346/tools/bin/../lib/gcc/arm-none-eabi/9.3.1/../../../../arm-none-eabi/lib/thumb/v7e-m+fp/hard\libc_nano.a(lib_a-wsetup.o)
                0x000000000800f704                __swsetup_r
 .text.abort    0x000000000800f7e0        0xe c:/st/stm32cubeide_1.7.0/stm32cubeide/plugins/com.st.stm32cube.ide.mcu.externaltools.gnu-tools-for-stm32.9-2020-q2-update.win32_2.0.0.202105311346/tools/bin/../lib/gcc/arm-none-eabi/9.3.1/../../../../arm-none-eabi/lib/thumb/v7e-m+fp/hard\libc_nano.a(lib_a-abort.o)
                0x000000000800f7e0                abort
 *fill*         0x000000000800f7ee        0x2 
 .text.__sflush_r
                0x000000000800f7f0      0x10c c:/st/stm32cubeide_1.7.0/stm32cubeide/plugins/com.st.stm32cube.ide.mcu.externaltools.gnu-tools-for-stm32.9-2020-q2-update.win32_2.0.0.202105311346/tools/bin/../lib/gcc/arm-none-eabi/9.3.1/../../../../arm-none-eabi/lib/thumb/v7e-m+fp/hard\libc_nano.a(lib_a-fflush.o)
                0x000000000800f7f0                __sflush_r
 .text._fflush_r
                0x000000000800f8fc       0x78 c:/st/stm32cubeide_1.7.0/stm32cubeide/plugins/com.st.stm32cube.ide.mcu.externaltools.gnu-tools-for-stm32.9-2020-q2-update.win32_2.0.0.202105311346/tools/bin/../lib/gcc/arm-none-eabi/9.3.1/../../../../arm-none-eabi/lib/thumb/v7e-m+fp/hard\libc_nano.a(lib_a-fflush.o)
                0x000000000800f8fc                _fflush_r
 .text.std      0x000000000800f974       0x48 c:/st/stm32cubeide_1.7.0/stm32cubeide/plugins/com.st.stm32cube.ide.mcu.externaltools.gnu-tools-for-stm32.9-2020-q2-update.win32_2.0.0.202105311346/tools/bin/../lib/gcc/arm-none-eabi/9.3.1/../../../../arm-none-eabi/lib/thumb/v7e-m+fp/hard\libc_nano.a(lib_a-findfp.o)
 .text._cleanup_r
                0x000000000800f9bc        0xc c:/st/stm32cubeide_1.7.0/stm32cubeide/plugins/com.st.stm32cube.ide.mcu.externaltools.gnu-tools-for-stm32.9-2020-q2-update.win32_2.0.0.202105311346/tools/bin/../lib/gcc/arm-none-eabi/9.3.1/../../../../arm-none-eabi/lib/thumb/v7e-m+fp/hard\libc_nano.a(lib_a-findfp.o)
                0x000000000800f9bc                _cleanup_r
 .text.__sfmoreglue
                0x000000000800f9c8       0x2c c:/st/stm32cubeide_1.7.0/stm32cubeide/plugins/com.st.stm32cube.ide.mcu.externaltools.gnu-tools-for-stm32.9-2020-q2-update.win32_2.0.0.202105311346/tools/bin/../lib/gcc/arm-none-eabi/9.3.1/../../../../arm-none-eabi/lib/thumb/v7e-m+fp/hard\libc_nano.a(lib_a-findfp.o)
                0x000000000800f9c8                __sfmoreglue
 .text.__sfp_lock_acquire
                0x000000000800f9f4        0xc c:/st/stm32cubeide_1.7.0/stm32cubeide/plugins/com.st.stm32cube.ide.mcu.externaltools.gnu-tools-for-stm32.9-2020-q2-update.win32_2.0.0.202105311346/tools/bin/../lib/gcc/arm-none-eabi/9.3.1/../../../../arm-none-eabi/lib/thumb/v7e-m+fp/hard\libc_nano.a(lib_a-findfp.o)
                0x000000000800f9f4                __sfp_lock_acquire
 .text.__sfp_lock_release
                0x000000000800fa00        0xc c:/st/stm32cubeide_1.7.0/stm32cubeide/plugins/com.st.stm32cube.ide.mcu.externaltools.gnu-tools-for-stm32.9-2020-q2-update.win32_2.0.0.202105311346/tools/bin/../lib/gcc/arm-none-eabi/9.3.1/../../../../arm-none-eabi/lib/thumb/v7e-m+fp/hard\libc_nano.a(lib_a-findfp.o)
                0x000000000800fa00                __sfp_lock_release
 .text.__sinit_lock_acquire
                0x000000000800fa0c        0xc c:/st/stm32cubeide_1.7.0/stm32cubeide/plugins/com.st.stm32cube.ide.mcu.externaltools.gnu-tools-for-stm32.9-2020-q2-update.win32_2.0.0.202105311346/tools/bin/../lib/gcc/arm-none-eabi/9.3.1/../../../../arm-none-eabi/lib/thumb/v7e-m+fp/hard\libc_nano.a(lib_a-findfp.o)
                0x000000000800fa0c                __sinit_lock_acquire
 .text.__sinit_lock_release
                0x000000000800fa18        0xc c:/st/stm32cubeide_1.7.0/stm32cubeide/plugins/com.st.stm32cube.ide.mcu.externaltools.gnu-tools-for-stm32.9-2020-q2-update.win32_2.0.0.202105311346/tools/bin/../lib/gcc/arm-none-eabi/9.3.1/../../../../arm-none-eabi/lib/thumb/v7e-m+fp/hard\libc_nano.a(lib_a-findfp.o)
                0x000000000800fa18                __sinit_lock_release
 .text.__sinit  0x000000000800fa24       0x70 c:/st/stm32cubeide_1.7.0/stm32cubeide/plugins/com.st.stm32cube.ide.mcu.externaltools.gnu-tools-for-stm32.9-2020-q2-update.win32_2.0.0.202105311346/tools/bin/../lib/gcc/arm-none-eabi/9.3.1/../../../../arm-none-eabi/lib/thumb/v7e-m+fp/hard\libc_nano.a(lib_a-findfp.o)
                0x000000000800fa24                __sinit
 .text.__sfp    0x000000000800fa94       0x8c c:/st/stm32cubeide_1.7.0/stm32cubeide/plugins/com.st.stm32cube.ide.mcu.externaltools.gnu-tools-for-stm32.9-2020-q2-update.win32_2.0.0.202105311346/tools/bin/../lib/gcc/arm-none-eabi/9.3.1/../../../../arm-none-eabi/lib/thumb/v7e-m+fp/hard\libc_nano.a(lib_a-findfp.o)
                0x000000000800fa94                __sfp
 .text._fwalk_reent
                0x000000000800fb20       0x3e c:/st/stm32cubeide_1.7.0/stm32cubeide/plugins/com.st.stm32cube.ide.mcu.externaltools.gnu-tools-for-stm32.9-2020-q2-update.win32_2.0.0.202105311346/tools/bin/../lib/gcc/arm-none-eabi/9.3.1/../../../../arm-none-eabi/lib/thumb/v7e-m+fp/hard\libc_nano.a(lib_a-fwalk.o)
                0x000000000800fb20                _fwalk_reent
 .text.__retarget_lock_init_recursive
                0x000000000800fb5e        0x2 c:/st/stm32cubeide_1.7.0/stm32cubeide/plugins/com.st.stm32cube.ide.mcu.externaltools.gnu-tools-for-stm32.9-2020-q2-update.win32_2.0.0.202105311346/tools/bin/../lib/gcc/arm-none-eabi/9.3.1/../../../../arm-none-eabi/lib/thumb/v7e-m+fp/hard\libc_nano.a(lib_a-lock.o)
                0x000000000800fb5e                __retarget_lock_init_recursive
 .text.__retarget_lock_acquire_recursive
                0x000000000800fb60        0x2 c:/st/stm32cubeide_1.7.0/stm32cubeide/plugins/com.st.stm32cube.ide.mcu.externaltools.gnu-tools-for-stm32.9-2020-q2-update.win32_2.0.0.202105311346/tools/bin/../lib/gcc/arm-none-eabi/9.3.1/../../../../arm-none-eabi/lib/thumb/v7e-m+fp/hard\libc_nano.a(lib_a-lock.o)
                0x000000000800fb60                __retarget_lock_acquire_recursive
 .text.__retarget_lock_release_recursive
                0x000000000800fb62        0x2 c:/st/stm32cubeide_1.7.0/stm32cubeide/plugins/com.st.stm32cube.ide.mcu.externaltools.gnu-tools-for-stm32.9-2020-q2-update.win32_2.0.0.202105311346/tools/bin/../lib/gcc/arm-none-eabi/9.3.1/../../../../arm-none-eabi/lib/thumb/v7e-m+fp/hard\libc_nano.a(lib_a-lock.o)
                0x000000000800fb62                __retarget_lock_release_recursive
 .text.__swhatbuf_r
                0x000000000800fb64       0x48 c:/st/stm32cubeide_1.7.0/stm32cubeide/plugins/com.st.stm32cube.ide.mcu.externaltools.gnu-tools-for-stm32.9-2020-q2-update.win32_2.0.0.202105311346/tools/bin/../lib/gcc/arm-none-eabi/9.3.1/../../../../arm-none-eabi/lib/thumb/v7e-m+fp/hard\libc_nano.a(lib_a-makebuf.o)
                0x000000000800fb64                __swhatbuf_r
 .text.__smakebuf_r
                0x000000000800fbac       0x80 c:/st/stm32cubeide_1.7.0/stm32cubeide/plugins/com.st.stm32cube.ide.mcu.externaltools.gnu-tools-for-stm32.9-2020-q2-update.win32_2.0.0.202105311346/tools/bin/../lib/gcc/arm-none-eabi/9.3.1/../../../../arm-none-eabi/lib/thumb/v7e-m+fp/hard\libc_nano.a(lib_a-makebuf.o)
                0x000000000800fbac                __smakebuf_r
 .text._malloc_usable_size_r
                0x000000000800fc2c       0x10 c:/st/stm32cubeide_1.7.0/stm32cubeide/plugins/com.st.stm32cube.ide.mcu.externaltools.gnu-tools-for-stm32.9-2020-q2-update.win32_2.0.0.202105311346/tools/bin/../lib/gcc/arm-none-eabi/9.3.1/../../../../arm-none-eabi/lib/thumb/v7e-m+fp/hard\libc_nano.a(lib_a-nano-msizer.o)
                0x000000000800fc2c                _malloc_usable_size_r
 .text._raise_r
                0x000000000800fc3c       0x50 c:/st/stm32cubeide_1.7.0/stm32cubeide/plugins/com.st.stm32cube.ide.mcu.externaltools.gnu-tools-for-stm32.9-2020-q2-update.win32_2.0.0.202105311346/tools/bin/../lib/gcc/arm-none-eabi/9.3.1/../../../../arm-none-eabi/lib/thumb/v7e-m+fp/hard\libc_nano.a(lib_a-signal.o)
                0x000000000800fc3c                _raise_r
 .text.raise    0x000000000800fc8c       0x10 c:/st/stm32cubeide_1.7.0/stm32cubeide/plugins/com.st.stm32cube.ide.mcu.externaltools.gnu-tools-for-stm32.9-2020-q2-update.win32_2.0.0.202105311346/tools/bin/../lib/gcc/arm-none-eabi/9.3.1/../../../../arm-none-eabi/lib/thumb/v7e-m+fp/hard\libc_nano.a(lib_a-signal.o)
                0x000000000800fc8c                raise
 .text._kill_r  0x000000000800fc9c       0x24 c:/st/stm32cubeide_1.7.0/stm32cubeide/plugins/com.st.stm32cube.ide.mcu.externaltools.gnu-tools-for-stm32.9-2020-q2-update.win32_2.0.0.202105311346/tools/bin/../lib/gcc/arm-none-eabi/9.3.1/../../../../arm-none-eabi/lib/thumb/v7e-m+fp/hard\libc_nano.a(lib_a-signalr.o)
                0x000000000800fc9c                _kill_r
 .text._getpid_r
                0x000000000800fcc0        0x4 c:/st/stm32cubeide_1.7.0/stm32cubeide/plugins/com.st.stm32cube.ide.mcu.externaltools.gnu-tools-for-stm32.9-2020-q2-update.win32_2.0.0.202105311346/tools/bin/../lib/gcc/arm-none-eabi/9.3.1/../../../../arm-none-eabi/lib/thumb/v7e-m+fp/hard\libc_nano.a(lib_a-signalr.o)
                0x000000000800fcc0                _getpid_r
 .text.__sread  0x000000000800fcc4       0x22 c:/st/stm32cubeide_1.7.0/stm32cubeide/plugins/com.st.stm32cube.ide.mcu.externaltools.gnu-tools-for-stm32.9-2020-q2-update.win32_2.0.0.202105311346/tools/bin/../lib/gcc/arm-none-eabi/9.3.1/../../../../arm-none-eabi/lib/thumb/v7e-m+fp/hard\libc_nano.a(lib_a-stdio.o)
                0x000000000800fcc4                __sread
 .text.__swrite
                0x000000000800fce6       0x38 c:/st/stm32cubeide_1.7.0/stm32cubeide/plugins/com.st.stm32cube.ide.mcu.externaltools.gnu-tools-for-stm32.9-2020-q2-update.win32_2.0.0.202105311346/tools/bin/../lib/gcc/arm-none-eabi/9.3.1/../../../../arm-none-eabi/lib/thumb/v7e-m+fp/hard\libc_nano.a(lib_a-stdio.o)
                0x000000000800fce6                __swrite
 .text.__sseek  0x000000000800fd1e       0x24 c:/st/stm32cubeide_1.7.0/stm32cubeide/plugins/com.st.stm32cube.ide.mcu.externaltools.gnu-tools-for-stm32.9-2020-q2-update.win32_2.0.0.202105311346/tools/bin/../lib/gcc/arm-none-eabi/9.3.1/../../../../arm-none-eabi/lib/thumb/v7e-m+fp/hard\libc_nano.a(lib_a-stdio.o)
                0x000000000800fd1e                __sseek
 .text.__sclose
                0x000000000800fd42        0x8 c:/st/stm32cubeide_1.7.0/stm32cubeide/plugins/com.st.stm32cube.ide.mcu.externaltools.gnu-tools-for-stm32.9-2020-q2-update.win32_2.0.0.202105311346/tools/bin/../lib/gcc/arm-none-eabi/9.3.1/../../../../arm-none-eabi/lib/thumb/v7e-m+fp/hard\libc_nano.a(lib_a-stdio.o)
                0x000000000800fd42                __sclose
 *fill*         0x000000000800fd4a        0x2 
 .text._write_r
                0x000000000800fd4c       0x24 c:/st/stm32cubeide_1.7.0/stm32cubeide/plugins/com.st.stm32cube.ide.mcu.externaltools.gnu-tools-for-stm32.9-2020-q2-update.win32_2.0.0.202105311346/tools/bin/../lib/gcc/arm-none-eabi/9.3.1/../../../../arm-none-eabi/lib/thumb/v7e-m+fp/hard\libc_nano.a(lib_a-writer.o)
                0x000000000800fd4c                _write_r
 .text._close_r
                0x000000000800fd70       0x20 c:/st/stm32cubeide_1.7.0/stm32cubeide/plugins/com.st.stm32cube.ide.mcu.externaltools.gnu-tools-for-stm32.9-2020-q2-update.win32_2.0.0.202105311346/tools/bin/../lib/gcc/arm-none-eabi/9.3.1/../../../../arm-none-eabi/lib/thumb/v7e-m+fp/hard\libc_nano.a(lib_a-closer.o)
                0x000000000800fd70                _close_r
 .text._fstat_r
                0x000000000800fd90       0x24 c:/st/stm32cubeide_1.7.0/stm32cubeide/plugins/com.st.stm32cube.ide.mcu.externaltools.gnu-tools-for-stm32.9-2020-q2-update.win32_2.0.0.202105311346/tools/bin/../lib/gcc/arm-none-eabi/9.3.1/../../../../arm-none-eabi/lib/thumb/v7e-m+fp/hard\libc_nano.a(lib_a-fstatr.o)
                0x000000000800fd90                _fstat_r
 .text._isatty_r
                0x000000000800fdb4       0x20 c:/st/stm32cubeide_1.7.0/stm32cubeide/plugins/com.st.stm32cube.ide.mcu.externaltools.gnu-tools-for-stm32.9-2020-q2-update.win32_2.0.0.202105311346/tools/bin/../lib/gcc/arm-none-eabi/9.3.1/../../../../arm-none-eabi/lib/thumb/v7e-m+fp/hard\libc_nano.a(lib_a-isattyr.o)
                0x000000000800fdb4                _isatty_r
 .text._lseek_r
                0x000000000800fdd4       0x24 c:/st/stm32cubeide_1.7.0/stm32cubeide/plugins/com.st.stm32cube.ide.mcu.externaltools.gnu-tools-for-stm32.9-2020-q2-update.win32_2.0.0.202105311346/tools/bin/../lib/gcc/arm-none-eabi/9.3.1/../../../../arm-none-eabi/lib/thumb/v7e-m+fp/hard\libc_nano.a(lib_a-lseekr.o)
                0x000000000800fdd4                _lseek_r
 .text._read_r  0x000000000800fdf8       0x24 c:/st/stm32cubeide_1.7.0/stm32cubeide/plugins/com.st.stm32cube.ide.mcu.externaltools.gnu-tools-for-stm32.9-2020-q2-update.win32_2.0.0.202105311346/tools/bin/../lib/gcc/arm-none-eabi/9.3.1/../../../../arm-none-eabi/lib/thumb/v7e-m+fp/hard\libc_nano.a(lib_a-readr.o)
                0x000000000800fdf8                _read_r
 *fill*         0x000000000800fe1c        0x4 
 .text.atan     0x000000000800fe20      0x340 c:/st/stm32cubeide_1.7.0/stm32cubeide/plugins/com.st.stm32cube.ide.mcu.externaltools.gnu-tools-for-stm32.9-2020-q2-update.win32_2.0.0.202105311346/tools/bin/../lib/gcc/arm-none-eabi/9.3.1/../../../../arm-none-eabi/lib/thumb/v7e-m+fp/hard\libm.a(lib_a-s_atan.o)
                0x000000000800fe20                atan