Archive member included to satisfy reference by file (symbol)

C:\Users\mames\Documents\progetti_stm32\provaMPU6050\eMD6.12\liblibmplmpu_m4_hardfp\liblibmplmpu.a(fast_no_motion.o)
                              ./Core/Src/main.o (inv_enable_fast_nomot)
C:\Users\mames\Documents\progetti_stm32\provaMPU6050\eMD6.12\liblibmplmpu_m4_hardfp\liblibmplmpu.a(fusion_9axis.o)
                              ./Core/Src/main.o (inv_enable_9x_sensor_fusion)
C:\Users\mames\Documents\progetti_stm32\provaMPU6050\eMD6.12\liblibmplmpu_m4_hardfp\liblibmplmpu.a(gyro_tc.o)
                              ./Core/Src/main.o (inv_enable_gyro_tc)
C:\Users\mames\Documents\progetti_stm32\provaMPU6050\eMD6.12\liblibmplmpu_m4_hardfp\liblibmplmpu.a(mag_disturb.o)
                              C:\Users\mames\Documents\progetti_stm32\provaMPU6050\eMD6.12\liblibmplmpu_m4_hardfp\liblibmplmpu.a(fusion_9axis.o) (inv_get_magnetic_disturbance_state)
C:\Users\mames\Documents\progetti_stm32\provaMPU6050\eMD6.12\liblibmplmpu_m4_hardfp\liblibmplmpu.a(quaternion_supervisor.o)
                              ./Core/Src/main.o (inv_enable_quaternion)
c:/st/stm32cubeide_1.7.0/stm32cubeide/plugins/com.st.stm32cube.ide.mcu.externaltools.gnu-tools-for-stm32.9-2020-q2-update.win32_2.0.0.202105311346/tools/bin/../lib/gcc/arm-none-eabi/9.3.1/../../../../arm-none-eabi/lib/thumb/v7e-m+fp/hard\libc_nano.a(lib_a-errno.o)
                              ./Core/Src/syscalls.o (__errno)
c:/st/stm32cubeide_1.7.0/stm32cubeide/plugins/com.st.stm32cube.ide.mcu.externaltools.gnu-tools-for-stm32.9-2020-q2-update.win32_2.0.0.202105311346/tools/bin/../lib/gcc/arm-none-eabi/9.3.1/../../../../arm-none-eabi/lib/thumb/v7e-m+fp/hard\libc_nano.a(lib_a-exit.o)
                              c:/st/stm32cubeide_1.7.0/stm32cubeide/plugins/com.st.stm32cube.ide.mcu.externaltools.gnu-tools-for-stm32.9-2020-q2-update.win32_2.0.0.202105311346/tools/bin/../lib/gcc/arm-none-eabi/9.3.1/../../../../arm-none-eabi/lib/thumb/v7e-m+fp/hard/crt0.o (exit)
c:/st/stm32cubeide_1.7.0/stm32cubeide/plugins/com.st.stm32cube.ide.mcu.externaltools.gnu-tools-for-stm32.9-2020-q2-update.win32_2.0.0.202105311346/tools/bin/../lib/gcc/arm-none-eabi/9.3.1/../../../../arm-none-eabi/lib/thumb/v7e-m+fp/hard\libc_nano.a(lib_a-impure.o)
                              c:/st/stm32cubeide_1.7.0/stm32cubeide/plugins/com.st.stm32cube.ide.mcu.externaltools.gnu-tools-for-stm32.9-2020-q2-update.win32_2.0.0.202105311346/tools/bin/../lib/gcc/arm-none-eabi/9.3.1/../../../../arm-none-eabi/lib/thumb/v7e-m+fp/hard\libc_nano.a(lib_a-exit.o) (_global_impure_ptr)
c:/st/stm32cubeide_1.7.0/stm32cubeide/plugins/com.st.stm32cube.ide.mcu.externaltools.gnu-tools-for-stm32.9-2020-q2-update.win32_2.0.0.202105311346/tools/bin/../lib/gcc/arm-none-eabi/9.3.1/../../../../arm-none-eabi/lib/thumb/v7e-m+fp/hard\libc_nano.a(lib_a-init.o)
                              c:/st/stm32cubeide_1.7.0/stm32cubeide/plugins/com.st.stm32cube.ide.mcu.externaltools.gnu-tools-for-stm32.9-2020-q2-update.win32_2.0.0.202105311346/tools/bin/../lib/gcc/arm-none-eabi/9.3.1/../../../../arm-none-eabi/lib/thumb/v7e-m+fp/hard/crt0.o (__libc_init_array)
c:/st/stm32cubeide_1.7.0/stm32cubeide/plugins/com.st.stm32cube.ide.mcu.externaltools.gnu-tools-for-stm32.9-2020-q2-update.win32_2.0.0.202105311346/tools/bin/../lib/gcc/arm-none-eabi/9.3.1/../../../../arm-none-eabi/lib/thumb/v7e-m+fp/hard\libc_nano.a(lib_a-memcmp.o)
                              ./eMD6.12/Core/driver/eMPL/Src/inv_mpu.o (memcmp)
c:/st/stm32cubeide_1.7.0/stm32cubeide/plugins/com.st.stm32cube.ide.mcu.externaltools.gnu-tools-for-stm32.9-2020-q2-update.win32_2.0.0.202105311346/tools/bin/../lib/gcc/arm-none-eabi/9.3.1/../../../../arm-none-eabi/lib/thumb/v7e-m+fp/hard\libc_nano.a(lib_a-memcpy-stub.o)
                              ./eMD6.12/Core/driver/stm32L/log_stm32.o (memcpy)
c:/st/stm32cubeide_1.7.0/stm32cubeide/plugins/com.st.stm32cube.ide.mcu.externaltools.gnu-tools-for-stm32.9-2020-q2-update.win32_2.0.0.202105311346/tools/bin/../lib/gcc/arm-none-eabi/9.3.1/../../../../arm-none-eabi/lib/thumb/v7e-m+fp/hard\libc_nano.a(lib_a-memmove.o)
                              ./eMD6.12/Core/mllite/Src/start_manager.o (memmove)
c:/st/stm32cubeide_1.7.0/stm32cubeide/plugins/com.st.stm32cube.ide.mcu.externaltools.gnu-tools-for-stm32.9-2020-q2-update.win32_2.0.0.202105311346/tools/bin/../lib/gcc/arm-none-eabi/9.3.1/../../../../arm-none-eabi/lib/thumb/v7e-m+fp/hard\libc_nano.a(lib_a-memset.o)
                              c:/st/stm32cubeide_1.7.0/stm32cubeide/plugins/com.st.stm32cube.ide.mcu.externaltools.gnu-tools-for-stm32.9-2020-q2-update.win32_2.0.0.202105311346/tools/bin/../lib/gcc/arm-none-eabi/9.3.1/../../../../arm-none-eabi/lib/thumb/v7e-m+fp/hard/crt0.o (memset)
[...]
Memory Configuration

Name             Origin             Length             Attributes
RAM              0x0000000020000000 0x0000000000018000 xrw
FLASH            0x0000000008000000 0x0000000000080000 xr
*default*        0x0000000000000000 0xffffffffffffffff

Linker script and memory map

LOAD c:/st/stm32cubeide_1.7.0/stm32cubeide/plugins/com.st.stm32cube.ide.mcu.externaltools.gnu-tools-for-stm32.9-2020-q2-update.win32_2.0.0.202105311346/tools/bin/../lib/gcc/arm-none-eabi/9.3.1/thumb/v7e-m+fp/hard/crti.o
LOAD c:/st/stm32cubeide_1.7.0/stm32cubeide/plugins/com.st.stm32cube.ide.mcu.externaltools.gnu-tools-for-stm32.9-2020-q2-update.win32_2.0.0.202105311346/tools/bin/../lib/gcc/arm-none-eabi/9.3.1/thumb/v7e-m+fp/hard/crtbegin.o
LOAD c:/st/stm32cubeide_1.7.0/stm32cubeide/plugins/com.st.stm32cube.ide.mcu.externaltools.gnu-tools-for-stm32.9-2020-q2-update.win32_2.0.0.202105311346/tools/bin/../lib/gcc/arm-none-eabi/9.3.1/../../../../arm-none-eabi/lib/thumb/v7e-m+fp/hard/crt0.o
LOAD ./Core/Src/main.o
LOAD ./Core/Src/stm32f4xx_hal_msp.o
LOAD ./Core/Src/stm32f4xx_it.o
LOAD ./Core/Src/syscalls.o
LOAD ./Core/Src/sysmem.o
LOAD ./Core/Src/system_stm32f4xx.o
LOAD ./Core/Startup/startup_stm32f401retx.o
LOAD ./Drivers/STM32F4xx_HAL_Driver/Src/stm32f4xx_hal.o
LOAD ./Drivers/STM32F4xx_HAL_Driver/Src/stm32f4xx_hal_cortex.o
LOAD ./Drivers/STM32F4xx_HAL_Driver/Src/stm32f4xx_hal_dma.o
LOAD ./Drivers/STM32F4xx_HAL_Driver/Src/stm32f4xx_hal_dma_ex.o
LOAD ./Drivers/STM32F4xx_HAL_Driver/Src/stm32f4xx_hal_exti.o
LOAD ./Drivers/STM32F4xx_HAL_Driver/Src/stm32f4xx_hal_flash.o
LOAD ./Drivers/STM32F4xx_HAL_Driver/Src/stm32f4xx_hal_flash_ex.o
LOAD ./Drivers/STM32F4xx_HAL_Driver/Src/stm32f4xx_hal_flash_ramfunc.o
LOAD ./Drivers/STM32F4xx_HAL_Driver/Src/stm32f4xx_hal_gpio.o
LOAD ./Drivers/STM32F4xx_HAL_Driver/Src/stm32f4xx_hal_i2c.o
LOAD ./Drivers/STM32F4xx_HAL_Driver/Src/stm32f4xx_hal_i2c_ex.o
LOAD ./Drivers/STM32F4xx_HAL_Driver/Src/stm32f4xx_hal_pwr.o
LOAD ./Drivers/STM32F4xx_HAL_Driver/Src/stm32f4xx_hal_pwr_ex.o
LOAD ./Drivers/STM32F4xx_HAL_Driver/Src/stm32f4xx_hal_rcc.o
LOAD ./Drivers/STM32F4xx_HAL_Driver/Src/stm32f4xx_hal_rcc_ex.o
LOAD ./Drivers/STM32F4xx_HAL_Driver/Src/stm32f4xx_hal_tim.o
LOAD ./Drivers/STM32F4xx_HAL_Driver/Src/stm32f4xx_hal_tim_ex.o
LOAD ./Drivers/STM32F4xx_HAL_Driver/Src/stm32f4xx_hal_uart.o
LOAD ./eMD6.12/Core/driver/eMPL/Src/inv_mpu.o
LOAD ./eMD6.12/Core/driver/eMPL/Src/inv_mpu_dmp_motion_driver.o
LOAD ./eMD6.12/Core/driver/stm32L/log_stm32.o
LOAD ./eMD6.12/Core/eMPL-hal/Src/eMPL_outputs.o
LOAD ./eMD6.12/Core/mllite/Src/data_builder.o
LOAD ./eMD6.12/Core/mllite/Src/hal_outputs.o
LOAD ./eMD6.12/Core/mllite/Src/message_layer.o
LOAD ./eMD6.12/Core/mllite/Src/ml_math_func.o
LOAD ./eMD6.12/Core/mllite/Src/mlmath.o
LOAD ./eMD6.12/Core/mllite/Src/mpl.o
LOAD ./eMD6.12/Core/mllite/Src/results_holder.o
LOAD ./eMD6.12/Core/mllite/Src/start_manager.o
LOAD ./eMD6.12/Core/mllite/Src/storage_manager.o
LOAD C:\Users\mames\Documents\progetti_stm32\provaMPU6050\eMD6.12\liblibmplmpu_m4_hardfp\liblibmplmpu.a
START GROUP
LOAD c:/st/stm32cubeide_1.7.0/stm32cubeide/plugins/com.st.stm32cube.ide.mcu.externaltools.gnu-tools-for-stm32.9-2020-q2-update.win32_2.0.0.202105311346/tools/bin/../lib/gcc/arm-none-eabi/9.3.1/../../../../arm-none-eabi/lib/thumb/v7e-m+fp/hard\libc_nano.a
LOAD c:/st/stm32cubeide_1.7.0/stm32cubeide/plugins/com.st.stm32cube.ide.mcu.externaltools.gnu-tools-for-stm32.9-2020-q2-update.win32_2.0.0.202105311346/tools/bin/../lib/gcc/arm-none-eabi/9.3.1/../../../../arm-none-eabi/lib/thumb/v7e-m+fp/hard\libm.a
END GROUP
START GROUP
LOAD c:/st/stm32cubeide_1.7.0/stm32cubeide/plugins/com.st.stm32cube.ide.mcu.externaltools.gnu-tools-for-stm32.9-2020-q2-update.win32_2.0.0.202105311346/tools/bin/../lib/gcc/arm-none-eabi/9.3.1/thumb/v7e-m+fp/hard\libgcc.a
LOAD c:/st/stm32cubeide_1.7.0/stm32cubeide/plugins/com.st.stm32cube.ide.mcu.externaltools.gnu-tools-for-stm32.9-2020-q2-update.win32_2.0.0.202105311346/tools/bin/../lib/gcc/arm-none-eabi/9.3.1/../../../../arm-none-eabi/lib/thumb/v7e-m+fp/hard\libc_nano.a
END GROUP
START GROUP
LOAD c:/st/stm32cubeide_1.7.0/stm32cubeide/plugins/com.st.stm32cube.ide.mcu.externaltools.gnu-tools-for-stm32.9-2020-q2-update.win32_2.0.0.202105311346/tools/bin/../lib/gcc/arm-none-eabi/9.3.1/thumb/v7e-m+fp/hard\libgcc.a
LOAD c:/st/stm32cubeide_1.7.0/stm32cubeide/plugins/com.st.stm32cube.ide.mcu.externaltools.gnu-tools-for-stm32.9-2020-q2-update.win32_2.0.0.202105311346/tools/bin/../lib/gcc/arm-none-eabi/9.3.1/../../../../arm-none-eabi/lib/thumb/v7e-m+fp/hard\libc_nano.a
LOAD c:/st/stm32cubeide_1.7.0/stm32cubeide/plugins/com.st.stm32cube.ide.mcu.externaltools.gnu-tools-for-stm32.9-2020-q2-update.win32_2.0.0.202105311346/tools/bin/../lib/gcc/arm-none-eabi/9.3.1/../../../../arm-none-eabi/lib/thumb/v7e-m+fp/hard\libnosys.a
END GROUP
START GROUP
LOAD c:/st/stm32cubeide_1.7.0/stm32cubeide/plugins/com.st.stm32cube.ide.mcu.externaltools.gnu-tools-for-stm32.9-2020-q2-update.win32_2.0.0.202105311346/tools/bin/../lib/gcc/arm-none-eabi/9.3.1/thumb/v7e-m+fp/hard\libgcc.a
LOAD c:/st/stm32cubeide_1.7.0/stm32cubeide/plugins/com.st.stm32cube.ide.mcu.externaltools.gnu-tools-for-stm32.9-2020-q2-update.win32_2.0.0.202105311346/tools/bin/../lib/gcc/arm-none-eabi/9.3.1/../../../../arm-none-eabi/lib/thumb/v7e-m+fp/hard\libc_nano.a
LOAD c:/st/stm32cubeide_1.7.0/stm32cubeide/plugins/com.st.stm32cube.ide.mcu.externaltools.gnu-tools-for-stm32.9-2020-q2-update.win32_2.0.0.202105311346/tools/bin/../lib/gcc/arm-none-eabi/9.3.1/../../../../arm-none-eabi/lib/thumb/v7e-m+fp/hard\libnosys.a
END GROUP
LOAD c:/st/stm32cubeide_1.7.0/stm32cubeide/plugins/com.st.stm32cube.ide.mcu.externaltools.gnu-tools-for-stm32.9-2020-q2-update.win32_2.0.0.202105311346/tools/bin/../lib/gcc/arm-none-eabi/9.3.1/thumb/v7e-m+fp/hard/crtend.o
LOAD c:/st/stm32cubeide_1.7.0/stm32cubeide/plugins/com.st.stm32cube.ide.mcu.externaltools.gnu-tools-for-stm32.9-2020-q2-update.win32_2.0.0.202105311346/tools/bin/../lib/gcc/arm-none-eabi/9.3.1/thumb/v7e-m+fp/hard/crtn.o
                0x0000000020018000                _estack = (ORIGIN (RAM) + LENGTH (RAM))
                0x0000000000000200                _Min_Heap_Size = 0x200
                0x0000000000000400                _Min_Stack_Size = 0x400

.isr_vector     0x0000000008000000      0x194
                0x0000000008000000                . = ALIGN (0x4)
 *(.isr_vector)
 .isr_vector    0x0000000008000000      0x194 ./Core/Startup/startup_stm32f401retx.o
                0x0000000008000000                g_pfnVectors
                0x0000000008000194                . = ALIGN (0x4)

.text           0x00000000080001a0    0x115f4
                0x00000000080001a0                . = ALIGN (0x4)
 *(.text)
 .text          0x00000000080001a0       0x40 c:/st/stm32cubeide_1.7.0/stm32cubeide/plugins/com.st.stm32cube.ide.mcu.externaltools.gnu-tools-for-stm32.9-2020-q2-update.win32_2.0.0.202105311346/tools/bin/../lib/gcc/arm-none-eabi/9.3.1/thumb/v7e-m+fp/hard/crtbegin.o
 .text          0x00000000080001e0      0xd90 C:\Users\mames\Documents\progetti_stm32\provaMPU6050\eMD6.12\liblibmplmpu_m4_hardfp\liblibmplmpu.a(fast_no_motion.o)
                0x000000000800037c                inv_init_maxmin
                0x0000000008000414                inv_start_fast_nomot
                0x0000000008000454                inv_fast_nomot_parameter
                0x0000000008000460                inv_fast_nomot_parameter_3rd
                0x0000000008000540                inv_fast_nomot_set_gyro_bias
                0x0000000008000610                inv_set_fast_nomot_compass_threshold
                0x000000000800061c                int_set_fast_nomot_gyro_threshold
                0x0000000008000628                inv_set_fast_nomot_accel_threshold
                0x0000000008000634                inv_get_fast_nomot_compass_param
                0x0000000008000654                inv_get_fast_nomot_accel_param
                0x0000000008000674                inv_fast_nomot_store_data
                0x0000000008000714                inv_fast_nomot_store_data_compass
                0x0000000008000760                inv_fast_nomot_reset_data_compass
                0x000000000800078c                inv_fast_nomot_get_time_elaps
                0x0000000008000798                inv_fast_nomot_parameter_compass
                0x00000000080007b0                inv_get_right_shift_by_rounding
                0x0000000008000830                inv_reset_min_max_gyro_accel_statistics
                0x0000000008000864                inv_record_max_moment_in_no_motion_gyro
                0x0000000008000898                inv_record_max_moment_in_no_motion_accel
                0x00000000080008cc                inv_record_min_moment_in_motion_gyro
                0x0000000008000900                inv_record_min_moment_in_motion_accel
                0x0000000008000934                inv_detect_motion_by_gyro_accel
                0x0000000008000a78                inv_sensor_data_preprocess
                0x0000000008000b18                inv_generate_fast_nomot
                0x0000000008000e64                inv_set_default_number_of_samples
                0x0000000008000eb4                inv_init_fast_nomot
                0x0000000008000f1c                inv_stop_fast_nomot
                0x0000000008000f34                inv_enable_fast_nomot
                0x0000000008000f4c                inv_disable_fast_nomot
                0x0000000008000f60                inv_get_fnm_gyro_no_motion_param
                0x0000000008000f6c                inv_fnm_debug_print
 .text          0x0000000008000f70      0x760 C:\Users\mames\Documents\progetti_stm32\provaMPU6050\eMD6.12\liblibmplmpu_m4_hardfp\liblibmplmpu.a(fusion_9axis.o)
                0x0000000008000f70                inv_start_9x_sensor_fusion
                0x0000000008000f80                inv_filter_correction_angle
                0x0000000008001170                inv_perform_9x_fusion
                0x000000000800158c                inv_process_9x_sensor_fusion_cb
                0x0000000008001624                inv_init_9x_fusion
                0x0000000008001660                inv_9x_fusion_set_mag_fb
                0x0000000008001670                inv_9x_fusion_enable_jitter_reduction
                0x0000000008001680                inv_9x_fusion_use_timestamps
                0x0000000008001690                inv_stop_9x_sensor_fusion
                0x000000000800169c                inv_enable_9x_sensor_fusion
                0x00000000080016c0                inv_disable_9x_sensor_fusion
 .text          0x00000000080016d0      0x5a0 C:\Users\mames\Documents\progetti_stm32\provaMPU6050\eMD6.12\liblibmplmpu_m4_hardfp\liblibmplmpu.a(gyro_tc.o)
                0x00000000080016d0                inv_start_gyro_tc
                0x0000000008001b48                inv_init_gyro_ts
                0x0000000008001b80                inv_set_gtc_max_temp
                0x0000000008001b90                inv_set_gtc_min_temp
                0x0000000008001ba0                inv_set_gtc_min_diff
                0x0000000008001bb0                inv_get_gyro_ts
                0x0000000008001bd4                inv_set_gyro_ts
                0x0000000008001bd8                inv_set_gtc_order
                0x0000000008001bf0                inv_print_gtc_data
                0x0000000008001bf4                inv_stop_gyro_tc
                0x0000000008001c00                inv_enable_gyro_tc
                0x0000000008001c40                inv_disable_gyro_tc
 .text          0x0000000008001c70      0x680 C:\Users\mames\Documents\progetti_stm32\provaMPU6050\eMD6.12\liblibmplmpu_m4_hardfp\liblibmplmpu.a(mag_disturb.o)
                0x0000000008001c70                inv_start_magnetic_disturbance
                0x0000000008001c80                inv_set_magnetic_disturbance
                0x0000000008001c98                inv_init_magnetic_disturbance
                0x0000000008001ce4                inv_stop_magnetic_disturbance
                0x0000000008001cf0                inv_enable_magnetic_disturbance
                0x0000000008001d1c                inv_disable_magnetic_disturbance
                0x0000000008001d34                inv_disable_dip_tracking
                0x0000000008001d44                inv_enable_dip_tracking
                0x0000000008001d54                inv_track_dip_angle
                0x0000000008001dec                ComputeAngleVelocity
                0x0000000008001e4c                Mag3ofNormalizedLong
                0x0000000008001ea0                MagDisturbSetDisturbance
                0x0000000008001f20                MagDisturbCheckSettling
                0x0000000008001f78                inv_check_magnetic_disturbance
                0x00000000080022ac                inv_magnetic_disturbance_process
                0x00000000080022e4                inv_get_magnetic_disturbance_state
 .text          0x00000000080022f0      0xa78 C:\Users\mames\Documents\progetti_stm32\provaMPU6050\eMD6.12\liblibmplmpu_m4_hardfp\liblibmplmpu.a(quaternion_supervisor.o)
                0x00000000080023c0                inv_start_quaternion
                0x000000000800252c                inv_generate_gyro_quaternion
                0x0000000008002538                inv_set_quaternion
                0x0000000008002568                inv_generate_accel_gyro_quaternion
                0x0000000008002d00                inv_stop_quaternion
                0x0000000008002d0c                inv_init_quaternion
                0x0000000008002d30                inv_enable_quaternion
                0x0000000008002d48                inv_disable_quaternion
 .text          0x0000000008002d68       0x10 c:/st/stm32cubeide_1.7.0/stm32cubeide/plugins/com.st.stm32cube.ide.mcu.externaltools.gnu-tools-for-stm32.9-2020-q2-update.win32_2.0.0.202105311346/tools/bin/../lib/gcc/arm-none-eabi/9.3.1/../../../../arm-none-eabi/lib/thumb/v7e-m+fp/hard\libc_nano.a(lib_a-strlen.o)
                0x0000000008002d68                strlen
 *fill*         0x0000000008002d78        0x8 
 .text          0x0000000008002d80       0xa0 c:/st/stm32cubeide_1.7.0/stm32cubeide/plugins/com.st.stm32cube.ide.mcu.externaltools.gnu-tools-for-stm32.9-2020-q2-update.win32_2.0.0.202105311346/tools/bin/../lib/gcc/arm-none-eabi/9.3.1/../../../../arm-none-eabi/lib/thumb/v7e-m+fp/hard\libc_nano.a(lib_a-memchr.o)
                0x0000000008002d80                memchr
 .text          0x0000000008002e20      0x378 c:/st/stm32cubeide_1.7.0/stm32cubeide/plugins/com.st.stm32cube.ide.mcu.externaltools.gnu-tools-for-stm32.9-2020-q2-update.win32_2.0.0.202105311346/tools/bin/../lib/gcc/arm-none-eabi/9.3.1/thumb/v7e-m+fp/hard\libgcc.a(_arm_addsubdf3.o)
                0x0000000008002e20                __aeabi_drsub
                0x0000000008002e28                __aeabi_dsub
                0x0000000008002e28                __subdf3
                0x0000000008002e2c                __aeabi_dadd
                0x0000000008002e2c                __adddf3
                0x00000000080030a4                __floatunsidf
                0x00000000080030a4                __aeabi_ui2d
                0x00000000080030c4                __floatsidf
                0x00000000080030c4                __aeabi_i2d
                0x00000000080030e8                __aeabi_f2d
                0x00000000080030e8                __extendsfdf2
                0x000000000800312c                __floatundidf
                0x000000000800312c                __aeabi_ul2d
                0x000000000800313c                __floatdidf
                0x000000000800313c                __aeabi_l2d
 .text          0x0000000008003198      0x424 c:/st/stm32cubeide_1.7.0/stm32cubeide/plugins/com.st.stm32cube.ide.mcu.externaltools.gnu-tools-for-stm32.9-2020-q2-update.win32_2.0.0.202105311346/tools/bin/../lib/gcc/arm-none-eabi/9.3.1/thumb/v7e-m+fp/hard\libgcc.a(_arm_muldivdf3.o)
                0x0000000008003198                __aeabi_dmul
                0x0000000008003198                __muldf3
                0x00000000080033ec                __divdf3
                0x00000000080033ec                __aeabi_ddiv
 .text          0x00000000080035bc      0x110 c:/st/stm32cubeide_1.7.0/stm32cubeide/plugins/com.st.stm32cube.ide.mcu.externaltools.gnu-tools-for-stm32.9-2020-q2-update.win32_2.0.0.202105311346/tools/bin/../lib/gcc/arm-none-eabi/9.3.1/thumb/v7e-m+fp/hard\libgcc.a(_arm_cmpdf2.o)
                0x00000000080035bc                __gtdf2
                0x00000000080035bc                __gedf2
                0x00000000080035c4                __ltdf2
                0x00000000080035c4                __ledf2
                0x00000000080035cc                __nedf2
                0x00000000080035cc                __eqdf2
                0x00000000080035cc                __cmpdf2
                0x0000000008003648                __aeabi_cdrcmple
                0x0000000008003658                __aeabi_cdcmpeq
                0x0000000008003658                __aeabi_cdcmple
                0x0000000008003668                __aeabi_dcmpeq
                0x000000000800367c                __aeabi_dcmplt
                0x0000000008003690                __aeabi_dcmple
                0x00000000080036a4                __aeabi_dcmpge
                0x00000000080036b8                __aeabi_dcmpgt
 .text          0x00000000080036cc       0x2c c:/st/stm32cubeide_1.7.0/stm32cubeide/plugins/com.st.stm32cube.ide.mcu.externaltools.gnu-tools-for-stm32.9-2020-q2-update.win32_2.0.0.202105311346/tools/bin/../lib/gcc/arm-none-eabi/9.3.1/thumb/v7e-m+fp/hard\libgcc.a(_arm_unorddf2.o)
                0x00000000080036cc                __unorddf2
                0x00000000080036cc                __aeabi_dcmpun
 .text          0x00000000080036f8       0x50 c:/st/stm32cubeide_1.7.0/stm32cubeide/plugins/com.st.stm32cube.ide.mcu.externaltools.gnu-tools-for-stm32.9-2020-q2-update.win32_2.0.0.202105311346/tools/bin/../lib/gcc/arm-none-eabi/9.3.1/thumb/v7e-m+fp/hard\libgcc.a(_arm_fixdfsi.o)
                0x00000000080036f8                __aeabi_d2iz
                0x00000000080036f8                __fixdfsi
 .text          0x0000000008003748       0xa0 c:/st/stm32cubeide_1.7.0/stm32cubeide/plugins/com.st.stm32cube.ide.mcu.externaltools.gnu-tools-for-stm32.9-2020-q2-update.win32_2.0.0.202105311346/tools/bin/../lib/gcc/arm-none-eabi/9.3.1/thumb/v7e-m+fp/hard\libgcc.a(_arm_truncdfsf2.o)
                0x0000000008003748                __truncdfsf2
                0x0000000008003748                __aeabi_d2f
 .text          0x00000000080037e8      0x21c c:/st/stm32cubeide_1.7.0/stm32cubeide/plugins/com.st.stm32cube.ide.mcu.externaltools.gnu-tools-for-stm32.9-2020-q2-update.win32_2.0.0.202105311346/tools/bin/../lib/gcc/arm-none-eabi/9.3.1/thumb/v7e-m+fp/hard\libgcc.a(_arm_addsubsf3.o)
                0x00000000080037e8                __aeabi_frsub
                0x00000000080037f0                __subsf3
                0x00000000080037f0                __aeabi_fsub
                0x00000000080037f4                __aeabi_fadd
                0x00000000080037f4                __addsf3
                0x0000000008003954                __aeabi_ui2f
                0x0000000008003954                __floatunsisf
                0x000000000800395c                __aeabi_i2f
                0x000000000800395c                __floatsisf
                0x0000000008003978                __aeabi_ul2f
                0x0000000008003978                __floatundisf
                0x0000000008003988                __aeabi_l2f
                0x0000000008003988                __floatdisf
 .text          0x0000000008003a04       0xa0 c:/st/stm32cubeide_1.7.0/stm32cubeide/plugins/com.st.stm32cube.ide.mcu.externaltools.gnu-tools-for-stm32.9-2020-q2-update.win32_2.0.0.202105311346/tools/bin/../lib/gcc/arm-none-eabi/9.3.1/thumb/v7e-m+fp/hard\libgcc.a(_aeabi_ldivmod.o)
                0x0000000008003a04                __aeabi_ldivmod
 .text          0x0000000008003aa4       0x30 c:/st/stm32cubeide_1.7.0/stm32cubeide/plugins/com.st.stm32cube.ide.mcu.externaltools.gnu-tools-for-stm32.9-2020-q2-update.win32_2.0.0.202105311346/tools/bin/../lib/gcc/arm-none-eabi/9.3.1/thumb/v7e-m+fp/hard\libgcc.a(_aeabi_uldivmod.o)
                0x0000000008003aa4                __aeabi_uldivmod
 .text          0x0000000008003ad4       0x28 c:/st/stm32cubeide_1.7.0/stm32cubeide/plugins/com.st.stm32cube.ide.mcu.externaltools.gnu-tools-for-stm32.9-2020-q2-update.win32_2.0.0.202105311346/tools/bin/../lib/gcc/arm-none-eabi/9.3.1/thumb/v7e-m+fp/hard\libgcc.a(_fixsfdi.o)
                0x0000000008003ad4                __fixsfdi
                0x0000000008003ad4                __aeabi_f2lz
 .text          0x0000000008003afc       0x40 c:/st/stm32cubeide_1.7.0/stm32cubeide/plugins/com.st.stm32cube.ide.mcu.externaltools.gnu-tools-for-stm32.9-2020-q2-update.win32_2.0.0.202105311346/tools/bin/../lib/gcc/arm-none-eabi/9.3.1/thumb/v7e-m+fp/hard\libgcc.a(_fixunssfdi.o)
                0x0000000008003afc                __fixunssfdi
                0x0000000008003afc                __aeabi_f2ulz
 .text          0x0000000008003b3c      0x2c4 c:/st/stm32cubeide_1.7.0/stm32cubeide/plugins/com.st.stm32cube.ide.mcu.externaltools.gnu-tools-for-stm32.9-2020-q2-update.win32_2.0.0.202105311346/tools/bin/../lib/gcc/arm-none-eabi/9.3.1/thumb/v7e-m+fp/hard\libgcc.a(_udivmoddi4.o)
                0x0000000008003b3c                __udivmoddi4
 .text          0x0000000008003e00        0x4 c:/st/stm32cubeide_1.7.0/stm32cubeide/plugins/com.st.stm32cube.ide.mcu.externaltools.gnu-tools-for-stm32.9-2020-q2-update.win32_2.0.0.202105311346/tools/bin/../lib/gcc/arm-none-eabi/9.3.1/thumb/v7e-m+fp/hard\libgcc.a(_dvmd_tls.o)
                0x0000000008003e00                __aeabi_idiv0
                0x0000000008003e00                __aeabi_ldiv0
 .text          0x0000000008003e04       0x40 c:/st/stm32cubeide_1.7.0/stm32cubeide/plugins/com.st.stm32cube.ide.mcu.externaltools.gnu-tools-for-stm32.9-2020-q2-update.win32_2.0.0.202105311346/tools/bin/../lib/gcc/arm-none-eabi/9.3.1/thumb/v7e-m+fp/hard\libgcc.a(_arm_fixunsdfsi.o)
                0x0000000008003e04                __aeabi_d2uiz
                0x0000000008003e04                __fixunsdfsi
 *(.text*)
 .text.checkMPUI2C
                0x0000000008003e44       0xbc ./Core/Src/main.o
                0x0000000008003e44                checkMPUI2C
 .text.initMPU  0x0000000008003f00      0x1c8 ./Core/Src/main.o
                0x0000000008003f00                initMPU
 .text.run_self_test
                0x00000000080040c8      0x20c ./Core/Src/main.o
 *fill*         0x00000000080042d4        0x4 
 .text.main     0x00000000080042d8      0x410 ./Core/Src/main.o
                0x00000000080042d8                main
 .text.SystemClock_Config
                0x00000000080046e8       0xd8 ./Core/Src/main.o
                0x00000000080046e8                SystemClock_Config
 .text.MX_I2C1_Init
                0x00000000080047c0       0x5c ./Core/Src/main.o
 .text.MX_USART2_UART_Init
                0x000000000800481c       0x54 ./Core/Src/main.o
 .text.MX_GPIO_Init
                0x0000000008004870       0x50 ./Core/Src/main.o
 .text.Error_Handler
                0x00000000080048c0        0xa ./Core/Src/main.o
                0x00000000080048c0                Error_Handler
 *fill*         0x00000000080048ca        0x2 
 .text.HAL_MspInit
                0x00000000080048cc       0x50 ./Core/Src/stm32f4xx_hal_msp.o
                0x00000000080048cc                HAL_MspInit
 .text.HAL_I2C_MspInit
                0x000000000800491c       0x90 ./Core/Src/stm32f4xx_hal_msp.o
                0x000000000800491c                HAL_I2C_MspInit
 .text.HAL_UART_MspInit
                0x00000000080049ac       0xa0 ./Core/Src/stm32f4xx_hal_msp.o
                0x00000000080049ac                HAL_UART_MspInit
 .text.NMI_Handler
                0x0000000008004a4c        0x6 ./Core/Src/stm32f4xx_it.o
                0x0000000008004a4c                NMI_Handler
 .text.HardFault_Handler
                0x0000000008004a52        0x6 ./Core/Src/stm32f4xx_it.o
                0x0000000008004a52                HardFault_Handler
 .text.MemManage_Handler
                0x0000000008004a58        0x6 ./Core/Src/stm32f4xx_it.o
                0x0000000008004a58                MemManage_Handler
 .text.BusFault_Handler
                0x0000000008004a5e        0x6 ./Core/Src/stm32f4xx_it.o
                0x0000000008004a5e                BusFault_Handler
 .text.UsageFault_Handler
                0x0000000008004a64        0x6 ./Core/Src/stm32f4xx_it.o
                0x0000000008004a64                UsageFault_Handler
 .text.SVC_Handler
                0x0000000008004a6a        0xe ./Core/Src/stm32f4xx_it.o
                0x0000000008004a6a                SVC_Handler
 .text.DebugMon_Handler
                0x0000000008004a78        0xe ./Core/Src/stm32f4xx_it.o
                0x0000000008004a78                DebugMon_Handler
 .text.PendSV_Handler
                0x0000000008004a86        0xe ./Core/Src/stm32f4xx_it.o
                0x0000000008004a86                PendSV_Handler
 .text.SysTick_Handler
                0x0000000008004a94        0xc ./Core/Src/stm32f4xx_it.o
                0x0000000008004a94                SysTick_Handler
 .text.USART2_IRQHandler
                0x0000000008004aa0       0x14 ./Core/Src/stm32f4xx_it.o
                0x0000000008004aa0                USART2_IRQHandler
 .text._getpid  0x0000000008004ab4       0x10 ./Core/Src/syscalls.o
                0x0000000008004ab4                _getpid
 .text._kill    0x0000000008004ac4       0x20 ./Core/Src/syscalls.o
                0x0000000008004ac4                _kill
 .text._exit    0x0000000008004ae4       0x14 ./Core/Src/syscalls.o
                0x0000000008004ae4                _exit
 .text._read    0x0000000008004af8       0x3a ./Core/Src/syscalls.o
                0x0000000008004af8                _read
 .text._write   0x0000000008004b32       0x38 ./Core/Src/syscalls.o
                0x0000000008004b32                _write
 .text._close   0x0000000008004b6a       0x18 ./Core/Src/syscalls.o
                0x0000000008004b6a                _close
 .text._fstat   0x0000000008004b82       0x20 ./Core/Src/syscalls.o
                0x0000000008004b82                _fstat
 .text._isatty  0x0000000008004ba2       0x16 ./Core/Src/syscalls.o
                0x0000000008004ba2                _isatty
 .text._lseek   0x0000000008004bb8       0x1a ./Core/Src/syscalls.o
                0x0000000008004bb8                _lseek
 *fill*         0x0000000008004bd2        0x2 
 .text._sbrk    0x0000000008004bd4       0x6c ./Core/Src/sysmem.o
                0x0000000008004bd4                _sbrk
 .text.SystemInit
                0x0000000008004c40       0x24 ./Core/Src/system_stm32f4xx.o
                0x0000000008004c40                SystemInit
 .text.Reset_Handler
                0x0000000008004c64       0x50 ./Core/Startup/startup_stm32f401retx.o
                0x0000000008004c64                Reset_Handler
 .text.Default_Handler
                0x0000000008004cb4        0x2 ./Core/Startup/startup_stm32f401retx.o
                0x0000000008004cb4                RTC_Alarm_IRQHandler
                0x0000000008004cb4                EXTI2_IRQHandler
                0x0000000008004cb4                SPI4_IRQHandler
                0x0000000008004cb4                TIM1_CC_IRQHandler
                0x0000000008004cb4                DMA2_Stream5_IRQHandler
                0x0000000008004cb4                DMA1_Stream5_IRQHandler
                0x0000000008004cb4                PVD_IRQHandler
                0x0000000008004cb4                SDIO_IRQHandler
                0x0000000008004cb4                TAMP_STAMP_IRQHandler
                0x0000000008004cb4                EXTI3_IRQHandler
                0x0000000008004cb4                TIM1_UP_TIM10_IRQHandler
                0x0000000008004cb4                I2C3_ER_IRQHandler
                0x0000000008004cb4                EXTI0_IRQHandler
                0x0000000008004cb4                I2C2_EV_IRQHandler
                0x0000000008004cb4                DMA1_Stream2_IRQHandler
                0x0000000008004cb4                FPU_IRQHandler
                0x0000000008004cb4                DMA2_Stream2_IRQHandler
                0x0000000008004cb4                SPI1_IRQHandler
                0x0000000008004cb4                TIM1_BRK_TIM9_IRQHandler
                0x0000000008004cb4                DMA2_Stream3_IRQHandler
                0x0000000008004cb4                USART6_IRQHandler
                0x0000000008004cb4                DMA2_Stream0_IRQHandler
                0x0000000008004cb4                TIM4_IRQHandler
                0x0000000008004cb4                I2C1_EV_IRQHandler
                0x0000000008004cb4                DMA1_Stream6_IRQHandler
                0x0000000008004cb4                DMA1_Stream1_IRQHandler
                0x0000000008004cb4                TIM3_IRQHandler
                0x0000000008004cb4                RCC_IRQHandler
                0x0000000008004cb4                Default_Handler
                0x0000000008004cb4                EXTI15_10_IRQHandler
                0x0000000008004cb4                ADC_IRQHandler
                0x0000000008004cb4                DMA1_Stream7_IRQHandler
                0x0000000008004cb4                TIM5_IRQHandler
                0x0000000008004cb4                DMA2_Stream7_IRQHandler
                0x0000000008004cb4                I2C3_EV_IRQHandler
                0x0000000008004cb4                EXTI9_5_IRQHandler
                0x0000000008004cb4                RTC_WKUP_IRQHandler
                0x0000000008004cb4                SPI2_IRQHandler
                0x0000000008004cb4                DMA1_Stream0_IRQHandler
                0x0000000008004cb4                EXTI4_IRQHandler
                0x0000000008004cb4                WWDG_IRQHandler
                0x0000000008004cb4                TIM2_IRQHandler
                0x0000000008004cb4                OTG_FS_WKUP_IRQHandler
                0x0000000008004cb4                TIM1_TRG_COM_TIM11_IRQHandler
                0x0000000008004cb4                EXTI1_IRQHandler
                0x0000000008004cb4                I2C2_ER_IRQHandler
                0x0000000008004cb4                DMA2_Stream1_IRQHandler
                0x0000000008004cb4                FLASH_IRQHandler
                0x0000000008004cb4                DMA2_Stream4_IRQHandler
                0x0000000008004cb4                USART1_IRQHandler
                0x0000000008004cb4                OTG_FS_IRQHandler
                0x0000000008004cb4                SPI3_IRQHandler
                0x0000000008004cb4                DMA1_Stream4_IRQHandler
                0x0000000008004cb4                I2C1_ER_IRQHandler
                0x0000000008004cb4                DMA2_Stream6_IRQHandler
                0x0000000008004cb4                DMA1_Stream3_IRQHandler
 *fill*         0x0000000008004cb6        0x2 
 .text.HAL_Init
                0x0000000008004cb8       0x44 ./Drivers/STM32F4xx_HAL_Driver/Src/stm32f4xx_hal.o
                0x0000000008004cb8                HAL_Init
 .text.HAL_InitTick
                0x0000000008004cfc       0x60 ./Drivers/STM32F4xx_HAL_Driver/Src/stm32f4xx_hal.o
                0x0000000008004cfc                HAL_InitTick
 .text.HAL_IncTick
                0x0000000008004d5c       0x28 ./Drivers/STM32F4xx_HAL_Driver/Src/stm32f4xx_hal.o
                0x0000000008004d5c                HAL_IncTick
 .text.HAL_GetTick
                0x0000000008004d84       0x18 ./Drivers/STM32F4xx_HAL_Driver/Src/stm32f4xx_hal.o
                0x0000000008004d84                HAL_GetTick
 .text.HAL_Delay
                0x0000000008004d9c       0x48 ./Drivers/STM32F4xx_HAL_Driver/Src/stm32f4xx_hal.o
                0x0000000008004d9c                HAL_Delay
 .text.__NVIC_SetPriorityGrouping
                0x0000000008004de4       0x48 ./Drivers/STM32F4xx_HAL_Driver/Src/stm32f4xx_hal_cortex.o
 .text.__NVIC_GetPriorityGrouping
                0x0000000008004e2c       0x1c ./Drivers/STM32F4xx_HAL_Driver/Src/stm32f4xx_hal_cortex.o
 .text.__NVIC_EnableIRQ
                0x0000000008004e48       0x3c ./Drivers/STM32F4xx_HAL_Driver/Src/stm32f4xx_hal_cortex.o
 .text.__NVIC_SetPriority
                0x0000000008004e84       0x54 ./Drivers/STM32F4xx_HAL_Driver/Src/stm32f4xx_hal_cortex.o
 .text.NVIC_EncodePriority
                0x0000000008004ed8       0x66 ./Drivers/STM32F4xx_HAL_Driver/Src/stm32f4xx_hal_cortex.o
 *fill*         0x0000000008004f3e        0x2 
 .text.SysTick_Config
                0x0000000008004f40       0x44 ./Drivers/STM32F4xx_HAL_Driver/Src/stm32f4xx_hal_cortex.o
 .text.HAL_NVIC_SetPriorityGrouping
                0x0000000008004f84       0x16 ./Drivers/STM32F4xx_HAL_Driver/Src/stm32f4xx_hal_cortex.o
                0x0000000008004f84                HAL_NVIC_SetPriorityGrouping
 .text.HAL_NVIC_SetPriority
                0x0000000008004f9a       0x38 ./Drivers/STM32F4xx_HAL_Driver/Src/stm32f4xx_hal_cortex.o
                0x0000000008004f9a                HAL_NVIC_SetPriority
 .text.HAL_NVIC_EnableIRQ
                0x0000000008004fd2       0x1c ./Drivers/STM32F4xx_HAL_Driver/Src/stm32f4xx_hal_cortex.o
                0x0000000008004fd2                HAL_NVIC_EnableIRQ
 .text.HAL_SYSTICK_Config
                0x0000000008004fee       0x18 ./Drivers/STM32F4xx_HAL_Driver/Src/stm32f4xx_hal_cortex.o
                0x0000000008004fee                HAL_SYSTICK_Config
 .text.HAL_DMA_Abort
                0x0000000008005006       0xe0 ./Drivers/STM32F4xx_HAL_Driver/Src/stm32f4xx_hal_dma.o
                0x0000000008005006                HAL_DMA_Abort
 .text.HAL_DMA_Abort_IT
                0x00000000080050e6       0x44 ./Drivers/STM32F4xx_HAL_Driver/Src/stm32f4xx_hal_dma.o
                0x00000000080050e6                HAL_DMA_Abort_IT
 *fill*         0x000000000800512a        0x2 
 .text.HAL_GPIO_Init
                0x000000000800512c      0x308 ./Drivers/STM32F4xx_HAL_Driver/Src/stm32f4xx_hal_gpio.o
                0x000000000800512c                HAL_GPIO_Init
 .text.HAL_I2C_Init
                0x0000000008005434      0x288 ./Drivers/STM32F4xx_HAL_Driver/Src/stm32f4xx_hal_i2c.o
                0x0000000008005434                HAL_I2C_Init
 .text.HAL_I2C_Mem_Write
                0x00000000080056bc      0x1f4 ./Drivers/STM32F4xx_HAL_Driver/Src/stm32f4xx_hal_i2c.o
                0x00000000080056bc                HAL_I2C_Mem_Write
 .text.HAL_I2C_Mem_Read
                0x00000000080058b0      0x44c ./Drivers/STM32F4xx_HAL_Driver/Src/stm32f4xx_hal_i2c.o
                0x00000000080058b0                HAL_I2C_Mem_Read
 .text.I2C_RequestMemoryWrite
                0x0000000008005cfc      0x12c ./Drivers/STM32F4xx_HAL_Driver/Src/stm32f4xx_hal_i2c.o
 .text.I2C_RequestMemoryRead
                0x0000000008005e28      0x1d0 ./Drivers/STM32F4xx_HAL_Driver/Src/stm32f4xx_hal_i2c.o
 .text.I2C_WaitOnFlagUntilTimeout
                0x0000000008005ff8       0xae ./Drivers/STM32F4xx_HAL_Driver/Src/stm32f4xx_hal_i2c.o
 .text.I2C_WaitOnMasterAddressFlagUntilTimeout
                0x00000000080060a6       0xfe ./Drivers/STM32F4xx_HAL_Driver/Src/stm32f4xx_hal_i2c.o
 .text.I2C_WaitOnTXEFlagUntilTimeout
                0x00000000080061a4       0x82 ./Drivers/STM32F4xx_HAL_Driver/Src/stm32f4xx_hal_i2c.o
 .text.I2C_WaitOnBTFFlagUntilTimeout
                0x0000000008006226       0x82 ./Drivers/STM32F4xx_HAL_Driver/Src/stm32f4xx_hal_i2c.o
 .text.I2C_WaitOnRXNEFlagUntilTimeout
                0x00000000080062a8       0xac ./Drivers/STM32F4xx_HAL_Driver/Src/stm32f4xx_hal_i2c.o
 .text.I2C_IsAcknowledgeFailed
                0x0000000008006354       0x5e ./Drivers/STM32F4xx_HAL_Driver/Src/stm32f4xx_hal_i2c.o
 *fill*         0x00000000080063b2        0x2 
 .text.HAL_RCC_OscConfig
                0x00000000080063b4      0x4f0 ./Drivers/STM32F4xx_HAL_Driver/Src/stm32f4xx_hal_rcc.o
                0x00000000080063b4                HAL_RCC_OscConfig
 .text.HAL_RCC_ClockConfig
                0x00000000080068a4      0x1cc ./Drivers/STM32F4xx_HAL_Driver/Src/stm32f4xx_hal_rcc.o
                0x00000000080068a4                HAL_RCC_ClockConfig
 .text.HAL_RCC_GetSysClockFreq
                0x0000000008006a70      0x1c4 ./Drivers/STM32F4xx_HAL_Driver/Src/stm32f4xx_hal_rcc.o
                0x0000000008006a70                HAL_RCC_GetSysClockFreq
 .text.HAL_RCC_GetHCLKFreq
                0x0000000008006c34       0x18 ./Drivers/STM32F4xx_HAL_Driver/Src/stm32f4xx_hal_rcc.o
                0x0000000008006c34                HAL_RCC_GetHCLKFreq
 .text.HAL_RCC_GetPCLK1Freq
                0x0000000008006c4c       0x28 ./Drivers/STM32F4xx_HAL_Driver/Src/stm32f4xx_hal_rcc.o
                0x0000000008006c4c                HAL_RCC_GetPCLK1Freq
 .text.HAL_RCC_GetPCLK2Freq
                0x0000000008006c74       0x28 ./Drivers/STM32F4xx_HAL_Driver/Src/stm32f4xx_hal_rcc.o
                0x0000000008006c74                HAL_RCC_GetPCLK2Freq
 .text.HAL_UART_Init
                0x0000000008006c9c       0x9a ./Drivers/STM32F4xx_HAL_Driver/Src/stm32f4xx_hal_uart.o
                0x0000000008006c9c                HAL_UART_Init
 .text.HAL_UART_Transmit
                0x0000000008006d36      0x124 ./Drivers/STM32F4xx_HAL_Driver/Src/stm32f4xx_hal_uart.o
                0x0000000008006d36                HAL_UART_Transmit
 *fill*         0x0000000008006e5a        0x2 
 .text.HAL_UART_IRQHandler
                0x0000000008006e5c      0x51c ./Drivers/STM32F4xx_HAL_Driver/Src/stm32f4xx_hal_uart.o
                0x0000000008006e5c                HAL_UART_IRQHandler
 .text.HAL_UART_TxCpltCallback
                0x0000000008007378       0x14 ./Drivers/STM32F4xx_HAL_Driver/Src/stm32f4xx_hal_uart.o
                0x0000000008007378                HAL_UART_TxCpltCallback
 .text.HAL_UART_RxCpltCallback
                0x000000000800738c       0x14 ./Drivers/STM32F4xx_HAL_Driver/Src/stm32f4xx_hal_uart.o
                0x000000000800738c                HAL_UART_RxCpltCallback
 .text.HAL_UART_ErrorCallback
                0x00000000080073a0       0x14 ./Drivers/STM32F4xx_HAL_Driver/Src/stm32f4xx_hal_uart.o
                0x00000000080073a0                HAL_UART_ErrorCallback
 .text.HAL_UARTEx_RxEventCallback
                0x00000000080073b4       0x18 ./Drivers/STM32F4xx_HAL_Driver/Src/stm32f4xx_hal_uart.o
                0x00000000080073b4                HAL_UARTEx_RxEventCallback
 .text.UART_WaitOnFlagUntilTimeout
                0x00000000080073cc       0xdc ./Drivers/STM32F4xx_HAL_Driver/Src/stm32f4xx_hal_uart.o
 .text.UART_EndRxTransfer
                0x00000000080074a8       0xc6 ./Drivers/STM32F4xx_HAL_Driver/Src/stm32f4xx_hal_uart.o
 .text.UART_DMAAbortOnError
                0x000000000800756e       0x28 ./Drivers/STM32F4xx_HAL_Driver/Src/stm32f4xx_hal_uart.o
 .text.UART_Transmit_IT
                0x0000000008007596       0xa0 ./Drivers/STM32F4xx_HAL_Driver/Src/stm32f4xx_hal_uart.o
 .text.UART_EndTransmit_IT
                0x0000000008007636       0x30 ./Drivers/STM32F4xx_HAL_Driver/Src/stm32f4xx_hal_uart.o
 .text.UART_Receive_IT
                0x0000000008007666      0x176 ./Drivers/STM32F4xx_HAL_Driver/Src/stm32f4xx_hal_uart.o
 .text.UART_SetConfig
                0x00000000080077dc      0x390 ./Drivers/STM32F4xx_HAL_Driver/Src/stm32f4xx_hal_uart.o
 .text.set_int_enable
                0x0000000008007b6c       0xe4 ./eMD6.12/Core/driver/eMPL/Src/inv_mpu.o
 .text.mpu_init
                0x0000000008007c50      0x180 ./eMD6.12/Core/driver/eMPL/Src/inv_mpu.o
                0x0000000008007c50                mpu_init
 .text.mpu_lp_accel_mode
                0x0000000008007dd0      0x128 ./eMD6.12/Core/driver/eMPL/Src/inv_mpu.o
                0x0000000008007dd0                mpu_lp_accel_mode
 .text.mpu_reset_fifo
                0x0000000008007ef8      0x30c ./eMD6.12/Core/driver/eMPL/Src/inv_mpu.o
                0x0000000008007ef8                mpu_reset_fifo
 .text.mpu_get_gyro_fsr
                0x0000000008008204       0x68 ./eMD6.12/Core/driver/eMPL/Src/inv_mpu.o
                0x0000000008008204                mpu_get_gyro_fsr
 .text.mpu_set_gyro_fsr
                0x000000000800826c       0xc4 ./eMD6.12/Core/driver/eMPL/Src/inv_mpu.o
                0x000000000800826c                mpu_set_gyro_fsr
 .text.mpu_get_accel_fsr
                0x0000000008008330       0x74 ./eMD6.12/Core/driver/eMPL/Src/inv_mpu.o
                0x0000000008008330                mpu_get_accel_fsr
 .text.mpu_set_accel_fsr
                0x00000000080083a4       0xe8 ./eMD6.12/Core/driver/eMPL/Src/inv_mpu.o
                0x00000000080083a4                mpu_set_accel_fsr
 .text.mpu_get_lpf
                0x000000000800848c       0x7c ./eMD6.12/Core/driver/eMPL/Src/inv_mpu.o
                0x000000000800848c                mpu_get_lpf
 .text.mpu_set_lpf
                0x0000000008008508       0xb8 ./eMD6.12/Core/driver/eMPL/Src/inv_mpu.o
                0x0000000008008508                mpu_set_lpf
 .text.mpu_get_sample_rate
                0x00000000080085c0       0x34 ./eMD6.12/Core/driver/eMPL/Src/inv_mpu.o
                0x00000000080085c0                mpu_get_sample_rate
 .text.mpu_set_sample_rate
                0x00000000080085f4       0xe4 ./eMD6.12/Core/driver/eMPL/Src/inv_mpu.o
                0x00000000080085f4                mpu_set_sample_rate
 .text.mpu_get_gyro_sens
                0x00000000080086d8       0x70 ./eMD6.12/Core/driver/eMPL/Src/inv_mpu.o
                0x00000000080086d8                mpu_get_gyro_sens
 .text.mpu_get_accel_sens
                0x0000000008008748       0x7c ./eMD6.12/Core/driver/eMPL/Src/inv_mpu.o
                0x0000000008008748                mpu_get_accel_sens
 .text.mpu_get_fifo_config
                0x00000000080087c4       0x24 ./eMD6.12/Core/driver/eMPL/Src/inv_mpu.o
                0x00000000080087c4                mpu_get_fifo_config
 .text.mpu_configure_fifo
                0x00000000080087e8       0xa4 ./eMD6.12/Core/driver/eMPL/Src/inv_mpu.o
                0x00000000080087e8                mpu_configure_fifo
 .text.mpu_set_sensors
                0x000000000800888c      0x13c ./eMD6.12/Core/driver/eMPL/Src/inv_mpu.o
                0x000000000800888c                mpu_set_sensors
 .text.mpu_read_fifo_stream
                0x00000000080089c8      0x140 ./eMD6.12/Core/driver/eMPL/Src/inv_mpu.o
                0x00000000080089c8                mpu_read_fifo_stream
 .text.mpu_set_bypass
                0x0000000008008b08      0x214 ./eMD6.12/Core/driver/eMPL/Src/inv_mpu.o
                0x0000000008008b08                mpu_set_bypass
 .text.mpu_set_int_latched
                0x0000000008008d1c       0xa4 ./eMD6.12/Core/driver/eMPL/Src/inv_mpu.o
                0x0000000008008d1c                mpu_set_int_latched
 .text.get_accel_prod_shift
                0x0000000008008dc0      0x138 ./eMD6.12/Core/driver/eMPL/Src/inv_mpu.o
 .text.accel_self_test
                0x0000000008008ef8      0x10c ./eMD6.12/Core/driver/eMPL/Src/inv_mpu.o
 .text.gyro_self_test
                0x0000000008009004      0x198 ./eMD6.12/Core/driver/eMPL/Src/inv_mpu.o
 .text.get_st_biases
                0x000000000800919c      0x77c ./eMD6.12/Core/driver/eMPL/Src/inv_mpu.o
 .text.mpu_run_self_test
                0x0000000008009918      0x1ac ./eMD6.12/Core/driver/eMPL/Src/inv_mpu.o
                0x0000000008009918                mpu_run_self_test
 .text.mpu_write_mem
                0x0000000008009ac4       0xd4 ./eMD6.12/Core/driver/eMPL/Src/inv_mpu.o
                0x0000000008009ac4                mpu_write_mem
 .text.mpu_read_mem
                0x0000000008009b98       0xd4 ./eMD6.12/Core/driver/eMPL/Src/inv_mpu.o
                0x0000000008009b98                mpu_read_mem
 .text.mpu_load_firmware
                0x0000000008009c6c      0x114 ./eMD6.12/Core/driver/eMPL/Src/inv_mpu.o
                0x0000000008009c6c                mpu_load_firmware
 .text.mpu_set_dmp_state
                0x0000000008009d80       0xd4 ./eMD6.12/Core/driver/eMPL/Src/inv_mpu.o
                0x0000000008009d80                mpu_set_dmp_state
 .text.dmp_load_motion_driver_firmware
                0x0000000008009e54       0x20 ./eMD6.12/Core/driver/eMPL/Src/inv_mpu_dmp_motion_driver.o
                0x0000000008009e54                dmp_load_motion_driver_firmware
 .text.dmp_set_orientation
                0x0000000008009e74      0x1e4 ./eMD6.12/Core/driver/eMPL/Src/inv_mpu_dmp_motion_driver.o
                0x0000000008009e74                dmp_set_orientation
 .text.dmp_set_fifo_rate
                0x000000000800a058       0x90 ./eMD6.12/Core/driver/eMPL/Src/inv_mpu_dmp_motion_driver.o
                0x000000000800a058                dmp_set_fifo_rate
 .text.dmp_set_tap_thresh
                0x000000000800a0e8      0x26c ./eMD6.12/Core/driver/eMPL/Src/inv_mpu_dmp_motion_driver.o
                0x000000000800a0e8                dmp_set_tap_thresh
 .text.dmp_set_tap_axes
                0x000000000800a354       0x64 ./eMD6.12/Core/driver/eMPL/Src/inv_mpu_dmp_motion_driver.o
                0x000000000800a354                dmp_set_tap_axes
 .text.dmp_set_tap_count
                0x000000000800a3b8       0x42 ./eMD6.12/Core/driver/eMPL/Src/inv_mpu_dmp_motion_driver.o
                0x000000000800a3b8                dmp_set_tap_count
 *fill*         0x000000000800a3fa        0x2 
 .text.dmp_set_tap_time
                0x000000000800a3fc       0x44 ./eMD6.12/Core/driver/eMPL/Src/inv_mpu_dmp_motion_driver.o
                0x000000000800a3fc                dmp_set_tap_time
 .text.dmp_set_tap_time_multi
                0x000000000800a440       0x44 ./eMD6.12/Core/driver/eMPL/Src/inv_mpu_dmp_motion_driver.o
                0x000000000800a440                dmp_set_tap_time_multi
 .text.dmp_set_shake_reject_thresh
                0x000000000800a484       0x60 ./eMD6.12/Core/driver/eMPL/Src/inv_mpu_dmp_motion_driver.o
                0x000000000800a484                dmp_set_shake_reject_thresh
 .text.dmp_set_shake_reject_time
                0x000000000800a4e4       0x44 ./eMD6.12/Core/driver/eMPL/Src/inv_mpu_dmp_motion_driver.o
                0x000000000800a4e4                dmp_set_shake_reject_time
 .text.dmp_set_shake_reject_timeout
                0x000000000800a528       0x44 ./eMD6.12/Core/driver/eMPL/Src/inv_mpu_dmp_motion_driver.o
                0x000000000800a528                dmp_set_shake_reject_timeout
 .text.dmp_enable_feature
                0x000000000800a56c      0x250 ./eMD6.12/Core/driver/eMPL/Src/inv_mpu_dmp_motion_driver.o
                0x000000000800a56c                dmp_enable_feature
 .text.dmp_enable_gyro_cal
                0x000000000800a7bc       0x60 ./eMD6.12/Core/driver/eMPL/Src/inv_mpu_dmp_motion_driver.o
                0x000000000800a7bc                dmp_enable_gyro_cal
 .text.dmp_enable_lp_quat
                0x000000000800a81c       0x4e ./eMD6.12/Core/driver/eMPL/Src/inv_mpu_dmp_motion_driver.o
                0x000000000800a81c                dmp_enable_lp_quat
 .text.dmp_enable_6x_lp_quat
                0x000000000800a86a       0x4e ./eMD6.12/Core/driver/eMPL/Src/inv_mpu_dmp_motion_driver.o
                0x000000000800a86a                dmp_enable_6x_lp_quat
 .text.decode_gesture
                0x000000000800a8b8       0x88 ./eMD6.12/Core/driver/eMPL/Src/inv_mpu_dmp_motion_driver.o
 .text.dmp_read_fifo
                0x000000000800a940      0x2f4 ./eMD6.12/Core/driver/eMPL/Src/inv_mpu_dmp_motion_driver.o
                0x000000000800a940                dmp_read_fifo
 .text._MLPrintLog
                0x000000000800ac34      0x138 ./eMD6.12/Core/driver/stm32L/log_stm32.o
                0x000000000800ac34                _MLPrintLog
 .text.eMPL_send_quat
                0x000000000800ad6c      0x114 ./eMD6.12/Core/driver/stm32L/log_stm32.o
                0x000000000800ad6c                eMPL_send_quat
 .text.inv_generate_eMPL_outputs
                0x000000000800ae80      0x14c ./eMD6.12/Core/eMPL-hal/Src/eMPL_outputs.o
 .text.inv_start_eMPL_outputs
                0x000000000800afcc       0x1c ./eMD6.12/Core/eMPL-hal/Src/eMPL_outputs.o
 .text.inv_init_eMPL_outputs
                0x000000000800afe8       0x18 ./eMD6.12/Core/eMPL-hal/Src/eMPL_outputs.o
 .text.inv_enable_eMPL_outputs
                0x000000000800b000       0x2c ./eMD6.12/Core/eMPL-hal/Src/eMPL_outputs.o
                0x000000000800b000                inv_enable_eMPL_outputs
 .text.inv_db_load_func
                0x000000000800b02c       0x58 ./eMD6.12/Core/mllite/Src/data_builder.o
 .text.inv_db_save_func
                0x000000000800b084       0x20 ./eMD6.12/Core/mllite/Src/data_builder.o
 .text.inv_init_data_builder
                0x000000000800b0a4       0x44 ./eMD6.12/Core/mllite/Src/data_builder.o
                0x000000000800b0a4                inv_init_data_builder
 .text.set_sensor_orientation_and_scale
                0x000000000800b0e8       0x24 ./eMD6.12/Core/mllite/Src/data_builder.o
                0x000000000800b0e8                set_sensor_orientation_and_scale
 .text.inv_set_gyro_orientation_and_scale
                0x000000000800b10c       0x20 ./eMD6.12/Core/mllite/Src/data_builder.o
                0x000000000800b10c                inv_set_gyro_orientation_and_scale
 .text.inv_set_gyro_sample_rate
                0x000000000800b12c       0x4c ./eMD6.12/Core/mllite/Src/data_builder.o
                0x000000000800b12c                inv_set_gyro_sample_rate
 .text.inv_set_accel_sample_rate
                0x000000000800b178       0x50 ./eMD6.12/Core/mllite/Src/data_builder.o
                0x000000000800b178                inv_set_accel_sample_rate
 .text.inv_get_compass_on
                0x000000000800b1c8       0x28 ./eMD6.12/Core/mllite/Src/data_builder.o
                0x000000000800b1c8                inv_get_compass_on
 .text.inv_get_gyro_on
                0x000000000800b1f0       0x24 ./eMD6.12/Core/mllite/Src/data_builder.o
                0x000000000800b1f0                inv_get_gyro_on
 .text.inv_get_accel_on
                0x000000000800b214       0x24 ./eMD6.12/Core/mllite/Src/data_builder.o
                0x000000000800b214                inv_get_accel_on
 .text.inv_get_last_timestamp
                0x000000000800b238       0x90 ./eMD6.12/Core/mllite/Src/data_builder.o
                0x000000000800b238                inv_get_last_timestamp
 .text.inv_set_accel_orientation_and_scale
                0x000000000800b2c8       0x20 ./eMD6.12/Core/mllite/Src/data_builder.o
                0x000000000800b2c8                inv_set_accel_orientation_and_scale
 .text.inv_apply_calibration
                0x000000000800b2e8       0x94 ./eMD6.12/Core/mllite/Src/data_builder.o
                0x000000000800b2e8                inv_apply_calibration
 .text.inv_set_compass_disturbance
                0x000000000800b37c       0x20 ./eMD6.12/Core/mllite/Src/data_builder.o
                0x000000000800b37c                inv_set_compass_disturbance
 .text.inv_set_accel_bias
                0x000000000800b39c       0x64 ./eMD6.12/Core/mllite/Src/data_builder.o
                0x000000000800b39c                inv_set_accel_bias
 .text.inv_set_gyro_bias
                0x000000000800b400       0x88 ./eMD6.12/Core/mllite/Src/data_builder.o
                0x000000000800b400                inv_set_gyro_bias
 .text.inv_get_gyro_bias_tc_set
                0x000000000800b488       0x34 ./eMD6.12/Core/mllite/Src/data_builder.o
                0x000000000800b488                inv_get_gyro_bias_tc_set
 .text.inv_get_gyro_bias
                0x000000000800b4bc       0x3c ./eMD6.12/Core/mllite/Src/data_builder.o
                0x000000000800b4bc                inv_get_gyro_bias
 .text.inv_build_quat
                0x000000000800b4f8       0x54 ./eMD6.12/Core/mllite/Src/data_builder.o
                0x000000000800b4f8                inv_build_quat
 .text.inv_register_data_cb
                0x000000000800b54c      0x14c ./eMD6.12/Core/mllite/Src/data_builder.o
                0x000000000800b54c                inv_register_data_cb
 .text.inv_unregister_data_cb
                0x000000000800b698       0x98 ./eMD6.12/Core/mllite/Src/data_builder.o
                0x000000000800b698                inv_unregister_data_cb
 .text.inv_get_accel_set
                0x000000000800b730       0x4c ./eMD6.12/Core/mllite/Src/data_builder.o
                0x000000000800b730                inv_get_accel_set
 .text.inv_get_gyro
                0x000000000800b77c       0x20 ./eMD6.12/Core/mllite/Src/data_builder.o
                0x000000000800b77c                inv_get_gyro
 .text.inv_get_gyro_accuracy
                0x000000000800b79c       0x18 ./eMD6.12/Core/mllite/Src/data_builder.o
                0x000000000800b79c                inv_get_gyro_accuracy
 .text.inv_get_mag_accuracy
                0x000000000800b7b4       0x2c ./eMD6.12/Core/mllite/Src/data_builder.o
                0x000000000800b7b4                inv_get_mag_accuracy
 .text.inv_get_accel_accuracy
                0x000000000800b7e0       0x18 ./eMD6.12/Core/mllite/Src/data_builder.o
                0x000000000800b7e0                inv_get_accel_accuracy
 .text.inv_reset_compass_soft_iron_matrix
                0x000000000800b7f8       0x80 ./eMD6.12/Core/mllite/Src/data_builder.o
                0x000000000800b7f8                inv_reset_compass_soft_iron_matrix
 .text.inv_disable_compass_soft_iron_matrix
                0x000000000800b878       0x1c ./eMD6.12/Core/mllite/Src/data_builder.o
                0x000000000800b878                inv_disable_compass_soft_iron_matrix
 .text.inv_set_message
                0x000000000800b894       0x3c ./eMD6.12/Core/mllite/Src/message_layer.o
                0x000000000800b894                inv_set_message
 .text.inv_q30_to_float
                0x000000000800b8d0       0x30 ./eMD6.12/Core/mllite/Src/ml_math_func.o
 .text.inv_compass_angle
                0x000000000800b900      0x120 ./eMD6.12/Core/mllite/Src/ml_math_func.o
                0x000000000800b900                inv_compass_angle
 .text.inv_get_gyro_sum_of_sqr
                0x000000000800ba20       0x48 ./eMD6.12/Core/mllite/Src/ml_math_func.o
                0x000000000800ba20                inv_get_gyro_sum_of_sqr
 .text.inv_q29_mult
                0x000000000800ba68       0x58 ./eMD6.12/Core/mllite/Src/ml_math_func.o
                0x000000000800ba68                inv_q29_mult
 .text.inv_q30_mult
                0x000000000800bac0       0x58 ./eMD6.12/Core/mllite/Src/ml_math_func.o
                0x000000000800bac0                inv_q30_mult
 .text.inv_q_mult
                0x000000000800bb18      0x192 ./eMD6.12/Core/mllite/Src/ml_math_func.o
                0x000000000800bb18                inv_q_mult
 .text.inv_q_add
                0x000000000800bcaa       0x62 ./eMD6.12/Core/mllite/Src/ml_math_func.o
                0x000000000800bcaa                inv_q_add
 .text.inv_q_invert
                0x000000000800bd0c       0x48 ./eMD6.12/Core/mllite/Src/ml_math_func.o
                0x000000000800bd0c                inv_q_invert
 .text.inv_q_rotate
                0x000000000800bd54       0x66 ./eMD6.12/Core/mllite/Src/ml_math_func.o
                0x000000000800bd54                inv_q_rotate
 .text.inv_q_multf
                0x000000000800bdba      0x196 ./eMD6.12/Core/mllite/Src/ml_math_func.o
                0x000000000800bdba                inv_q_multf
 .text.inv_q_addf
                0x000000000800bf50       0x82 ./eMD6.12/Core/mllite/Src/ml_math_func.o
                0x000000000800bf50                inv_q_addf
 .text.inv_q_normalizef
                0x000000000800bfd2      0x220 ./eMD6.12/Core/mllite/Src/ml_math_func.o
                0x000000000800bfd2                inv_q_normalizef
 .text.inv_q_norm4
                0x000000000800c1f2      0x106 ./eMD6.12/Core/mllite/Src/ml_math_func.o
                0x000000000800c1f2                inv_q_norm4
 .text.inv_q_invertf
                0x000000000800c2f8       0x5a ./eMD6.12/Core/mllite/Src/ml_math_func.o
                0x000000000800c2f8                inv_q_invertf
 .text.inv_quaternion_to_rotation
                0x000000000800c352      0x1d8 ./eMD6.12/Core/mllite/Src/ml_math_func.o
                0x000000000800c352                inv_quaternion_to_rotation
 .text.inv_row_2_scale
                0x000000000800c52a       0x82 ./eMD6.12/Core/mllite/Src/ml_math_func.o
 .text.inv_orientation_matrix_to_scalar
                0x000000000800c5ac       0x50 ./eMD6.12/Core/mllite/Src/ml_math_func.o
                0x000000000800c5ac                inv_orientation_matrix_to_scalar
 .text.inv_convert_to_body_with_scale
                0x000000000800c5fc       0xbc ./eMD6.12/Core/mllite/Src/ml_math_func.o
                0x000000000800c5fc                inv_convert_to_body_with_scale
 .text.__print_result_location
                0x000000000800c6b8       0x34 ./eMD6.12/Core/mllite/Src/mpl.o
 .text.inv_init_mpl
                0x000000000800c6ec       0x78 ./eMD6.12/Core/mllite/Src/mpl.o
                0x000000000800c6ec                inv_init_mpl
 .text.inv_start_mpl
                0x000000000800c764       0x34 ./eMD6.12/Core/mllite/Src/mpl.o
                0x000000000800c764                inv_start_mpl
 .text.inv_store_gaming_quaternion
                0x000000000800c798       0x38 ./eMD6.12/Core/mllite/Src/results_holder.o
                0x000000000800c798                inv_store_gaming_quaternion
 .text.inv_set_compass_correction
                0x000000000800c7d0       0x38 ./eMD6.12/Core/mllite/Src/results_holder.o
                0x000000000800c7d0                inv_set_compass_correction
 .text.inv_get_compass_correction
                0x000000000800c808       0x2c ./eMD6.12/Core/mllite/Src/results_holder.o
                0x000000000800c808                inv_get_compass_correction
 .text.inv_get_acc_state
                0x000000000800c834       0x18 ./eMD6.12/Core/mllite/Src/results_holder.o
                0x000000000800c834                inv_get_acc_state
 .text.inv_get_motion_state
                0x000000000800c84c       0x28 ./eMD6.12/Core/mllite/Src/results_holder.o
                0x000000000800c84c                inv_get_motion_state
 .text.inv_set_motion_state
                0x000000000800c874       0x64 ./eMD6.12/Core/mllite/Src/results_holder.o
                0x000000000800c874                inv_set_motion_state
 .text.inv_get_local_field
                0x000000000800c8d8       0x20 ./eMD6.12/Core/mllite/Src/results_holder.o
                0x000000000800c8d8                inv_get_local_field
 .text.inv_get_gravity
                0x000000000800c8f8       0x9c ./eMD6.12/Core/mllite/Src/results_holder.o
                0x000000000800c8f8                inv_get_gravity
 .text.inv_get_6axis_quaternion
                0x000000000800c994       0x20 ./eMD6.12/Core/mllite/Src/results_holder.o
                0x000000000800c994                inv_get_6axis_quaternion
 .text.inv_get_quaternion
                0x000000000800c9b4       0x4c ./eMD6.12/Core/mllite/Src/results_holder.o
                0x000000000800c9b4                inv_get_quaternion
 .text.inv_get_quaternion_set
                0x000000000800ca00       0x6c ./eMD6.12/Core/mllite/Src/results_holder.o
                0x000000000800ca00                inv_get_quaternion_set
 .text.inv_generate_results
                0x000000000800ca6c       0x24 ./eMD6.12/Core/mllite/Src/results_holder.o
                0x000000000800ca6c                inv_generate_results
 .text.inv_start_results_holder
                0x000000000800ca90       0x1c ./eMD6.12/Core/mllite/Src/results_holder.o
                0x000000000800ca90                inv_start_results_holder
 .text.inv_init_results_holder
                0x000000000800caac       0x54 ./eMD6.12/Core/mllite/Src/results_holder.o
                0x000000000800caac                inv_init_results_holder
 .text.inv_enable_results_holder
                0x000000000800cb00       0x2c ./eMD6.12/Core/mllite/Src/results_holder.o
                0x000000000800cb00                inv_enable_results_holder
 .text.inv_got_compass_bias
                0x000000000800cb2c       0x18 ./eMD6.12/Core/mllite/Src/results_holder.o
                0x000000000800cb2c                inv_got_compass_bias
 .text.inv_set_compass_bias_found
                0x000000000800cb44       0x20 ./eMD6.12/Core/mllite/Src/results_holder.o
                0x000000000800cb44                inv_set_compass_bias_found
 .text.inv_get_linear_accel
                0x000000000800cb64       0x62 ./eMD6.12/Core/mllite/Src/results_holder.o
                0x000000000800cb64                inv_get_linear_accel
 *fill*         0x000000000800cbc6        0x2 
 .text.inv_init_start_manager
                0x000000000800cbc8       0x18 ./eMD6.12/Core/mllite/Src/start_manager.o
                0x000000000800cbc8                inv_init_start_manager
 .text.inv_unregister_mpl_start_notification
                0x000000000800cbe0       0x80 ./eMD6.12/Core/mllite/Src/start_manager.o
                0x000000000800cbe0                inv_unregister_mpl_start_notification
 .text.inv_register_mpl_start_notification
                0x000000000800cc60       0x40 ./eMD6.12/Core/mllite/Src/start_manager.o
                0x000000000800cc60                inv_register_mpl_start_notification
 .text.inv_execute_mpl_start_notification
                0x000000000800cca0       0x4c ./eMD6.12/Core/mllite/Src/start_manager.o
                0x000000000800cca0                inv_execute_mpl_start_notification
 .text.inv_init_storage_manager
                0x000000000800ccec       0x20 ./eMD6.12/Core/mllite/Src/storage_manager.o
                0x000000000800ccec                inv_init_storage_manager
 .text.inv_register_load_store
                0x000000000800cd0c       0xc0 ./eMD6.12/Core/mllite/Src/storage_manager.o
                0x000000000800cd0c                inv_register_load_store
 .text.__errno  0x000000000800cdcc        0xc c:/st/stm32cubeide_1.7.0/stm32cubeide/plugins/com.st.stm32cube.ide.mcu.externaltools.gnu-tools-for-stm32.9-2020-q2-update.win32_2.0.0.202105311346/tools/bin/../lib/gcc/arm-none-eabi/9.3.1/../../../../arm-none-eabi/lib/thumb/v7e-m+fp/hard\libc_nano.a(lib_a-errno.o)
                0x000000000800cdcc                __errno
 .text.__libc_init_array
                0x000000000800cdd8       0x48 c:/st/stm32cubeide_1.7.0/stm32cubeide/plugins/com.st.stm32cube.ide.mcu.externaltools.gnu-tools-for-stm32.9-2020-q2-update.win32_2.0.0.202105311346/tools/bin/../lib/gcc/arm-none-eabi/9.3.1/../../../../arm-none-eabi/lib/thumb/v7e-m+fp/hard\libc_nano.a(lib_a-init.o)
                0x000000000800cdd8                __libc_init_array
 .text.memcmp   0x000000000800ce20       0x1c c:/st/stm32cubeide_1.7.0/stm32cubeide/plugins/com.st.stm32cube.ide.mcu.externaltools.gnu-tools-for-stm32.9-2020-q2-update.win32_2.0.0.202105311346/tools/bin/../lib/gcc/arm-none-eabi/9.3.1/../../../../arm-none-eabi/lib/thumb/v7e-m+fp/hard\libc_nano.a(lib_a-memcmp.o)
                0x000000000800ce20                memcmp
 .text.memcpy   0x000000000800ce3c       0x1c c:/st/stm32cubeide_1.7.0/stm32cubeide/plugins/com.st.stm32cube.ide.mcu.externaltools.gnu-tools-for-stm32.9-2020-q2-update.win32_2.0.0.202105311346/tools/bin/../lib/gcc/arm-none-eabi/9.3.1/../../../../arm-none-eabi/lib/thumb/v7e-m+fp/hard\libc_nano.a(lib_a-memcpy-stub.o)
                0x000000000800ce3c                memcpy
 .text.memmove  0x000000000800ce58       0x34 c:/st/stm32cubeide_1.7.0/stm32cubeide/plugins/com.st.stm32cube.ide.mcu.externaltools.gnu-tools-for-stm32.9-2020-q2-update.win32_2.0.0.202105311346/tools/bin/../lib/gcc/arm-none-eabi/9.3.1/../../../../arm-none-eabi/lib/thumb/v7e-m+fp/hard\libc_nano.a(lib_a-memmove.o)
                0x000000000800ce58                memmove
 .text.memset   0x000000000800ce8c       0x10 c:/st/stm32cubeide_1.7.0/stm32cubeide/plugins/com.st.stm32cube.ide.mcu.externaltools.gnu-tools-for-stm32.9-2020-q2-update.win32_2.0.0.202105311346/tools/bin/../lib/gcc/arm-none-eabi/9.3.1/../../../../arm-none-eabi/lib/thumb/v7e-m+fp/hard\libc_nano.a(lib_a-memset.o)
                0x000000000800ce8c                memset
 .text.__cvt    0x000000000800ce9c       0xc4 c:/st/stm32cubeide_1.7.0/stm32cubeide/plugins/com.st.stm32cube.ide.mcu.externaltools.gnu-tools-for-stm32.9-2020-q2-update.win32_2.0.0.202105311346/tools/bin/../lib/gcc/arm-none-eabi/9.3.1/../../../../arm-none-eabi/lib/thumb/v7e-m+fp/hard\libc_nano.a(lib_a-nano-vfprintf_float.o)
                0x000000000800ce9c                __cvt
 .text.__exponent
                0x000000000800cf60       0x7c c:/st/stm32cubeide_1.7.0/stm32cubeide/plugins/com.st.stm32cube.ide.mcu.externaltools.gnu-tools-for-stm32.9-2020-q2-update.win32_2.0.0.202105311346/tools/bin/../lib/gcc/arm-none-eabi/9.3.1/../../../../arm-none-eabi/lib/thumb/v7e-m+fp/hard\libc_nano.a(lib_a-nano-vfprintf_float.o)
                0x000000000800cf60                __exponent
 .text._printf_float
                0x000000000800cfdc      0x46c c:/st/stm32cubeide_1.7.0/stm32cubeide/plugins/com.st.stm32cube.ide.mcu.externaltools.gnu-tools-for-stm32.9-2020-q2-update.win32_2.0.0.202105311346/tools/bin/../lib/gcc/arm-none-eabi/9.3.1/../../../../arm-none-eabi/lib/thumb/v7e-m+fp/hard\libc_nano.a(lib_a-nano-vfprintf_float.o)
                0x000000000800cfdc                _printf_float
 .text._printf_common
                0x000000000800d448       0xda c:/st/stm32cubeide_1.7.0/stm32cubeide/plugins/com.st.stm32cube.ide.mcu.externaltools.gnu-tools-for-stm32.9-2020-q2-update.win32_2.0.0.202105311346/tools/bin/../lib/gcc/arm-none-eabi/9.3.1/../../../../arm-none-eabi/lib/thumb/v7e-m+fp/hard\libc_nano.a(lib_a-nano-vfprintf_i.o)
                0x000000000800d448                _printf_common
 *fill*         0x000000000800d522        0x2 
 .text._printf_i
                0x000000000800d524      0x24c c:/st/stm32cubeide_1.7.0/stm32cubeide/plugins/com.st.stm32cube.ide.mcu.externaltools.gnu-tools-for-stm32.9-2020-q2-update.win32_2.0.0.202105311346/tools/bin/../lib/gcc/arm-none-eabi/9.3.1/../../../../arm-none-eabi/lib/thumb/v7e-m+fp/hard\libc_nano.a(lib_a-nano-vfprintf_i.o)
                0x000000000800d524                _printf_i
 .text._vsprintf_r
                0x000000000800d770       0x2c c:/st/stm32cubeide_1.7.0/stm32cubeide/plugins/com.st.stm32cube.ide.mcu.externaltools.gnu-tools-for-stm32.9-2020-q2-update.win32_2.0.0.202105311346/tools/bin/../lib/gcc/arm-none-eabi/9.3.1/../../../../arm-none-eabi/lib/thumb/v7e-m+fp/hard\libc_nano.a(lib_a-vsprintf.o)
                0x000000000800d770                _vsprintf_r
                0x000000000800d770                _vsiprintf_r
 .text.vsprintf
                0x000000000800d79c       0x14 c:/st/stm32cubeide_1.7.0/stm32cubeide/plugins/com.st.stm32cube.ide.mcu.externaltools.gnu-tools-for-stm32.9-2020-q2-update.win32_2.0.0.202105311346/tools/bin/../lib/gcc/arm-none-eabi/9.3.1/../../../../arm-none-eabi/lib/thumb/v7e-m+fp/hard\libc_nano.a(lib_a-vsprintf.o)
                0x000000000800d79c                vsiprintf
                0x000000000800d79c                vsprintf
 .text.quorem   0x000000000800d7b0      0x116 c:/st/stm32cubeide_1.7.0/stm32cubeide/plugins/com.st.stm32cube.ide.mcu.externaltools.gnu-tools-for-stm32.9-2020-q2-update.win32_2.0.0.202105311346/tools/bin/../lib/gcc/arm-none-eabi/9.3.1/../../../../arm-none-eabi/lib/thumb/v7e-m+fp/hard\libc_nano.a(lib_a-dtoa.o)
 *fill*         0x000000000800d8c6        0x2 
 .text._dtoa_r  0x000000000800d8c8      0xbd8 c:/st/stm32cubeide_1.7.0/stm32cubeide/plugins/com.st.stm32cube.ide.mcu.externaltools.gnu-tools-for-stm32.9-2020-q2-update.win32_2.0.0.202105311346/tools/bin/../lib/gcc/arm-none-eabi/9.3.1/../../../../arm-none-eabi/lib/thumb/v7e-m+fp/hard\libc_nano.a(lib_a-dtoa.o)
                0x000000000800d8c8                _dtoa_r
 .text._localeconv_r
                0x000000000800e4a0        0x8 c:/st/stm32cubeide_1.7.0/stm32cubeide/plugins/com.st.stm32cube.ide.mcu.externaltools.gnu-tools-for-stm32.9-2020-q2-update.win32_2.0.0.202105311346/tools/bin/../lib/gcc/arm-none-eabi/9.3.1/../../../../arm-none-eabi/lib/thumb/v7e-m+fp/hard\libc_nano.a(lib_a-localeconv.o)
                0x000000000800e4a0                _localeconv_r
 .text.malloc   0x000000000800e4a8       0x10 c:/st/stm32cubeide_1.7.0/stm32cubeide/plugins/com.st.stm32cube.ide.mcu.externaltools.gnu-tools-for-stm32.9-2020-q2-update.win32_2.0.0.202105311346/tools/bin/../lib/gcc/arm-none-eabi/9.3.1/../../../../arm-none-eabi/lib/thumb/v7e-m+fp/hard\libc_nano.a(lib_a-malloc.o)
                0x000000000800e4a8                malloc
 .text._Balloc  0x000000000800e4b8       0x80 c:/st/stm32cubeide_1.7.0/stm32cubeide/plugins/com.st.stm32cube.ide.mcu.externaltools.gnu-tools-for-stm32.9-2020-q2-update.win32_2.0.0.202105311346/tools/bin/../lib/gcc/arm-none-eabi/9.3.1/../../../../arm-none-eabi/lib/thumb/v7e-m+fp/hard\libc_nano.a(lib_a-mprec.o)
                0x000000000800e4b8                _Balloc
 .text._Bfree   0x000000000800e538       0x44 c:/st/stm32cubeide_1.7.0/stm32cubeide/plugins/com.st.stm32cube.ide.mcu.externaltools.gnu-tools-for-stm32.9-2020-q2-update.win32_2.0.0.202105311346/tools/bin/../lib/gcc/arm-none-eabi/9.3.1/../../../../arm-none-eabi/lib/thumb/v7e-m+fp/hard\libc_nano.a(lib_a-mprec.o)
                0x000000000800e538                _Bfree
 .text.__multadd
                0x000000000800e57c       0x94 c:/st/stm32cubeide_1.7.0/stm32cubeide/plugins/com.st.stm32cube.ide.mcu.externaltools.gnu-tools-for-stm32.9-2020-q2-update.win32_2.0.0.202105311346/tools/bin/../lib/gcc/arm-none-eabi/9.3.1/../../../../arm-none-eabi/lib/thumb/v7e-m+fp/hard\libc_nano.a(lib_a-mprec.o)
                0x000000000800e57c                __multadd
 .text.__hi0bits
                0x000000000800e610       0x40 c:/st/stm32cubeide_1.7.0/stm32cubeide/plugins/com.st.stm32cube.ide.mcu.externaltools.gnu-tools-for-stm32.9-2020-q2-update.win32_2.0.0.202105311346/tools/bin/../lib/gcc/arm-none-eabi/9.3.1/../../../../arm-none-eabi/lib/thumb/v7e-m+fp/hard\libc_nano.a(lib_a-mprec.o)
                0x000000000800e610                __hi0bits
 .text.__lo0bits
                0x000000000800e650       0x60 c:/st/stm32cubeide_1.7.0/stm32cubeide/plugins/com.st.stm32cube.ide.mcu.externaltools.gnu-tools-for-stm32.9-2020-q2-update.win32_2.0.0.202105311346/tools/bin/../lib/gcc/arm-none-eabi/9.3.1/../../../../arm-none-eabi/lib/thumb/v7e-m+fp/hard\libc_nano.a(lib_a-mprec.o)
                0x000000000800e650                __lo0bits
 .text.__i2b    0x000000000800e6b0       0x2c c:/st/stm32cubeide_1.7.0/stm32cubeide/plugins/com.st.stm32cube.ide.mcu.externaltools.gnu-tools-for-stm32.9-2020-q2-update.win32_2.0.0.202105311346/tools/bin/../lib/gcc/arm-none-eabi/9.3.1/../../../../arm-none-eabi/lib/thumb/v7e-m+fp/hard\libc_nano.a(lib_a-mprec.o)
                0x000000000800e6b0                __i2b
 .text.__multiply
                0x000000000800e6dc      0x14c c:/st/stm32cubeide_1.7.0/stm32cubeide/plugins/com.st.stm32cube.ide.mcu.externaltools.gnu-tools-for-stm32.9-2020-q2-update.win32_2.0.0.202105311346/tools/bin/../lib/gcc/arm-none-eabi/9.3.1/../../../../arm-none-eabi/lib/thumb/v7e-m+fp/hard\libc_nano.a(lib_a-mprec.o)
                0x000000000800e6dc                __multiply
 .text.__pow5mult
                0x000000000800e828       0xb4 c:/st/stm32cubeide_1.7.0/stm32cubeide/plugins/com.st.stm32cube.ide.mcu.externaltools.gnu-tools-for-stm32.9-2020-q2-update.win32_2.0.0.202105311346/tools/bin/../lib/gcc/arm-none-eabi/9.3.1/../../../../arm-none-eabi/lib/thumb/v7e-m+fp/hard\libc_nano.a(lib_a-mprec.o)
                0x000000000800e828                __pow5mult
 .text.__lshift
                0x000000000800e8dc       0xd8 c:/st/stm32cubeide_1.7.0/stm32cubeide/plugins/com.st.stm32cube.ide.mcu.externaltools.gnu-tools-for-stm32.9-2020-q2-update.win32_2.0.0.202105311346/tools/bin/../lib/gcc/arm-none-eabi/9.3.1/../../../../arm-none-eabi/lib/thumb/v7e-m+fp/hard\libc_nano.a(lib_a-mprec.o)
                0x000000000800e8dc                __lshift
 .text.__mcmp   0x000000000800e9b4       0x38 c:/st/stm32cubeide_1.7.0/stm32cubeide/plugins/com.st.stm32cube.ide.mcu.externaltools.gnu-tools-for-stm32.9-2020-q2-update.win32_2.0.0.202105311346/tools/bin/../lib/gcc/arm-none-eabi/9.3.1/../../../../arm-none-eabi/lib/thumb/v7e-m+fp/hard\libc_nano.a(lib_a-mprec.o)
                0x000000000800e9b4                __mcmp
 .text.__mdiff  0x000000000800e9ec      0x110 c:/st/stm32cubeide_1.7.0/stm32cubeide/plugins/com.st.stm32cube.ide.mcu.externaltools.gnu-tools-for-stm32.9-2020-q2-update.win32_2.0.0.202105311346/tools/bin/../lib/gcc/arm-none-eabi/9.3.1/../../../../arm-none-eabi/lib/thumb/v7e-m+fp/hard\libc_nano.a(lib_a-mprec.o)
                0x000000000800e9ec                __mdiff
 .text.__d2b    0x000000000800eafc       0xb8 c:/st/stm32cubeide_1.7.0/stm32cubeide/plugins/com.st.stm32cube.ide.mcu.externaltools.gnu-tools-for-stm32.9-2020-q2-update.win32_2.0.0.202105311346/tools/bin/../lib/gcc/arm-none-eabi/9.3.1/../../../../arm-none-eabi/lib/thumb/v7e-m+fp/hard\libc_nano.a(lib_a-mprec.o)
                0x000000000800eafc                __d2b
 .text._calloc_r
                0x000000000800ebb4       0x1e c:/st/stm32cubeide_1.7.0/stm32cubeide/plugins/com.st.stm32cube.ide.mcu.externaltools.gnu-tools-for-stm32.9-2020-q2-update.win32_2.0.0.202105311346/tools/bin/../lib/gcc/arm-none-eabi/9.3.1/../../../../arm-none-eabi/lib/thumb/v7e-m+fp/hard\libc_nano.a(lib_a-nano-callocr.o)
                0x000000000800ebb4                _calloc_r
 *fill*         0x000000000800ebd2        0x2 
 .text._free_r  0x000000000800ebd4       0xa0 c:/st/stm32cubeide_1.7.0/stm32cubeide/plugins/com.st.stm32cube.ide.mcu.externaltools.gnu-tools-for-stm32.9-2020-q2-update.win32_2.0.0.202105311346/tools/bin/../lib/gcc/arm-none-eabi/9.3.1/../../../../arm-none-eabi/lib/thumb/v7e-m+fp/hard\libc_nano.a(lib_a-nano-freer.o)
                0x000000000800ebd4                _free_r
 .text._malloc_r
                0x000000000800ec74       0xb4 c:/st/stm32cubeide_1.7.0/stm32cubeide/plugins/com.st.stm32cube.ide.mcu.externaltools.gnu-tools-for-stm32.9-2020-q2-update.win32_2.0.0.202105311346/tools/bin/../lib/gcc/arm-none-eabi/9.3.1/../../../../arm-none-eabi/lib/thumb/v7e-m+fp/hard\libc_nano.a(lib_a-nano-mallocr.o)
                0x000000000800ec74                _malloc_r
 .text.__ssputs_r
                0x000000000800ed28       0xb6 c:/st/stm32cubeide_1.7.0/stm32cubeide/plugins/com.st.stm32cube.ide.mcu.externaltools.gnu-tools-for-stm32.9-2020-q2-update.win32_2.0.0.202105311346/tools/bin/../lib/gcc/arm-none-eabi/9.3.1/../../../../arm-none-eabi/lib/thumb/v7e-m+fp/hard\libc_nano.a(lib_a-nano-svfprintf.o)
                0x000000000800ed28                __ssputs_r
 *fill*         0x000000000800edde        0x2 
 .text._svfprintf_r
                0x000000000800ede0      0x200 c:/st/stm32cubeide_1.7.0/stm32cubeide/plugins/com.st.stm32cube.ide.mcu.externaltools.gnu-tools-for-stm32.9-2020-q2-update.win32_2.0.0.202105311346/tools/bin/../lib/gcc/arm-none-eabi/9.3.1/../../../../arm-none-eabi/lib/thumb/v7e-m+fp/hard\libc_nano.a(lib_a-nano-svfprintf.o)
                0x000000000800ede0                _svfiprintf_r
                0x000000000800ede0                _svfprintf_r
 .text._sbrk_r  0x000000000800efe0       0x20 c:/st/stm32cubeide_1.7.0/stm32cubeide/plugins/com.st.stm32cube.ide.mcu.externaltools.gnu-tools-for-stm32.9-2020-q2-update.win32_2.0.0.202105311346/tools/bin/../lib/gcc/arm-none-eabi/9.3.1/../../../../arm-none-eabi/lib/thumb/v7e-m+fp/hard\libc_nano.a(lib_a-sbrkr.o)
                0x000000000800efe0                _sbrk_r
 .text.__assert_func
                0x000000000800f000       0x3c c:/st/stm32cubeide_1.7.0/stm32cubeide/plugins/com.st.stm32cube.ide.mcu.externaltools.gnu-tools-for-stm32.9-2020-q2-update.win32_2.0.0.202105311346/tools/bin/../lib/gcc/arm-none-eabi/9.3.1/../../../../arm-none-eabi/lib/thumb/v7e-m+fp/hard\libc_nano.a(lib_a-assert.o)
                0x000000000800f000                __assert_func
 .text.fprintf  0x000000000800f03c       0x24 c:/st/stm32cubeide_1.7.0/stm32cubeide/plugins/com.st.stm32cube.ide.mcu.externaltools.gnu-tools-for-stm32.9-2020-q2-update.win32_2.0.0.202105311346/tools/bin/../lib/gcc/arm-none-eabi/9.3.1/../../../../arm-none-eabi/lib/thumb/v7e-m+fp/hard\libc_nano.a(lib_a-fprintf.o)
                0x000000000800f03c                fiprintf
                0x000000000800f03c                fprintf
 .text.__ascii_mbtowc
                0x000000000800f060       0x24 c:/st/stm32cubeide_1.7.0/stm32cubeide/plugins/com.st.stm32cube.ide.mcu.externaltools.gnu-tools-for-stm32.9-2020-q2-update.win32_2.0.0.202105311346/tools/bin/../lib/gcc/arm-none-eabi/9.3.1/../../../../arm-none-eabi/lib/thumb/v7e-m+fp/hard\libc_nano.a(lib_a-mbtowc_r.o)
                0x000000000800f060                __ascii_mbtowc
 .text.__malloc_lock
                0x000000000800f084        0xc c:/st/stm32cubeide_1.7.0/stm32cubeide/plugins/com.st.stm32cube.ide.mcu.externaltools.gnu-tools-for-stm32.9-2020-q2-update.win32_2.0.0.202105311346/tools/bin/../lib/gcc/arm-none-eabi/9.3.1/../../../../arm-none-eabi/lib/thumb/v7e-m+fp/hard\libc_nano.a(lib_a-mlock.o)
                0x000000000800f084                __malloc_lock
 .text.__malloc_unlock
                0x000000000800f090        0xc c:/st/stm32cubeide_1.7.0/stm32cubeide/plugins/com.st.stm32cube.ide.mcu.externaltools.gnu-tools-for-stm32.9-2020-q2-update.win32_2.0.0.202105311346/tools/bin/../lib/gcc/arm-none-eabi/9.3.1/../../../../arm-none-eabi/lib/thumb/v7e-m+fp/hard\libc_nano.a(lib_a-mlock.o)
                0x000000000800f090                __malloc_unlock
 .text._realloc_r
                0x000000000800f09c       0x4c c:/st/stm32cubeide_1.7.0/stm32cubeide/plugins/com.st.stm32cube.ide.mcu.externaltools.gnu-tools-for-stm32.9-2020-q2-update.win32_2.0.0.202105311346/tools/bin/../lib/gcc/arm-none-eabi/9.3.1/../../../../arm-none-eabi/lib/thumb/v7e-m+fp/hard\libc_nano.a(lib_a-nano-reallocr.o)
                0x000000000800f09c                _realloc_r
 .text.__sfputc_r
                0x000000000800f0e8       0x2e c:/st/stm32cubeide_1.7.0/stm32cubeide/plugins/com.st.stm32cube.ide.mcu.externaltools.gnu-tools-for-stm32.9-2020-q2-update.win32_2.0.0.202105311346/tools/bin/../lib/gcc/arm-none-eabi/9.3.1/../../../../arm-none-eabi/lib/thumb/v7e-m+fp/hard\libc_nano.a(lib_a-nano-vfprintf.o)
 .text.__sfputs_r
                0x000000000800f116       0x24 c:/st/stm32cubeide_1.7.0/stm32cubeide/plugins/com.st.stm32cube.ide.mcu.externaltools.gnu-tools-for-stm32.9-2020-q2-update.win32_2.0.0.202105311346/tools/bin/../lib/gcc/arm-none-eabi/9.3.1/../../../../arm-none-eabi/lib/thumb/v7e-m+fp/hard\libc_nano.a(lib_a-nano-vfprintf.o)
                0x000000000800f116                __sfputs_r
 *fill*         0x000000000800f13a        0x2 
 .text._vfprintf_r
                0x000000000800f13c      0x260 c:/st/stm32cubeide_1.7.0/stm32cubeide/plugins/com.st.stm32cube.ide.mcu.externaltools.gnu-tools-for-stm32.9-2020-q2-update.win32_2.0.0.202105311346/tools/bin/../lib/gcc/arm-none-eabi/9.3.1/../../../../arm-none-eabi/lib/thumb/v7e-m+fp/hard\libc_nano.a(lib_a-nano-vfprintf.o)
                0x000000000800f13c                _vfprintf_r
                0x000000000800f13c                _vfiprintf_r
 .text.__swbuf_r
                0x000000000800f39c       0xa4 c:/st/stm32cubeide_1.7.0/stm32cubeide/plugins/com.st.stm32cube.ide.mcu.externaltools.gnu-tools-for-stm32.9-2020-q2-update.win32_2.0.0.202105311346/tools/bin/../lib/gcc/arm-none-eabi/9.3.1/../../../../arm-none-eabi/lib/thumb/v7e-m+fp/hard\libc_nano.a(lib_a-wbuf.o)
                0x000000000800f39c                __swbuf_r
 .text.__ascii_wctomb
                0x000000000800f440       0x1a c:/st/stm32cubeide_1.7.0/stm32cubeide/plugins/com.st.stm32cube.ide.mcu.externaltools.gnu-tools-for-stm32.9-2020-q2-update.win32_2.0.0.202105311346/tools/bin/../lib/gcc/arm-none-eabi/9.3.1/../../../../arm-none-eabi/lib/thumb/v7e-m+fp/hard\libc_nano.a(lib_a-wctomb_r.o)
                0x000000000800f440                __ascii_wctomb
 *fill*         0x000000000800f45a        0x2 
 .text.__swsetup_r
                0x000000000800f45c       0xdc c:/st/stm32cubeide_1.7.0/stm32cubeide/plugins/com.st.stm32cube.ide.mcu.externaltools.gnu-tools-for-stm32.9-2020-q2-update.win32_2.0.0.202105311346/tools/bin/../lib/gcc/arm-none-eabi/9.3.1/../../../../arm-none-eabi/lib/thumb/v7e-m+fp/hard\libc_nano.a(lib_a-wsetup.o)
                0x000000000800f45c                __swsetup_r
 .text.abort    0x000000000800f538        0xe c:/st/stm32cubeide_1.7.0/stm32cubeide/plugins/com.st.stm32cube.ide.mcu.externaltools.gnu-tools-for-stm32.9-2020-q2-update.win32_2.0.0.202105311346/tools/bin/../lib/gcc/arm-none-eabi/9.3.1/../../../../arm-none-eabi/lib/thumb/v7e-m+fp/hard\libc_nano.a(lib_a-abort.o)
                0x000000000800f538                abort
 *fill*         0x000000000800f546        0x2 
 .text.__sflush_r
                0x000000000800f548      0x10c c:/st/stm32cubeide_1.7.0/stm32cubeide/plugins/com.st.stm32cube.ide.mcu.externaltools.gnu-tools-for-stm32.9-2020-q2-update.win32_2.0.0.202105311346/tools/bin/../lib/gcc/arm-none-eabi/9.3.1/../../../../arm-none-eabi/lib/thumb/v7e-m+fp/hard\libc_nano.a(lib_a-fflush.o)
                0x000000000800f548                __sflush_r
 .text._fflush_r
                0x000000000800f654       0x78 c:/st/stm32cubeide_1.7.0/stm32cubeide/plugins/com.st.stm32cube.ide.mcu.externaltools.gnu-tools-for-stm32.9-2020-q2-update.win32_2.0.0.202105311346/tools/bin/../lib/gcc/arm-none-eabi/9.3.1/../../../../arm-none-eabi/lib/thumb/v7e-m+fp/hard\libc_nano.a(lib_a-fflush.o)
                0x000000000800f654                _fflush_r
 .text.std      0x000000000800f6cc       0x48 c:/st/stm32cubeide_1.7.0/stm32cubeide/plugins/com.st.stm32cube.ide.mcu.externaltools.gnu-tools-for-stm32.9-2020-q2-update.win32_2.0.0.202105311346/tools/bin/../lib/gcc/arm-none-eabi/9.3.1/../../../../arm-none-eabi/lib/thumb/v7e-m+fp/hard\libc_nano.a(lib_a-findfp.o)
 .text._cleanup_r
                0x000000000800f714        0xc c:/st/stm32cubeide_1.7.0/stm32cubeide/plugins/com.st.stm32cube.ide.mcu.externaltools.gnu-tools-for-stm32.9-2020-q2-update.win32_2.0.0.202105311346/tools/bin/../lib/gcc/arm-none-eabi/9.3.1/../../../../arm-none-eabi/lib/thumb/v7e-m+fp/hard\libc_nano.a(lib_a-findfp.o)
                0x000000000800f714                _cleanup_r
 .text.__sfmoreglue
                0x000000000800f720       0x2c c:/st/stm32cubeide_1.7.0/stm32cubeide/plugins/com.st.stm32cube.ide.mcu.externaltools.gnu-tools-for-stm32.9-2020-q2-update.win32_2.0.0.202105311346/tools/bin/../lib/gcc/arm-none-eabi/9.3.1/../../../../arm-none-eabi/lib/thumb/v7e-m+fp/hard\libc_nano.a(lib_a-findfp.o)
                0x000000000800f720                __sfmoreglue
 .text.__sfp_lock_acquire
                0x000000000800f74c        0xc c:/st/stm32cubeide_1.7.0/stm32cubeide/plugins/com.st.stm32cube.ide.mcu.externaltools.gnu-tools-for-stm32.9-2020-q2-update.win32_2.0.0.202105311346/tools/bin/../lib/gcc/arm-none-eabi/9.3.1/../../../../arm-none-eabi/lib/thumb/v7e-m+fp/hard\libc_nano.a(lib_a-findfp.o)
                0x000000000800f74c                __sfp_lock_acquire
 .text.__sfp_lock_release
                0x000000000800f758        0xc c:/st/stm32cubeide_1.7.0/stm32cubeide/plugins/com.st.stm32cube.ide.mcu.externaltools.gnu-tools-for-stm32.9-2020-q2-update.win32_2.0.0.202105311346/tools/bin/../lib/gcc/arm-none-eabi/9.3.1/../../../../arm-none-eabi/lib/thumb/v7e-m+fp/hard\libc_nano.a(lib_a-findfp.o)
                0x000000000800f758                __sfp_lock_release
 .text.__sinit_lock_acquire
                0x000000000800f764        0xc c:/st/stm32cubeide_1.7.0/stm32cubeide/plugins/com.st.stm32cube.ide.mcu.externaltools.gnu-tools-for-stm32.9-2020-q2-update.win32_2.0.0.202105311346/tools/bin/../lib/gcc/arm-none-eabi/9.3.1/../../../../arm-none-eabi/lib/thumb/v7e-m+fp/hard\libc_nano.a(lib_a-findfp.o)
                0x000000000800f764                __sinit_lock_acquire
 .text.__sinit_lock_release
                0x000000000800f770        0xc c:/st/stm32cubeide_1.7.0/stm32cubeide/plugins/com.st.stm32cube.ide.mcu.externaltools.gnu-tools-for-stm32.9-2020-q2-update.win32_2.0.0.202105311346/tools/bin/../lib/gcc/arm-none-eabi/9.3.1/../../../../arm-none-eabi/lib/thumb/v7e-m+fp/hard\libc_nano.a(lib_a-findfp.o)
                0x000000000800f770                __sinit_lock_release
 .text.__sinit  0x000000000800f77c       0x70 c:/st/stm32cubeide_1.7.0/stm32cubeide/plugins/com.st.stm32cube.ide.mcu.externaltools.gnu-tools-for-stm32.9-2020-q2-update.win32_2.0.0.202105311346/tools/bin/../lib/gcc/arm-none-eabi/9.3.1/../../../../arm-none-eabi/lib/thumb/v7e-m+fp/hard\libc_nano.a(lib_a-findfp.o)
                0x000000000800f77c                __sinit
 .text.__sfp    0x000000000800f7ec       0x8c c:/st/stm32cubeide_1.7.0/stm32cubeide/plugins/com.st.stm32cube.ide.mcu.externaltools.gnu-tools-for-stm32.9-2020-q2-update.win32_2.0.0.202105311346/tools/bin/../lib/gcc/arm-none-eabi/9.3.1/../../../../arm-none-eabi/lib/thumb/v7e-m+fp/hard\libc_nano.a(lib_a-findfp.o)
                0x000000000800f7ec                __sfp
 .text._fwalk_reent
                0x000000000800f878       0x3e c:/st/stm32cubeide_1.7.0/stm32cubeide/plugins/com.st.stm32cube.ide.mcu.externaltools.gnu-tools-for-stm32.9-2020-q2-update.win32_2.0.0.202105311346/tools/bin/../lib/gcc/arm-none-eabi/9.3.1/../../../../arm-none-eabi/lib/thumb/v7e-m+fp/hard\libc_nano.a(lib_a-fwalk.o)
                0x000000000800f878                _fwalk_reent
 .text.__retarget_lock_init_recursive
                0x000000000800f8b6        0x2 c:/st/stm32cubeide_1.7.0/stm32cubeide/plugins/com.st.stm32cube.ide.mcu.externaltools.gnu-tools-for-stm32.9-2020-q2-update.win32_2.0.0.202105311346/tools/bin/../lib/gcc/arm-none-eabi/9.3.1/../../../../arm-none-eabi/lib/thumb/v7e-m+fp/hard\libc_nano.a(lib_a-lock.o)
                0x000000000800f8b6                __retarget_lock_init_recursive
 .text.__retarget_lock_acquire_recursive
                0x000000000800f8b8        0x2 c:/st/stm32cubeide_1.7.0/stm32cubeide/plugins/com.st.stm32cube.ide.mcu.externaltools.gnu-tools-for-stm32.9-2020-q2-update.win32_2.0.0.202105311346/tools/bin/../lib/gcc/arm-none-eabi/9.3.1/../../../../arm-none-eabi/lib/thumb/v7e-m+fp/hard\libc_nano.a(lib_a-lock.o)
                0x000000000800f8b8                __retarget_lock_acquire_recursive
 .text.__retarget_lock_release_recursive
                0x000000000800f8ba        0x2 c:/st/stm32cubeide_1.7.0/stm32cubeide/plugins/com.st.stm32cube.ide.mcu.externaltools.gnu-tools-for-stm32.9-2020-q2-update.win32_2.0.0.202105311346/tools/bin/../lib/gcc/arm-none-eabi/9.3.1/../../../../arm-none-eabi/lib/thumb/v7e-m+fp/hard\libc_nano.a(lib_a-lock.o)
                0x000000000800f8ba                __retarget_lock_release_recursive
 .text.__swhatbuf_r
                0x000000000800f8bc       0x48 c:/st/stm32cubeide_1.7.0/stm32cubeide/plugins/com.st.stm32cube.ide.mcu.externaltools.gnu-tools-for-stm32.9-2020-q2-update.win32_2.0.0.202105311346/tools/bin/../lib/gcc/arm-none-eabi/9.3.1/../../../../arm-none-eabi/lib/thumb/v7e-m+fp/hard\libc_nano.a(lib_a-makebuf.o)
                0x000000000800f8bc                __swhatbuf_r
 .text.__smakebuf_r
                0x000000000800f904       0x80 c:/st/stm32cubeide_1.7.0/stm32cubeide/plugins/com.st.stm32cube.ide.mcu.externaltools.gnu-tools-for-stm32.9-2020-q2-update.win32_2.0.0.202105311346/tools/bin/../lib/gcc/arm-none-eabi/9.3.1/../../../../arm-none-eabi/lib/thumb/v7e-m+fp/hard\libc_nano.a(lib_a-makebuf.o)
                0x000000000800f904                __smakebuf_r
 .text._malloc_usable_size_r
                0x000000000800f984       0x10 c:/st/stm32cubeide_1.7.0/stm32cubeide/plugins/com.st.stm32cube.ide.mcu.externaltools.gnu-tools-for-stm32.9-2020-q2-update.win32_2.0.0.202105311346/tools/bin/../lib/gcc/arm-none-eabi/9.3.1/../../../../arm-none-eabi/lib/thumb/v7e-m+fp/hard\libc_nano.a(lib_a-nano-msizer.o)
                0x000000000800f984                _malloc_usable_size_r
 .text._raise_r
                0x000000000800f994       0x50 c:/st/stm32cubeide_1.7.0/stm32cubeide/plugins/com.st.stm32cube.ide.mcu.externaltools.gnu-tools-for-stm32.9-2020-q2-update.win32_2.0.0.202105311346/tools/bin/../lib/gcc/arm-none-eabi/9.3.1/../../../../arm-none-eabi/lib/thumb/v7e-m+fp/hard\libc_nano.a(lib_a-signal.o)
                0x000000000800f994                _raise_r
 .text.raise    0x000000000800f9e4       0x10 c:/st/stm32cubeide_1.7.0/stm32cubeide/plugins/com.st.stm32cube.ide.mcu.externaltools.gnu-tools-for-stm32.9-2020-q2-update.win32_2.0.0.202105311346/tools/bin/../lib/gcc/arm-none-eabi/9.3.1/../../../../arm-none-eabi/lib/thumb/v7e-m+fp/hard\libc_nano.a(lib_a-signal.o)
                0x000000000800f9e4                raise
 .text._kill_r  0x000000000800f9f4       0x24 c:/st/stm32cubeide_1.7.0/stm32cubeide/plugins/com.st.stm32cube.ide.mcu.externaltools.gnu-tools-for-stm32.9-2020-q2-update.win32_2.0.0.202105311346/tools/bin/../lib/gcc/arm-none-eabi/9.3.1/../../../../arm-none-eabi/lib/thumb/v7e-m+fp/hard\libc_nano.a(lib_a-signalr.o)
                0x000000000800f9f4                _kill_r
 .text._getpid_r
                0x000000000800fa18        0x4 c:/st/stm32cubeide_1.7.0/stm32cubeide/plugins/com.st.stm32cube.ide.mcu.externaltools.gnu-tools-for-stm32.9-2020-q2-update.win32_2.0.0.202105311346/tools/bin/../lib/gcc/arm-none-eabi/9.3.1/../../../../arm-none-eabi/lib/thumb/v7e-m+fp/hard\libc_nano.a(lib_a-signalr.o)
                0x000000000800fa18                _getpid_r
 .text.__sread  0x000000000800fa1c       0x22 c:/st/stm32cubeide_1.7.0/stm32cubeide/plugins/com.st.stm32cube.ide.mcu.externaltools.gnu-tools-for-stm32.9-2020-q2-update.win32_2.0.0.202105311346/tools/bin/../lib/gcc/arm-none-eabi/9.3.1/../../../../arm-none-eabi/lib/thumb/v7e-m+fp/hard\libc_nano.a(lib_a-stdio.o)
                0x000000000800fa1c                __sread
 .text.__swrite
                0x000000000800fa3e       0x38 c:/st/stm32cubeide_1.7.0/stm32cubeide/plugins/com.st.stm32cube.ide.mcu.externaltools.gnu-tools-for-stm32.9-2020-q2-update.win32_2.0.0.202105311346/tools/bin/../lib/gcc/arm-none-eabi/9.3.1/../../../../arm-none-eabi/lib/thumb/v7e-m+fp/hard\libc_nano.a(lib_a-stdio.o)
                0x000000000800fa3e                __swrite
 .text.__sseek  0x000000000800fa76       0x24 c:/st/stm32cubeide_1.7.0/stm32cubeide/plugins/com.st.stm32cube.ide.mcu.externaltools.gnu-tools-for-stm32.9-2020-q2-update.win32_2.0.0.202105311346/tools/bin/../lib/gcc/arm-none-eabi/9.3.1/../../../../arm-none-eabi/lib/thumb/v7e-m+fp/hard\libc_nano.a(lib_a-stdio.o)
                0x000000000800fa76                __sseek
 .text.__sclose
                0x000000000800fa9a        0x8 c:/st/stm32cubeide_1.7.0/stm32cubeide/plugins/com.st.stm32cube.ide.mcu.externaltools.gnu-tools-for-stm32.9-2020-q2-update.win32_2.0.0.202105311346/tools/bin/../lib/gcc/arm-none-eabi/9.3.1/../../../../arm-none-eabi/lib/thumb/v7e-m+fp/hard\libc_nano.a(lib_a-stdio.o)
                0x000000000800fa9a                __sclose
 *fill*         0x000000000800faa2        0x2 
 .text._write_r
                0x000000000800faa4       0x24 c:/st/stm32cubeide_1.7.0/stm32cubeide/plugins/com.st.stm32cube.ide.mcu.externaltools.gnu-tools-for-stm32.9-2020-q2-update.win32_2.0.0.202105311346/tools/bin/../lib/gcc/arm-none-eabi/9.3.1/../../../../arm-none-eabi/lib/thumb/v7e-m+fp/hard\libc_nano.a(lib_a-writer.o)
                0x000000000800faa4                _write_r
 .text._close_r
                0x000000000800fac8       0x20 c:/st/stm32cubeide_1.7.0/stm32cubeide/plugins/com.st.stm32cube.ide.mcu.externaltools.gnu-tools-for-stm32.9-2020-q2-update.win32_2.0.0.202105311346/tools/bin/../lib/gcc/arm-none-eabi/9.3.1/../../../../arm-none-eabi/lib/thumb/v7e-m+fp/hard\libc_nano.a(lib_a-closer.o)
                0x000000000800fac8                _close_r
 .text._fstat_r
                0x000000000800fae8       0x24 c:/st/stm32cubeide_1.7.0/stm32cubeide/plugins/com.st.stm32cube.ide.mcu.externaltools.gnu-tools-for-stm32.9-2020-q2-update.win32_2.0.0.202105311346/tools/bin/../lib/gcc/arm-none-eabi/9.3.1/../../../../arm-none-eabi/lib/thumb/v7e-m+fp/hard\libc_nano.a(lib_a-fstatr.o)
                0x000000000800fae8                _fstat_r
 .text._isatty_r
                0x000000000800fb0c       0x20 c:/st/stm32cubeide_1.7.0/stm32cubeide/plugins/com.st.stm32cube.ide.mcu.externaltools.gnu-tools-for-stm32.9-2020-q2-update.win32_2.0.0.202105311346/tools/bin/../lib/gcc/arm-none-eabi/9.3.1/../../../../arm-none-eabi/lib/thumb/v7e-m+fp/hard\libc_nano.a(lib_a-isattyr.o)
                0x000000000800fb0c                _isatty_r
 .text._lseek_r
                0x000000000800fb2c       0x24 c:/st/stm32cubeide_1.7.0/stm32cubeide/plugins/com.st.stm32cube.ide.mcu.externaltools.gnu-tools-for-stm32.9-2020-q2-update.win32_2.0.0.202105311346/tools/bin/../lib/gcc/arm-none-eabi/9.3.1/../../../../arm-none-eabi/lib/thumb/v7e-m+fp/hard\libc_nano.a(lib_a-lseekr.o)
                0x000000000800fb2c                _lseek_r
 .text._read_r  0x000000000800fb50       0x24 c:/st/stm32cubeide_1.7.0/stm32cubeide/plugins/com.st.stm32cube.ide.mcu.externaltools.gnu-tools-for-stm32.9-2020-q2-update.win32_2.0.0.202105311346/tools/bin/../lib/gcc/arm-none-eabi/9.3.1/../../../../arm-none-eabi/lib/thumb/v7e-m+fp/hard\libc_nano.a(lib_a-readr.o)
                0x000000000800fb50                _read_r
 *fill*         0x000000000800fb74        0x4 
 .text.atan     0x000000000800fb78      0x340 c:/st/stm32cubeide_1.7.0/stm32cubeide/plugins/com.st.stm32cube.ide.mcu.externaltools.gnu-tools-for-stm32.9-2020-q2-update.win32_2.0.0.202105311346/tools/bin/../lib/gcc/arm-none-eabi/9.3.1/../../../../arm-none-eabi/lib/thumb/v7e-m+fp/hard\libm.a(lib_a-s_atan.o)
                0x000000000800fb78                atan
 .text.fabs     0x000000000800feb8       0x12 c:/st/stm32cubeide_1.7.0/stm32cubeide/plugins/com.st.stm32cube.ide.mcu.externaltools.gnu-tools-for-stm32.9-2020-q2-update.win32_2.0.0.202105311346/tools/bin/../lib/gcc/arm-none-eabi/9.3.1/../../../../arm-none-eabi/lib/thumb/v7e-m+fp/hard\libm.a(lib_a-s_fabs.o)
                0x000000000800feb8                fabs
 *fill*         0x000000000800feca        0x2 