inv_mpu.c:664:12:set_int_enable	40	static
inv_mpu.c:696:5:mpu_reg_dump	32	static
inv_mpu.c:718:5:mpu_read_reg	32	static
inv_mpu.c:740:5:mpu_init	32	static
inv_mpu.c:834:5:mpu_lp_accel_mode	40	static
inv_mpu.c:918:5:mpu_get_gyro_reg	40	static
inv_mpu.c:941:5:mpu_get_accel_reg	40	static
inv_mpu.c:964:5:mpu_get_temperature	40	static
inv_mpu.c:990:5:mpu_read_6500_accel_bias	40	static
inv_mpu.c:1012:5:mpu_read_6050_accel_bias	40	static
inv_mpu.c:1026:5:mpu_read_6500_gyro_bias	40	static
inv_mpu.c:1048:5:mpu_set_gyro_bias_reg	48	static
inv_mpu.c:1078:5:mpu_set_accel_bias_6050_reg	56	static
inv_mpu.c:1116:5:mpu_set_accel_bias_6500_reg	56	static
inv_mpu.c:1150:5:mpu_reset_fifo	32	static
inv_mpu.c:1212:5:mpu_get_gyro_fsr	16	static
inv_mpu.c:1239:5:mpu_set_gyro_fsr	40	static
inv_mpu.c:1276:5:mpu_get_accel_fsr	16	static
inv_mpu.c:1304:5:mpu_set_accel_fsr	40	static
inv_mpu.c:1341:5:mpu_get_lpf	16	static
inv_mpu.c:1377:5:mpu_set_lpf	40	static
inv_mpu.c:1410:5:mpu_get_sample_rate	16	static
inv_mpu.c:1425:5:mpu_set_sample_rate	40	static
inv_mpu.c:1472:5:mpu_get_compass_sample_rate	16	static
inv_mpu.c:1494:5:mpu_set_compass_sample_rate	16	static
inv_mpu.c:1516:5:mpu_get_gyro_sens	16	static
inv_mpu.c:1542:5:mpu_get_accel_sens	16	static
inv_mpu.c:1574:5:mpu_get_fifo_config	16	static
inv_mpu.c:1589:5:mpu_configure_fifo	24	static
inv_mpu.c:1631:5:mpu_get_power_state	16	static
inv_mpu.c:1650:5:mpu_set_sensors	40	static
inv_mpu.c:1727:5:mpu_get_int_status	40	static
inv_mpu.c:1756:5:mpu_read_fifo	64	static
inv_mpu.c:1837:5:mpu_read_fifo_stream	48	static
inv_mpu.c:1875:5:mpu_set_bypass	40	static
inv_mpu.c:1925:5:mpu_set_int_level	16	static
inv_mpu.c:1937:5:mpu_set_int_latched	40	static
inv_mpu.c:1958:12:get_accel_prod_shift	48	static
inv_mpu.c:1983:12:accel_self_test	48	static
inv_mpu.c:2003:12:gyro_self_test	56	static
inv_mpu.c:2098:12:get_st_biases	128	static
inv_mpu.c:2701:5:mpu_run_self_test	64	static
inv_mpu.c:2805:5:mpu_write_mem	40	static
inv_mpu.c:2838:5:mpu_read_mem	40	static
inv_mpu.c:2870:5:mpu_load_firmware	64	static
inv_mpu.c:2911:5:mpu_set_dmp_state	40	static
inv_mpu.c:2950:5:mpu_get_dmp_state	16	static
inv_mpu.c:3066:5:mpu_get_compass_reg	16	static
inv_mpu.c:3119:5:mpu_get_compass_fsr	16	static
inv_mpu.c:3167:5:mpu_lp_motion_interrupt	24	static
