inv_mpu_dmp_motion_driver.c:536:5:dmp_load_motion_driver_firmware	8	static
inv_mpu_dmp_motion_driver.c:549:5:dmp_set_orientation	40	static
inv_mpu_dmp_motion_driver.c:604:5:dmp_set_gyro_bias	32	static
inv_mpu_dmp_motion_driver.c:656:5:dmp_set_accel_bias	56	static
inv_mpu_dmp_motion_driver.c:708:5:dmp_set_fifo_rate	40	static
inv_mpu_dmp_motion_driver.c:734:5:dmp_get_fifo_rate	16	static
inv_mpu_dmp_motion_driver.c:746:5:dmp_set_tap_thresh	32	static
inv_mpu_dmp_motion_driver.c:812:5:dmp_set_tap_axes	24	static
inv_mpu_dmp_motion_driver.c:830:5:dmp_set_tap_count	24	static
inv_mpu_dmp_motion_driver.c:848:5:dmp_set_tap_time	24	static
inv_mpu_dmp_motion_driver.c:864:5:dmp_set_tap_time_multi	24	static
inv_mpu_dmp_motion_driver.c:882:5:dmp_set_shake_reject_thresh	24	static
inv_mpu_dmp_motion_driver.c:901:5:dmp_set_shake_reject_time	24	static
inv_mpu_dmp_motion_driver.c:919:5:dmp_set_shake_reject_timeout	24	static
inv_mpu_dmp_motion_driver.c:934:5:dmp_get_pedometer_step_count	24	static
inv_mpu_dmp_motion_driver.c:955:5:dmp_set_pedometer_step_count	24	static
inv_mpu_dmp_motion_driver.c:971:5:dmp_get_pedometer_walk_time	24	static
inv_mpu_dmp_motion_driver.c:991:5:dmp_set_pedometer_walk_time	24	static
inv_mpu_dmp_motion_driver.c:1021:5:dmp_enable_feature	32	static
inv_mpu_dmp_motion_driver.c:1143:5:dmp_get_enabled_features	16	static
inv_mpu_dmp_motion_driver.c:1158:5:dmp_enable_gyro_cal	40	static
inv_mpu_dmp_motion_driver.c:1176:5:dmp_enable_lp_quat	24	static
inv_mpu_dmp_motion_driver.c:1200:5:dmp_enable_6x_lp_quat	24	static
inv_mpu_dmp_motion_driver.c:1221:12:decode_gesture	24	static
inv_mpu_dmp_motion_driver.c:1253:5:dmp_set_interrupt_mode	40	static
inv_mpu_dmp_motion_driver.c:1292:5:dmp_read_fifo	80	static
inv_mpu_dmp_motion_driver.c:1385:5:dmp_register_tap_cb	16	static
inv_mpu_dmp_motion_driver.c:1396:5:dmp_register_android_orient_cb	16	static
